Archive member included to satisfy reference by file (symbol)

../../Middlewares/ST/STM32_Audio/Addons/PDM/Lib\libPDMFilter_CM7_GCC_wc32.a(pdm_filter.o)
                              Common/common_drivers/Src/pdm_to_pcm.o (PDM_Filter_Init)
c:/st/stm32cubeide_1.6.1/stm32cubeide/plugins/com.st.stm32cube.ide.mcu.externaltools.gnu-tools-for-stm32.9-2020-q2-update.win32_1.5.0.202011040924/tools/bin/../lib/gcc/arm-none-eabi/9.3.1/../../../../arm-none-eabi/lib/thumb/v7e-m+dp/hard\libc_nano.a(lib_a-errno.o)
                              Core/Src/syscalls.o (__errno)
c:/st/stm32cubeide_1.6.1/stm32cubeide/plugins/com.st.stm32cube.ide.mcu.externaltools.gnu-tools-for-stm32.9-2020-q2-update.win32_1.5.0.202011040924/tools/bin/../lib/gcc/arm-none-eabi/9.3.1/../../../../arm-none-eabi/lib/thumb/v7e-m+dp/hard\libc_nano.a(lib_a-exit.o)
                              c:/st/stm32cubeide_1.6.1/stm32cubeide/plugins/com.st.stm32cube.ide.mcu.externaltools.gnu-tools-for-stm32.9-2020-q2-update.win32_1.5.0.202011040924/tools/bin/../lib/gcc/arm-none-eabi/9.3.1/../../../../arm-none-eabi/lib/thumb/v7e-m+dp/hard/crt0.o (exit)
c:/st/stm32cubeide_1.6.1/stm32cubeide/plugins/com.st.stm32cube.ide.mcu.externaltools.gnu-tools-for-stm32.9-2020-q2-update.win32_1.5.0.202011040924/tools/bin/../lib/gcc/arm-none-eabi/9.3.1/../../../../arm-none-eabi/lib/thumb/v7e-m+dp/hard\libc_nano.a(lib_a-impure.o)
                              c:/st/stm32cubeide_1.6.1/stm32cubeide/plugins/com.st.stm32cube.ide.mcu.externaltools.gnu-tools-for-stm32.9-2020-q2-update.win32_1.5.0.202011040924/tools/bin/../lib/gcc/arm-none-eabi/9.3.1/../../../../arm-none-eabi/lib/thumb/v7e-m+dp/hard\libc_nano.a(lib_a-exit.o) (_global_impure_ptr)
c:/st/stm32cubeide_1.6.1/stm32cubeide/plugins/com.st.stm32cube.ide.mcu.externaltools.gnu-tools-for-stm32.9-2020-q2-update.win32_1.5.0.202011040924/tools/bin/../lib/gcc/arm-none-eabi/9.3.1/../../../../arm-none-eabi/lib/thumb/v7e-m+dp/hard\libc_nano.a(lib_a-init.o)
                              c:/st/stm32cubeide_1.6.1/stm32cubeide/plugins/com.st.stm32cube.ide.mcu.externaltools.gnu-tools-for-stm32.9-2020-q2-update.win32_1.5.0.202011040924/tools/bin/../lib/gcc/arm-none-eabi/9.3.1/../../../../arm-none-eabi/lib/thumb/v7e-m+dp/hard/crt0.o (__libc_init_array)
c:/st/stm32cubeide_1.6.1/stm32cubeide/plugins/com.st.stm32cube.ide.mcu.externaltools.gnu-tools-for-stm32.9-2020-q2-update.win32_1.5.0.202011040924/tools/bin/../lib/gcc/arm-none-eabi/9.3.1/../../../../arm-none-eabi/lib/thumb/v7e-m+dp/hard\libc_nano.a(lib_a-memset.o)
                              c:/st/stm32cubeide_1.6.1/stm32cubeide/plugins/com.st.stm32cube.ide.mcu.externaltools.gnu-tools-for-stm32.9-2020-q2-update.win32_1.5.0.202011040924/tools/bin/../lib/gcc/arm-none-eabi/9.3.1/../../../../arm-none-eabi/lib/thumb/v7e-m+dp/hard/crt0.o (memset)
c:/st/stm32cubeide_1.6.1/stm32cubeide/plugins/com.st.stm32cube.ide.mcu.externaltools.gnu-tools-for-stm32.9-2020-q2-update.win32_1.5.0.202011040924/tools/bin/../lib/gcc/arm-none-eabi/9.3.1/../../../../arm-none-eabi/lib/thumb/v7e-m+dp/hard\libm.a(lib_a-sf_pow.o)
                              ../../Middlewares/ST/STM32_Audio/Addons/PDM/Lib\libPDMFilter_CM7_GCC_wc32.a(pdm_filter.o) (powf)
c:/st/stm32cubeide_1.6.1/stm32cubeide/plugins/com.st.stm32cube.ide.mcu.externaltools.gnu-tools-for-stm32.9-2020-q2-update.win32_1.5.0.202011040924/tools/bin/../lib/gcc/arm-none-eabi/9.3.1/../../../../arm-none-eabi/lib/thumb/v7e-m+dp/hard\libm.a(lib_a-sf_pow_log2_data.o)
                              c:/st/stm32cubeide_1.6.1/stm32cubeide/plugins/com.st.stm32cube.ide.mcu.externaltools.gnu-tools-for-stm32.9-2020-q2-update.win32_1.5.0.202011040924/tools/bin/../lib/gcc/arm-none-eabi/9.3.1/../../../../arm-none-eabi/lib/thumb/v7e-m+dp/hard\libm.a(lib_a-sf_pow.o) (__powf_log2_data)
c:/st/stm32cubeide_1.6.1/stm32cubeide/plugins/com.st.stm32cube.ide.mcu.externaltools.gnu-tools-for-stm32.9-2020-q2-update.win32_1.5.0.202011040924/tools/bin/../lib/gcc/arm-none-eabi/9.3.1/../../../../arm-none-eabi/lib/thumb/v7e-m+dp/hard\libm.a(lib_a-math_errf.o)
                              c:/st/stm32cubeide_1.6.1/stm32cubeide/plugins/com.st.stm32cube.ide.mcu.externaltools.gnu-tools-for-stm32.9-2020-q2-update.win32_1.5.0.202011040924/tools/bin/../lib/gcc/arm-none-eabi/9.3.1/../../../../arm-none-eabi/lib/thumb/v7e-m+dp/hard\libm.a(lib_a-sf_pow.o) (__math_uflowf)
c:/st/stm32cubeide_1.6.1/stm32cubeide/plugins/com.st.stm32cube.ide.mcu.externaltools.gnu-tools-for-stm32.9-2020-q2-update.win32_1.5.0.202011040924/tools/bin/../lib/gcc/arm-none-eabi/9.3.1/../../../../arm-none-eabi/lib/thumb/v7e-m+dp/hard\libm.a(lib_a-sf_exp2_data.o)
                              c:/st/stm32cubeide_1.6.1/stm32cubeide/plugins/com.st.stm32cube.ide.mcu.externaltools.gnu-tools-for-stm32.9-2020-q2-update.win32_1.5.0.202011040924/tools/bin/../lib/gcc/arm-none-eabi/9.3.1/../../../../arm-none-eabi/lib/thumb/v7e-m+dp/hard\libm.a(lib_a-sf_pow.o) (__exp2f_data)
[...]
Memory Configuration

Name             Origin             Length             Attributes
RAM              0x0000000024000000 0x0000000000040000 xrw
FLASH            0x0000000008000000 0x0000000000100000 xr
DTCMRAM          0x0000000020000000 0x0000000000020000 xrw
RAM_D2           0x0000000030000000 0x0000000000048000 xrw
RAM_D3           0x0000000038000000 0x0000000000010000 xrw
ITCMRAM          0x0000000000000000 0x0000000000010000 xrw
*default*        0x0000000000000000 0xffffffffffffffff

Linker script and memory map

LOAD c:/st/stm32cubeide_1.6.1/stm32cubeide/plugins/com.st.stm32cube.ide.mcu.externaltools.gnu-tools-for-stm32.9-2020-q2-update.win32_1.5.0.202011040924/tools/bin/../lib/gcc/arm-none-eabi/9.3.1/thumb/v7e-m+dp/hard/crti.o
LOAD c:/st/stm32cubeide_1.6.1/stm32cubeide/plugins/com.st.stm32cube.ide.mcu.externaltools.gnu-tools-for-stm32.9-2020-q2-update.win32_1.5.0.202011040924/tools/bin/../lib/gcc/arm-none-eabi/9.3.1/thumb/v7e-m+dp/hard/crtbegin.o
LOAD c:/st/stm32cubeide_1.6.1/stm32cubeide/plugins/com.st.stm32cube.ide.mcu.externaltools.gnu-tools-for-stm32.9-2020-q2-update.win32_1.5.0.202011040924/tools/bin/../lib/gcc/arm-none-eabi/9.3.1/../../../../arm-none-eabi/lib/thumb/v7e-m+dp/hard/crt0.o
LOAD Common/Src/system_stm32h7xx_dualcore_boot_cm4_cm7.o
LOAD Common/common_drivers/Src/pdm_to_pcm.o
LOAD Core/Src/main.o
LOAD Core/Src/stm32h7xx_hal_msp.o
LOAD Core/Src/stm32h7xx_it.o
LOAD Core/Src/syscalls.o
LOAD Core/Src/sysmem.o
LOAD Core/Startup/startup_stm32h755zitx.o
LOAD Drivers/STM32H7xx_HAL_Driver/stm32h7xx_hal.o
LOAD Drivers/STM32H7xx_HAL_Driver/stm32h7xx_hal_cortex.o
LOAD Drivers/STM32H7xx_HAL_Driver/stm32h7xx_hal_crc.o
LOAD Drivers/STM32H7xx_HAL_Driver/stm32h7xx_hal_crc_ex.o
LOAD Drivers/STM32H7xx_HAL_Driver/stm32h7xx_hal_dma.o
LOAD Drivers/STM32H7xx_HAL_Driver/stm32h7xx_hal_dma_ex.o
LOAD Drivers/STM32H7xx_HAL_Driver/stm32h7xx_hal_exti.o
LOAD Drivers/STM32H7xx_HAL_Driver/stm32h7xx_hal_flash.o
LOAD Drivers/STM32H7xx_HAL_Driver/stm32h7xx_hal_flash_ex.o
LOAD Drivers/STM32H7xx_HAL_Driver/stm32h7xx_hal_gpio.o
LOAD Drivers/STM32H7xx_HAL_Driver/stm32h7xx_hal_hsem.o
LOAD Drivers/STM32H7xx_HAL_Driver/stm32h7xx_hal_i2c.o
LOAD Drivers/STM32H7xx_HAL_Driver/stm32h7xx_hal_i2c_ex.o
LOAD Drivers/STM32H7xx_HAL_Driver/stm32h7xx_hal_mdma.o
LOAD Drivers/STM32H7xx_HAL_Driver/stm32h7xx_hal_pwr.o
LOAD Drivers/STM32H7xx_HAL_Driver/stm32h7xx_hal_pwr_ex.o
LOAD Drivers/STM32H7xx_HAL_Driver/stm32h7xx_hal_rcc.o
LOAD Drivers/STM32H7xx_HAL_Driver/stm32h7xx_hal_rcc_ex.o
LOAD Drivers/STM32H7xx_HAL_Driver/stm32h7xx_hal_sai.o
LOAD Drivers/STM32H7xx_HAL_Driver/stm32h7xx_hal_sai_ex.o
LOAD Drivers/STM32H7xx_HAL_Driver/stm32h7xx_hal_tim.o
LOAD Drivers/STM32H7xx_HAL_Driver/stm32h7xx_hal_tim_ex.o
LOAD Drivers/STM32H7xx_HAL_Driver/stm32h7xx_hal_uart.o
LOAD Drivers/STM32H7xx_HAL_Driver/stm32h7xx_hal_uart_ex.o
LOAD PDM2PCM/App/pdm2pcm.o
LOAD ../../Middlewares/ST/STM32_Audio/Addons/PDM/Lib\libPDMFilter_CM7_GCC_wc32.a
START GROUP
LOAD ../../Middlewares/ST/STM32_Audio/Addons/PDM/Lib\libPDMFilter_CM7_GCC_wc32.a
END GROUP
START GROUP
LOAD c:/st/stm32cubeide_1.6.1/stm32cubeide/plugins/com.st.stm32cube.ide.mcu.externaltools.gnu-tools-for-stm32.9-2020-q2-update.win32_1.5.0.202011040924/tools/bin/../lib/gcc/arm-none-eabi/9.3.1/../../../../arm-none-eabi/lib/thumb/v7e-m+dp/hard\libc_nano.a
LOAD c:/st/stm32cubeide_1.6.1/stm32cubeide/plugins/com.st.stm32cube.ide.mcu.externaltools.gnu-tools-for-stm32.9-2020-q2-update.win32_1.5.0.202011040924/tools/bin/../lib/gcc/arm-none-eabi/9.3.1/../../../../arm-none-eabi/lib/thumb/v7e-m+dp/hard\libm.a
END GROUP
START GROUP
LOAD c:/st/stm32cubeide_1.6.1/stm32cubeide/plugins/com.st.stm32cube.ide.mcu.externaltools.gnu-tools-for-stm32.9-2020-q2-update.win32_1.5.0.202011040924/tools/bin/../lib/gcc/arm-none-eabi/9.3.1/thumb/v7e-m+dp/hard\libgcc.a
LOAD c:/st/stm32cubeide_1.6.1/stm32cubeide/plugins/com.st.stm32cube.ide.mcu.externaltools.gnu-tools-for-stm32.9-2020-q2-update.win32_1.5.0.202011040924/tools/bin/../lib/gcc/arm-none-eabi/9.3.1/../../../../arm-none-eabi/lib/thumb/v7e-m+dp/hard\libc_nano.a
END GROUP
START GROUP
LOAD c:/st/stm32cubeide_1.6.1/stm32cubeide/plugins/com.st.stm32cube.ide.mcu.externaltools.gnu-tools-for-stm32.9-2020-q2-update.win32_1.5.0.202011040924/tools/bin/../lib/gcc/arm-none-eabi/9.3.1/thumb/v7e-m+dp/hard\libgcc.a
LOAD c:/st/stm32cubeide_1.6.1/stm32cubeide/plugins/com.st.stm32cube.ide.mcu.externaltools.gnu-tools-for-stm32.9-2020-q2-update.win32_1.5.0.202011040924/tools/bin/../lib/gcc/arm-none-eabi/9.3.1/../../../../arm-none-eabi/lib/thumb/v7e-m+dp/hard\libc_nano.a
LOAD c:/st/stm32cubeide_1.6.1/stm32cubeide/plugins/com.st.stm32cube.ide.mcu.externaltools.gnu-tools-for-stm32.9-2020-q2-update.win32_1.5.0.202011040924/tools/bin/../lib/gcc/arm-none-eabi/9.3.1/../../../../arm-none-eabi/lib/thumb/v7e-m+dp/hard\libnosys.a
END GROUP
START GROUP
LOAD c:/st/stm32cubeide_1.6.1/stm32cubeide/plugins/com.st.stm32cube.ide.mcu.externaltools.gnu-tools-for-stm32.9-2020-q2-update.win32_1.5.0.202011040924/tools/bin/../lib/gcc/arm-none-eabi/9.3.1/thumb/v7e-m+dp/hard\libgcc.a
LOAD c:/st/stm32cubeide_1.6.1/stm32cubeide/plugins/com.st.stm32cube.ide.mcu.externaltools.gnu-tools-for-stm32.9-2020-q2-update.win32_1.5.0.202011040924/tools/bin/../lib/gcc/arm-none-eabi/9.3.1/../../../../arm-none-eabi/lib/thumb/v7e-m+dp/hard\libc_nano.a
LOAD c:/st/stm32cubeide_1.6.1/stm32cubeide/plugins/com.st.stm32cube.ide.mcu.externaltools.gnu-tools-for-stm32.9-2020-q2-update.win32_1.5.0.202011040924/tools/bin/../lib/gcc/arm-none-eabi/9.3.1/../../../../arm-none-eabi/lib/thumb/v7e-m+dp/hard\libnosys.a
END GROUP
LOAD c:/st/stm32cubeide_1.6.1/stm32cubeide/plugins/com.st.stm32cube.ide.mcu.externaltools.gnu-tools-for-stm32.9-2020-q2-update.win32_1.5.0.202011040924/tools/bin/../lib/gcc/arm-none-eabi/9.3.1/thumb/v7e-m+dp/hard/crtend.o
LOAD c:/st/stm32cubeide_1.6.1/stm32cubeide/plugins/com.st.stm32cube.ide.mcu.externaltools.gnu-tools-for-stm32.9-2020-q2-update.win32_1.5.0.202011040924/tools/bin/../lib/gcc/arm-none-eabi/9.3.1/thumb/v7e-m+dp/hard/crtn.o
                0x0000000024040000                _estack = (ORIGIN (RAM) + LENGTH (RAM))
                0x0000000000000200                _Min_Heap_Size = 0x200
                0x0000000000000400                _Min_Stack_Size = 0x400

.isr_vector     0x0000000008000000      0x298
                0x0000000008000000                . = ALIGN (0x4)
 *(.isr_vector)
 .isr_vector    0x0000000008000000      0x298 Core/Startup/startup_stm32h755zitx.o
                0x0000000008000000                g_pfnVectors
                0x0000000008000298                . = ALIGN (0x4)

.text           0x0000000008000298     0xbb88
                0x0000000008000298                . = ALIGN (0x4)
 *(.text)
 .text          0x0000000008000298       0x40 c:/st/stm32cubeide_1.6.1/stm32cubeide/plugins/com.st.stm32cube.ide.mcu.externaltools.gnu-tools-for-stm32.9-2020-q2-update.win32_1.5.0.202011040924/tools/bin/../lib/gcc/arm-none-eabi/9.3.1/thumb/v7e-m+dp/hard/crtbegin.o
 .text          0x00000000080002d8       0x30 c:/st/stm32cubeide_1.6.1/stm32cubeide/plugins/com.st.stm32cube.ide.mcu.externaltools.gnu-tools-for-stm32.9-2020-q2-update.win32_1.5.0.202011040924/tools/bin/../lib/gcc/arm-none-eabi/9.3.1/thumb/v7e-m+dp/hard\libgcc.a(_aeabi_uldivmod.o)
                0x00000000080002d8                __aeabi_uldivmod
 .text          0x0000000008000308      0x2c4 c:/st/stm32cubeide_1.6.1/stm32cubeide/plugins/com.st.stm32cube.ide.mcu.externaltools.gnu-tools-for-stm32.9-2020-q2-update.win32_1.5.0.202011040924/tools/bin/../lib/gcc/arm-none-eabi/9.3.1/thumb/v7e-m+dp/hard\libgcc.a(_udivmoddi4.o)
                0x0000000008000308                __udivmoddi4
 .text          0x00000000080005cc        0x4 c:/st/stm32cubeide_1.6.1/stm32cubeide/plugins/com.st.stm32cube.ide.mcu.externaltools.gnu-tools-for-stm32.9-2020-q2-update.win32_1.5.0.202011040924/tools/bin/../lib/gcc/arm-none-eabi/9.3.1/thumb/v7e-m+dp/hard\libgcc.a(_dvmd_tls.o)
                0x00000000080005cc                __aeabi_idiv0
                0x00000000080005cc                __aeabi_ldiv0
 *(.text*)
 .text.SystemInit
                0x00000000080005d0      0x134 Common/Src/system_stm32h7xx_dualcore_boot_cm4_cm7.o
                0x00000000080005d0                SystemInit
 .text.pdm_to_pcm
                0x0000000008000704       0xe8 Common/common_drivers/Src/pdm_to_pcm.o
                0x0000000008000704                pdm_to_pcm
 .text.main     0x00000000080007ec      0x240 Core/Src/main.o
                0x00000000080007ec                main
 .text.SystemClock_Config
                0x0000000008000a2c      0x108 Core/Src/main.o
                0x0000000008000a2c                SystemClock_Config
 .text.MX_CRC_Init
                0x0000000008000b34       0x54 Core/Src/main.o
 .text.MX_SAI1_Init
                0x0000000008000b88       0xc4 Core/Src/main.o
 .text.MX_USART3_UART_Init
                0x0000000008000c4c       0xa0 Core/Src/main.o
 .text.MX_DMA_Init
                0x0000000008000cec       0x50 Core/Src/main.o
 .text.MX_GPIO_Init
                0x0000000008000d3c       0x70 Core/Src/main.o
 .text.HAL_SAI_RxHalfCpltCallback
                0x0000000008000dac       0x20 Core/Src/main.o
                0x0000000008000dac                HAL_SAI_RxHalfCpltCallback
 .text.HAL_SAI_RxCpltCallback
                0x0000000008000dcc       0x20 Core/Src/main.o
                0x0000000008000dcc                HAL_SAI_RxCpltCallback
 .text.HAL_UART_TxHalfCpltCallback
                0x0000000008000dec       0x18 Core/Src/main.o
                0x0000000008000dec                HAL_UART_TxHalfCpltCallback
 .text.HAL_UART_TxCpltCallback
                0x0000000008000e04       0x20 Core/Src/main.o
                0x0000000008000e04                HAL_UART_TxCpltCallback
 .text.Error_Handler
                0x0000000008000e24        0xa Core/Src/main.o
                0x0000000008000e24                Error_Handler
 *fill*         0x0000000008000e2e        0x2 
 .text.HAL_MspInit
                0x0000000008000e30       0x34 Core/Src/stm32h7xx_hal_msp.o
                0x0000000008000e30                HAL_MspInit
 .text.HAL_CRC_MspInit
                0x0000000008000e64       0x44 Core/Src/stm32h7xx_hal_msp.o
                0x0000000008000e64                HAL_CRC_MspInit
 .text.HAL_UART_MspInit
                0x0000000008000ea8      0x164 Core/Src/stm32h7xx_hal_msp.o
                0x0000000008000ea8                HAL_UART_MspInit
 .text.HAL_SAI_MspInit
                0x000000000800100c      0x14c Core/Src/stm32h7xx_hal_msp.o
                0x000000000800100c                HAL_SAI_MspInit
 .text.NMI_Handler
                0x0000000008001158        0x6 Core/Src/stm32h7xx_it.o
                0x0000000008001158                NMI_Handler
 .text.HardFault_Handler
                0x000000000800115e        0x6 Core/Src/stm32h7xx_it.o
                0x000000000800115e                HardFault_Handler
 .text.MemManage_Handler
                0x0000000008001164        0x6 Core/Src/stm32h7xx_it.o
                0x0000000008001164                MemManage_Handler
 .text.BusFault_Handler
                0x000000000800116a        0x6 Core/Src/stm32h7xx_it.o
                0x000000000800116a                BusFault_Handler
 .text.UsageFault_Handler
                0x0000000008001170        0x6 Core/Src/stm32h7xx_it.o
                0x0000000008001170                UsageFault_Handler
 .text.SVC_Handler
                0x0000000008001176        0xe Core/Src/stm32h7xx_it.o
                0x0000000008001176                SVC_Handler
 .text.DebugMon_Handler
                0x0000000008001184        0xe Core/Src/stm32h7xx_it.o
                0x0000000008001184                DebugMon_Handler
 .text.PendSV_Handler
                0x0000000008001192        0xe Core/Src/stm32h7xx_it.o
                0x0000000008001192                PendSV_Handler
 .text.SysTick_Handler
                0x00000000080011a0        0xc Core/Src/stm32h7xx_it.o
                0x00000000080011a0                SysTick_Handler
 .text.DMA1_Stream0_IRQHandler
                0x00000000080011ac       0x14 Core/Src/stm32h7xx_it.o
                0x00000000080011ac                DMA1_Stream0_IRQHandler
 .text.DMA1_Stream1_IRQHandler
                0x00000000080011c0       0x14 Core/Src/stm32h7xx_it.o
                0x00000000080011c0                DMA1_Stream1_IRQHandler
 .text.USART3_IRQHandler
                0x00000000080011d4       0x14 Core/Src/stm32h7xx_it.o
                0x00000000080011d4                USART3_IRQHandler
 .text.Reset_Handler
                0x00000000080011e8       0x50 Core/Startup/startup_stm32h755zitx.o
                0x00000000080011e8                Reset_Handler
 .text.Default_Handler
                0x0000000008001238        0x2 Core/Startup/startup_stm32h755zitx.o
                0x0000000008001238                RTC_Alarm_IRQHandler
                0x0000000008001238                HASH_RNG_IRQHandler
                0x0000000008001238                EXTI2_IRQHandler
                0x0000000008001238                TIM8_CC_IRQHandler
                0x0000000008001238                HRTIM1_Master_IRQHandler
                0x0000000008001238                UART8_IRQHandler
                0x0000000008001238                SPI4_IRQHandler
                0x0000000008001238                TIM1_CC_IRQHandler
                0x0000000008001238                BDMA_Channel6_IRQHandler
                0x0000000008001238                DMA2_Stream5_IRQHandler
                0x0000000008001238                HRTIM1_FLT_IRQHandler
                0x0000000008001238                JPEG_IRQHandler
                0x0000000008001238                DMA1_Stream5_IRQHandler
                0x0000000008001238                BDMA_Channel1_IRQHandler
                0x0000000008001238                HRTIM1_TIMD_IRQHandler
                0x0000000008001238                TAMP_STAMP_IRQHandler
                0x0000000008001238                EXTI3_IRQHandler
                0x0000000008001238                LPTIM4_IRQHandler
                0x0000000008001238                TIM8_TRG_COM_TIM14_IRQHandler
                0x0000000008001238                LPTIM2_IRQHandler
                0x0000000008001238                DFSDM1_FLT1_IRQHandler
                0x0000000008001238                DMAMUX2_OVR_IRQHandler
                0x0000000008001238                TIM8_UP_TIM13_IRQHandler
                0x0000000008001238                I2C3_ER_IRQHandler
                0x0000000008001238                DFSDM1_FLT2_IRQHandler
                0x0000000008001238                MDMA_IRQHandler
                0x0000000008001238                LPTIM3_IRQHandler
                0x0000000008001238                HSEM1_IRQHandler
                0x0000000008001238                EXTI0_IRQHandler
                0x0000000008001238                I2C2_EV_IRQHandler
                0x0000000008001238                DMA1_Stream2_IRQHandler
                0x0000000008001238                FPU_IRQHandler
                0x0000000008001238                OTG_HS_WKUP_IRQHandler
                0x0000000008001238                FDCAN1_IT1_IRQHandler
                0x0000000008001238                LTDC_ER_IRQHandler
                0x0000000008001238                DMA2_Stream2_IRQHandler
                0x0000000008001238                HRTIM1_TIME_IRQHandler
                0x0000000008001238                SPI1_IRQHandler
                0x0000000008001238                TIM6_DAC_IRQHandler
                0x0000000008001238                DCMI_IRQHandler
                0x0000000008001238                HRTIM1_TIMC_IRQHandler
                0x0000000008001238                DMA2_Stream3_IRQHandler
                0x0000000008001238                SAI2_IRQHandler
                0x0000000008001238                DFSDM1_FLT3_IRQHandler
                0x0000000008001238                USART6_IRQHandler
                0x0000000008001238                TIM17_IRQHandler
                0x0000000008001238                BDMA_Channel7_IRQHandler
                0x0000000008001238                CRYP_IRQHandler
                0x0000000008001238                LPTIM5_IRQHandler
                0x0000000008001238                UART5_IRQHandler
                0x0000000008001238                ADC3_IRQHandler
                0x0000000008001238                DMA2_Stream0_IRQHandler
                0x0000000008001238                TIM4_IRQHandler
                0x0000000008001238                BDMA_Channel2_IRQHandler
                0x0000000008001238                QUADSPI_IRQHandler
                0x0000000008001238                I2C1_EV_IRQHandler
                0x0000000008001238                DMA1_Stream6_IRQHandler
                0x0000000008001238                DMAMUX1_OVR_IRQHandler
                0x0000000008001238                TIM16_IRQHandler
                0x0000000008001238                UART4_IRQHandler
                0x0000000008001238                BDMA_Channel5_IRQHandler
                0x0000000008001238                TIM3_IRQHandler
                0x0000000008001238                RCC_IRQHandler
                0x0000000008001238                TIM8_BRK_TIM12_IRQHandler
                0x0000000008001238                TIM1_TRG_COM_IRQHandler
                0x0000000008001238                Default_Handler
                0x0000000008001238                ECC_IRQHandler
                0x0000000008001238                CEC_IRQHandler
                0x0000000008001238                EXTI15_10_IRQHandler
                0x0000000008001238                BDMA_Channel0_IRQHandler
                0x0000000008001238                ADC_IRQHandler
                0x0000000008001238                DMA1_Stream7_IRQHandler
                0x0000000008001238                HRTIM1_TIMA_IRQHandler
                0x0000000008001238                SPI5_IRQHandler
                0x0000000008001238                TIM7_IRQHandler
                0x0000000008001238                SDMMC1_IRQHandler
                0x0000000008001238                TIM5_IRQHandler
                0x0000000008001238                DMA2_Stream7_IRQHandler
                0x0000000008001238                TIM15_IRQHandler
                0x0000000008001238                PVD_AVD_IRQHandler
                0x0000000008001238                I2C3_EV_IRQHandler
                0x0000000008001238                EXTI9_5_IRQHandler
                0x0000000008001238                RTC_WKUP_IRQHandler
                0x0000000008001238                LTDC_IRQHandler
                0x0000000008001238                SAI3_IRQHandler
                0x0000000008001238                ETH_WKUP_IRQHandler
                0x0000000008001238                SPDIF_RX_IRQHandler
                0x0000000008001238                SPI2_IRQHandler
                0x0000000008001238                OTG_HS_EP1_IN_IRQHandler
                0x0000000008001238                CRS_IRQHandler
                0x0000000008001238                CM7_SEV_IRQHandler
                0x0000000008001238                EXTI4_IRQHandler
                0x0000000008001238                CM4_SEV_IRQHandler
                0x0000000008001238                HRTIM1_TIMB_IRQHandler
                0x0000000008001238                FDCAN2_IT1_IRQHandler
                0x0000000008001238                ETH_IRQHandler
                0x0000000008001238                TIM1_UP_IRQHandler
                0x0000000008001238                WWDG_RST_IRQHandler
                0x0000000008001238                BDMA_Channel4_IRQHandler
                0x0000000008001238                OTG_HS_EP1_OUT_IRQHandler
                0x0000000008001238                WWDG_IRQHandler
                0x0000000008001238                SPI6_IRQHandler
                0x0000000008001238                MDIOS_IRQHandler
                0x0000000008001238                I2C4_EV_IRQHandler
                0x0000000008001238                FDCAN2_IT0_IRQHandler
                0x0000000008001238                LPUART1_IRQHandler
                0x0000000008001238                FDCAN1_IT0_IRQHandler
                0x0000000008001238                TIM2_IRQHandler
                0x0000000008001238                OTG_FS_WKUP_IRQHandler
                0x0000000008001238                OTG_HS_IRQHandler
                0x0000000008001238                HSEM2_IRQHandler
                0x0000000008001238                DMA2D_IRQHandler
                0x0000000008001238                TIM1_BRK_IRQHandler
                0x0000000008001238                EXTI1_IRQHandler
                0x0000000008001238                SDMMC2_IRQHandler
                0x0000000008001238                OTG_FS_EP1_OUT_IRQHandler
                0x0000000008001238                BDMA_Channel3_IRQHandler
                0x0000000008001238                HOLD_CORE_IRQHandler
                0x0000000008001238                UART7_IRQHandler
                0x0000000008001238                MDIOS_WKUP_IRQHandler
                0x0000000008001238                USART2_IRQHandler
                0x0000000008001238                DFSDM1_FLT0_IRQHandler
                0x0000000008001238                SAI4_IRQHandler
                0x0000000008001238                I2C2_ER_IRQHandler
                0x0000000008001238                DMA2_Stream1_IRQHandler
                0x0000000008001238                FLASH_IRQHandler
                0x0000000008001238                DMA2_Stream4_IRQHandler
                0x0000000008001238                USART1_IRQHandler
                0x0000000008001238                OTG_FS_IRQHandler
                0x0000000008001238                SPI3_IRQHandler
                0x0000000008001238                WAKEUP_PIN_IRQHandler
                0x0000000008001238                DMA1_Stream4_IRQHandler
                0x0000000008001238                OTG_FS_EP1_IN_IRQHandler
                0x0000000008001238                I2C1_ER_IRQHandler
                0x0000000008001238                FMC_IRQHandler
                0x0000000008001238                FDCAN_CAL_IRQHandler
                0x0000000008001238                SWPMI1_IRQHandler
                0x0000000008001238                COMP1_IRQHandler
                0x0000000008001238                LPTIM1_IRQHandler
                0x0000000008001238                I2C4_ER_IRQHandler
                0x0000000008001238                DMA2_Stream6_IRQHandler
                0x0000000008001238                SAI1_IRQHandler
                0x0000000008001238                DMA1_Stream3_IRQHandler
 *fill*         0x000000000800123a        0x2 
 .text.HAL_Init
                0x000000000800123c       0x78 Drivers/STM32H7xx_HAL_Driver/stm32h7xx_hal.o
                0x000000000800123c                HAL_Init
 .text.HAL_InitTick
                0x00000000080012b4       0x6c Drivers/STM32H7xx_HAL_Driver/stm32h7xx_hal.o
                0x00000000080012b4                HAL_InitTick
 .text.HAL_IncTick
                0x0000000008001320       0x28 Drivers/STM32H7xx_HAL_Driver/stm32h7xx_hal.o
                0x0000000008001320                HAL_IncTick
 .text.HAL_GetTick
                0x0000000008001348       0x18 Drivers/STM32H7xx_HAL_Driver/stm32h7xx_hal.o
                0x0000000008001348                HAL_GetTick
 .text.HAL_GetREVID
                0x0000000008001360       0x18 Drivers/STM32H7xx_HAL_Driver/stm32h7xx_hal.o
                0x0000000008001360                HAL_GetREVID
 .text.__NVIC_SetPriorityGrouping
                0x0000000008001378       0x48 Drivers/STM32H7xx_HAL_Driver/stm32h7xx_hal_cortex.o
 .text.__NVIC_GetPriorityGrouping
                0x00000000080013c0       0x1c Drivers/STM32H7xx_HAL_Driver/stm32h7xx_hal_cortex.o
 .text.__NVIC_EnableIRQ
                0x00000000080013dc       0x3c Drivers/STM32H7xx_HAL_Driver/stm32h7xx_hal_cortex.o
 .text.__NVIC_SetPriority
                0x0000000008001418       0x54 Drivers/STM32H7xx_HAL_Driver/stm32h7xx_hal_cortex.o
 .text.NVIC_EncodePriority
                0x000000000800146c       0x66 Drivers/STM32H7xx_HAL_Driver/stm32h7xx_hal_cortex.o
 *fill*         0x00000000080014d2        0x2 
 .text.SysTick_Config
                0x00000000080014d4       0x44 Drivers/STM32H7xx_HAL_Driver/stm32h7xx_hal_cortex.o
 .text.HAL_NVIC_SetPriorityGrouping
                0x0000000008001518       0x16 Drivers/STM32H7xx_HAL_Driver/stm32h7xx_hal_cortex.o
                0x0000000008001518                HAL_NVIC_SetPriorityGrouping
 .text.HAL_NVIC_SetPriority
                0x000000000800152e       0x34 Drivers/STM32H7xx_HAL_Driver/stm32h7xx_hal_cortex.o
                0x000000000800152e                HAL_NVIC_SetPriority
 .text.HAL_NVIC_EnableIRQ
                0x0000000008001562       0x1c Drivers/STM32H7xx_HAL_Driver/stm32h7xx_hal_cortex.o
                0x0000000008001562                HAL_NVIC_EnableIRQ
 .text.HAL_SYSTICK_Config
                0x000000000800157e       0x18 Drivers/STM32H7xx_HAL_Driver/stm32h7xx_hal_cortex.o
                0x000000000800157e                HAL_SYSTICK_Config
 *fill*         0x0000000008001596        0x2 
 .text.HAL_CRC_Init
                0x0000000008001598       0xc8 Drivers/STM32H7xx_HAL_Driver/stm32h7xx_hal_crc.o
                0x0000000008001598                HAL_CRC_Init
 .text.HAL_CRCEx_Polynomial_Set
                0x0000000008001660      0x10c Drivers/STM32H7xx_HAL_Driver/stm32h7xx_hal_crc_ex.o
                0x0000000008001660                HAL_CRCEx_Polynomial_Set
 .text.HAL_DMA_Init
                0x000000000800176c      0x6b8 Drivers/STM32H7xx_HAL_Driver/stm32h7xx_hal_dma.o
                0x000000000800176c                HAL_DMA_Init
 .text.HAL_DMA_Start_IT
                0x0000000008001e24      0x4d4 Drivers/STM32H7xx_HAL_Driver/stm32h7xx_hal_dma.o
                0x0000000008001e24                HAL_DMA_Start_IT
 .text.HAL_DMA_Abort
                0x00000000080022f8      0x63c Drivers/STM32H7xx_HAL_Driver/stm32h7xx_hal_dma.o
                0x00000000080022f8                HAL_DMA_Abort
 .text.HAL_DMA_Abort_IT
                0x0000000008002934      0x488 Drivers/STM32H7xx_HAL_Driver/stm32h7xx_hal_dma.o
                0x0000000008002934                HAL_DMA_Abort_IT
 .text.HAL_DMA_IRQHandler
                0x0000000008002dbc      0xe54 Drivers/STM32H7xx_HAL_Driver/stm32h7xx_hal_dma.o
                0x0000000008002dbc                HAL_DMA_IRQHandler
 .text.HAL_DMA_GetError
                0x0000000008003c10       0x18 Drivers/STM32H7xx_HAL_Driver/stm32h7xx_hal_dma.o
                0x0000000008003c10                HAL_DMA_GetError
 .text.DMA_SetConfig
                0x0000000008003c28      0x358 Drivers/STM32H7xx_HAL_Driver/stm32h7xx_hal_dma.o
 .text.DMA_CalcBaseAndBitshift
                0x0000000008003f80      0x164 Drivers/STM32H7xx_HAL_Driver/stm32h7xx_hal_dma.o
 .text.DMA_CheckFifoParam
                0x00000000080040e4       0xf8 Drivers/STM32H7xx_HAL_Driver/stm32h7xx_hal_dma.o
 .text.DMA_CalcDMAMUXChannelBaseAndMask
                0x00000000080041dc      0x134 Drivers/STM32H7xx_HAL_Driver/stm32h7xx_hal_dma.o
 .text.DMA_CalcDMAMUXRequestGenBaseAndMask
                0x0000000008004310       0xe8 Drivers/STM32H7xx_HAL_Driver/stm32h7xx_hal_dma.o
 .text.HAL_GPIO_Init
                0x00000000080043f8      0x360 Drivers/STM32H7xx_HAL_Driver/stm32h7xx_hal_gpio.o
                0x00000000080043f8                HAL_GPIO_Init
 .text.HAL_HSEM_FastTake
                0x0000000008004758       0x34 Drivers/STM32H7xx_HAL_Driver/stm32h7xx_hal_hsem.o
                0x0000000008004758                HAL_HSEM_FastTake
 .text.HAL_HSEM_Release
                0x000000000800478c       0x28 Drivers/STM32H7xx_HAL_Driver/stm32h7xx_hal_hsem.o
                0x000000000800478c                HAL_HSEM_Release
 .text.HAL_PWREx_ConfigSupply
                0x00000000080047b4       0xb4 Drivers/STM32H7xx_HAL_Driver/stm32h7xx_hal_pwr_ex.o
                0x00000000080047b4                HAL_PWREx_ConfigSupply
 .text.HAL_RCC_OscConfig
                0x0000000008004868      0x820 Drivers/STM32H7xx_HAL_Driver/stm32h7xx_hal_rcc.o
                0x0000000008004868                HAL_RCC_OscConfig
 .text.HAL_RCC_ClockConfig
                0x0000000008005088      0x36c Drivers/STM32H7xx_HAL_Driver/stm32h7xx_hal_rcc.o
                0x0000000008005088                HAL_RCC_ClockConfig
 .text.HAL_RCC_GetSysClockFreq
                0x00000000080053f4      0x2f4 Drivers/STM32H7xx_HAL_Driver/stm32h7xx_hal_rcc.o
                0x00000000080053f4                HAL_RCC_GetSysClockFreq
 .text.HAL_RCC_GetHCLKFreq
                0x00000000080056e8       0x60 Drivers/STM32H7xx_HAL_Driver/stm32h7xx_hal_rcc.o
                0x00000000080056e8                HAL_RCC_GetHCLKFreq
 .text.HAL_RCC_GetPCLK1Freq
                0x0000000008005748       0x2c Drivers/STM32H7xx_HAL_Driver/stm32h7xx_hal_rcc.o
                0x0000000008005748                HAL_RCC_GetPCLK1Freq
 .text.HAL_RCC_GetPCLK2Freq
                0x0000000008005774       0x2c Drivers/STM32H7xx_HAL_Driver/stm32h7xx_hal_rcc.o
                0x0000000008005774                HAL_RCC_GetPCLK2Freq
 .text.HAL_RCCEx_PeriphCLKConfig
                0x00000000080057a0      0xe80 Drivers/STM32H7xx_HAL_Driver/stm32h7xx_hal_rcc_ex.o
                0x00000000080057a0                HAL_RCCEx_PeriphCLKConfig
 .text.HAL_RCCEx_GetPeriphCLKFreq
                0x0000000008006620      0x9a4 Drivers/STM32H7xx_HAL_Driver/stm32h7xx_hal_rcc_ex.o
                0x0000000008006620                HAL_RCCEx_GetPeriphCLKFreq
 .text.HAL_RCCEx_GetD3PCLK1Freq
                0x0000000008006fc4       0x2c Drivers/STM32H7xx_HAL_Driver/stm32h7xx_hal_rcc_ex.o
                0x0000000008006fc4                HAL_RCCEx_GetD3PCLK1Freq
 .text.HAL_RCCEx_GetPLL2ClockFreq
                0x0000000008006ff0      0x2a8 Drivers/STM32H7xx_HAL_Driver/stm32h7xx_hal_rcc_ex.o
                0x0000000008006ff0                HAL_RCCEx_GetPLL2ClockFreq
 .text.HAL_RCCEx_GetPLL3ClockFreq
                0x0000000008007298      0x2a8 Drivers/STM32H7xx_HAL_Driver/stm32h7xx_hal_rcc_ex.o
                0x0000000008007298                HAL_RCCEx_GetPLL3ClockFreq
 .text.HAL_RCCEx_GetPLL1ClockFreq
                0x0000000008007540      0x2a4 Drivers/STM32H7xx_HAL_Driver/stm32h7xx_hal_rcc_ex.o
                0x0000000008007540                HAL_RCCEx_GetPLL1ClockFreq
 .text.RCCEx_PLL2_Config
                0x00000000080077e4      0x164 Drivers/STM32H7xx_HAL_Driver/stm32h7xx_hal_rcc_ex.o
 .text.RCCEx_PLL3_Config
                0x0000000008007948      0x164 Drivers/STM32H7xx_HAL_Driver/stm32h7xx_hal_rcc_ex.o
 .text.HAL_SAI_Init
                0x0000000008007aac      0x540 Drivers/STM32H7xx_HAL_Driver/stm32h7xx_hal_sai.o
                0x0000000008007aac                HAL_SAI_Init
 .text.HAL_SAI_Receive_DMA
                0x0000000008007fec      0x128 Drivers/STM32H7xx_HAL_Driver/stm32h7xx_hal_sai.o
                0x0000000008007fec                HAL_SAI_Receive_DMA
 .text.HAL_SAI_ErrorCallback
                0x0000000008008114       0x14 Drivers/STM32H7xx_HAL_Driver/stm32h7xx_hal_sai.o
                0x0000000008008114                HAL_SAI_ErrorCallback
 .text.SAI_InterruptFlag
                0x0000000008008128       0x6e Drivers/STM32H7xx_HAL_Driver/stm32h7xx_hal_sai.o
 *fill*         0x0000000008008196        0x2 
 .text.SAI_Disable
                0x0000000008008198       0x74 Drivers/STM32H7xx_HAL_Driver/stm32h7xx_hal_sai.o
 .text.SAI_DMARxCplt
                0x000000000800820c       0x60 Drivers/STM32H7xx_HAL_Driver/stm32h7xx_hal_sai.o
 .text.SAI_DMARxHalfCplt
                0x000000000800826c       0x1c Drivers/STM32H7xx_HAL_Driver/stm32h7xx_hal_sai.o
 .text.SAI_DMAError
                0x0000000008008288       0x5e Drivers/STM32H7xx_HAL_Driver/stm32h7xx_hal_sai.o
 .text.HAL_UART_Init
                0x00000000080082e6       0xa0 Drivers/STM32H7xx_HAL_Driver/stm32h7xx_hal_uart.o
                0x00000000080082e6                HAL_UART_Init
 *fill*         0x0000000008008386        0x2 
 .text.HAL_UART_Transmit_DMA
                0x0000000008008388      0x100 Drivers/STM32H7xx_HAL_Driver/stm32h7xx_hal_uart.o
                0x0000000008008388                HAL_UART_Transmit_DMA
 .text.HAL_UART_IRQHandler
                0x0000000008008488      0x574 Drivers/STM32H7xx_HAL_Driver/stm32h7xx_hal_uart.o
                0x0000000008008488                HAL_UART_IRQHandler
 .text.HAL_UART_ErrorCallback
                0x00000000080089fc       0x14 Drivers/STM32H7xx_HAL_Driver/stm32h7xx_hal_uart.o
                0x00000000080089fc                HAL_UART_ErrorCallback
 .text.HAL_UARTEx_RxEventCallback
                0x0000000008008a10       0x18 Drivers/STM32H7xx_HAL_Driver/stm32h7xx_hal_uart.o
                0x0000000008008a10                HAL_UARTEx_RxEventCallback
 .text.UART_SetConfig
                0x0000000008008a28      0xac0 Drivers/STM32H7xx_HAL_Driver/stm32h7xx_hal_uart.o
                0x0000000008008a28                UART_SetConfig
 .text.UART_AdvFeatureConfig
                0x00000000080094e8      0x144 Drivers/STM32H7xx_HAL_Driver/stm32h7xx_hal_uart.o
                0x00000000080094e8                UART_AdvFeatureConfig
 .text.UART_CheckIdleState
                0x000000000800962c       0x96 Drivers/STM32H7xx_HAL_Driver/stm32h7xx_hal_uart.o
                0x000000000800962c                UART_CheckIdleState
 .text.UART_WaitOnFlagUntilTimeout
                0x00000000080096c2      0x100 Drivers/STM32H7xx_HAL_Driver/stm32h7xx_hal_uart.o
                0x00000000080096c2                UART_WaitOnFlagUntilTimeout
 .text.UART_EndTxTransfer
                0x00000000080097c2       0x3c Drivers/STM32H7xx_HAL_Driver/stm32h7xx_hal_uart.o
 *fill*         0x00000000080097fe        0x2 
 .text.UART_EndRxTransfer
                0x0000000008009800       0x64 Drivers/STM32H7xx_HAL_Driver/stm32h7xx_hal_uart.o
 .text.UART_DMATransmitCplt
                0x0000000008009864       0x50 Drivers/STM32H7xx_HAL_Driver/stm32h7xx_hal_uart.o
 .text.UART_DMATxHalfCplt
                0x00000000080098b4       0x1c Drivers/STM32H7xx_HAL_Driver/stm32h7xx_hal_uart.o
 .text.UART_DMAError
                0x00000000080098d0       0x80 Drivers/STM32H7xx_HAL_Driver/stm32h7xx_hal_uart.o
 .text.UART_DMAAbortOnError
                0x0000000008009950       0x2c Drivers/STM32H7xx_HAL_Driver/stm32h7xx_hal_uart.o
 .text.UART_EndTransmit_IT
                0x000000000800997c       0x34 Drivers/STM32H7xx_HAL_Driver/stm32h7xx_hal_uart.o
 .text.HAL_UARTEx_WakeupCallback
                0x00000000080099b0       0x14 Drivers/STM32H7xx_HAL_Driver/stm32h7xx_hal_uart_ex.o
                0x00000000080099b0                HAL_UARTEx_WakeupCallback
 .text.HAL_UARTEx_RxFifoFullCallback
                0x00000000080099c4       0x14 Drivers/STM32H7xx_HAL_Driver/stm32h7xx_hal_uart_ex.o
                0x00000000080099c4                HAL_UARTEx_RxFifoFullCallback
 .text.HAL_UARTEx_TxFifoEmptyCallback
                0x00000000080099d8       0x14 Drivers/STM32H7xx_HAL_Driver/stm32h7xx_hal_uart_ex.o
                0x00000000080099d8                HAL_UARTEx_TxFifoEmptyCallback
 .text.HAL_UARTEx_DisableFifoMode
                0x00000000080099ec       0x72 Drivers/STM32H7xx_HAL_Driver/stm32h7xx_hal_uart_ex.o
                0x00000000080099ec                HAL_UARTEx_DisableFifoMode
 .text.HAL_UARTEx_SetTxFifoThreshold
                0x0000000008009a5e       0x7c Drivers/STM32H7xx_HAL_Driver/stm32h7xx_hal_uart_ex.o
                0x0000000008009a5e                HAL_UARTEx_SetTxFifoThreshold
 .text.HAL_UARTEx_SetRxFifoThreshold
                0x0000000008009ada       0x7c Drivers/STM32H7xx_HAL_Driver/stm32h7xx_hal_uart_ex.o
                0x0000000008009ada                HAL_UARTEx_SetRxFifoThreshold
 *fill*         0x0000000008009b56        0x2 
 .text.UARTEx_SetNbDataToProcess
                0x0000000008009b58       0x9c Drivers/STM32H7xx_HAL_Driver/stm32h7xx_hal_uart_ex.o
 .text.MX_PDM2PCM_Init
                0x0000000008009bf4       0x98 PDM2PCM/App/pdm2pcm.o
                0x0000000008009bf4                MX_PDM2PCM_Init
 .text.D16_GENERIC
                0x0000000008009c8c      0x110 ../../Middlewares/ST/STM32_Audio/Addons/PDM/Lib\libPDMFilter_CM7_GCC_wc32.a(pdm_filter.o)
 .text.D24_GENERIC
                0x0000000008009d9c      0x178 ../../Middlewares/ST/STM32_Audio/Addons/PDM/Lib\libPDMFilter_CM7_GCC_wc32.a(pdm_filter.o)
 .text.D32_GENERIC
                0x0000000008009f14      0x188 ../../Middlewares/ST/STM32_Audio/Addons/PDM/Lib\libPDMFilter_CM7_GCC_wc32.a(pdm_filter.o)
 .text.D48_GENERIC
                0x000000000800a09c      0x1e4 ../../Middlewares/ST/STM32_Audio/Addons/PDM/Lib\libPDMFilter_CM7_GCC_wc32.a(pdm_filter.o)
 .text.D64_GENERIC
                0x000000000800a280      0x238 ../../Middlewares/ST/STM32_Audio/Addons/PDM/Lib\libPDMFilter_CM7_GCC_wc32.a(pdm_filter.o)
 .text.D80_GENERIC
                0x000000000800a4b8      0x298 ../../Middlewares/ST/STM32_Audio/Addons/PDM/Lib\libPDMFilter_CM7_GCC_wc32.a(pdm_filter.o)
 .text.D128_GENERIC
                0x000000000800a750      0x3b8 ../../Middlewares/ST/STM32_Audio/Addons/PDM/Lib\libPDMFilter_CM7_GCC_wc32.a(pdm_filter.o)
 .text.D16_1CH_HTONS_VOL_HP
                0x000000000800ab08       0xe0 ../../Middlewares/ST/STM32_Audio/Addons/PDM/Lib\libPDMFilter_CM7_GCC_wc32.a(pdm_filter.o)
 .text.D24_1CH_HTONS_VOL_HP
                0x000000000800abe8      0x13c ../../Middlewares/ST/STM32_Audio/Addons/PDM/Lib\libPDMFilter_CM7_GCC_wc32.a(pdm_filter.o)
 .text.D32_1CH_HTONS_VOL_HP
                0x000000000800ad24      0x12c ../../Middlewares/ST/STM32_Audio/Addons/PDM/Lib\libPDMFilter_CM7_GCC_wc32.a(pdm_filter.o)
 .text.D48_1CH_HTONS_VOL_HP
                0x000000000800ae50      0x16c ../../Middlewares/ST/STM32_Audio/Addons/PDM/Lib\libPDMFilter_CM7_GCC_wc32.a(pdm_filter.o)
 .text.D64_1CH_HTONS_VOL_HP
                0x000000000800afbc      0x1ac ../../Middlewares/ST/STM32_Audio/Addons/PDM/Lib\libPDMFilter_CM7_GCC_wc32.a(pdm_filter.o)
 .text.D80_1CH_HTONS_VOL_HP
                0x000000000800b168      0x1fc ../../Middlewares/ST/STM32_Audio/Addons/PDM/Lib\libPDMFilter_CM7_GCC_wc32.a(pdm_filter.o)
 .text.D128_1CH_HTONS_VOL_HP
                0x000000000800b364      0x2ec ../../Middlewares/ST/STM32_Audio/Addons/PDM/Lib\libPDMFilter_CM7_GCC_wc32.a(pdm_filter.o)
 .text.PDM_Filter_Init
                0x000000000800b650      0x1a0 ../../Middlewares/ST/STM32_Audio/Addons/PDM/Lib\libPDMFilter_CM7_GCC_wc32.a(pdm_filter.o)
                0x000000000800b650                PDM_Filter_Init
 .text.PDM_Filter_setConfig
                0x000000000800b7f0      0x1f4 ../../Middlewares/ST/STM32_Audio/Addons/PDM/Lib\libPDMFilter_CM7_GCC_wc32.a(pdm_filter.o)
                0x000000000800b7f0                PDM_Filter_setConfig
 .text.PDM_Filter
                0x000000000800b9e4       0x34 ../../Middlewares/ST/STM32_Audio/Addons/PDM/Lib\libPDMFilter_CM7_GCC_wc32.a(pdm_filter.o)
                0x000000000800b9e4                PDM_Filter
 .text.__errno  0x000000000800ba18        0xc c:/st/stm32cubeide_1.6.1/stm32cubeide/plugins/com.st.stm32cube.ide.mcu.externaltools.gnu-tools-for-stm32.9-2020-q2-update.win32_1.5.0.202011040924/tools/bin/../lib/gcc/arm-none-eabi/9.3.1/../../../../arm-none-eabi/lib/thumb/v7e-m+dp/hard\libc_nano.a(lib_a-errno.o)
                0x000000000800ba18                __errno
 .text.__libc_init_array
                0x000000000800ba24       0x48 c:/st/stm32cubeide_1.6.1/stm32cubeide/plugins/com.st.stm32cube.ide.mcu.externaltools.gnu-tools-for-stm32.9-2020-q2-update.win32_1.5.0.202011040924/tools/bin/../lib/gcc/arm-none-eabi/9.3.1/../../../../arm-none-eabi/lib/thumb/v7e-m+dp/hard\libc_nano.a(lib_a-init.o)
                0x000000000800ba24                __libc_init_array
 .text.memset   0x000000000800ba6c       0x10 c:/st/stm32cubeide_1.6.1/stm32cubeide/plugins/com.st.stm32cube.ide.mcu.externaltools.gnu-tools-for-stm32.9-2020-q2-update.win32_1.5.0.202011040924/tools/bin/../lib/gcc/arm-none-eabi/9.3.1/../../../../arm-none-eabi/lib/thumb/v7e-m+dp/hard\libc_nano.a(lib_a-memset.o)
                0x000000000800ba6c                memset
 .text.checkint
                0x000000000800ba7c       0x2e c:/st/stm32cubeide_1.6.1/stm32cubeide/plugins/com.st.stm32cube.ide.mcu.externaltools.gnu-tools-for-stm32.9-2020-q2-update.win32_1.5.0.202011040924/tools/bin/../lib/gcc/arm-none-eabi/9.3.1/../../../../arm-none-eabi/lib/thumb/v7e-m+dp/hard\libm.a(lib_a-sf_pow.o)
 *fill*         0x000000000800baaa        0x6 
 .text.powf     0x000000000800bab0      0x2c8 c:/st/stm32cubeide_1.6.1/stm32cubeide/plugins/com.st.stm32cube.ide.mcu.externaltools.gnu-tools-for-stm32.9-2020-q2-update.win32_1.5.0.202011040924/tools/bin/../lib/gcc/arm-none-eabi/9.3.1/../../../../arm-none-eabi/lib/thumb/v7e-m+dp/hard\libm.a(lib_a-sf_pow.o)
                0x000000000800bab0                powf
 .text.with_errnof
                0x000000000800bd78       0x16 c:/st/stm32cubeide_1.6.1/stm32cubeide/plugins/com.st.stm32cube.ide.mcu.externaltools.gnu-tools-for-stm32.9-2020-q2-update.win32_1.5.0.202011040924/tools/bin/../lib/gcc/arm-none-eabi/9.3.1/../../../../arm-none-eabi/lib/thumb/v7e-m+dp/hard\libm.a(lib_a-math_errf.o)
 .text.xflowf   0x000000000800bd8e       0x16 c:/st/stm32cubeide_1.6.1/stm32cubeide/plugins/com.st.stm32cube.ide.mcu.externaltools.gnu-tools-for-stm32.9-2020-q2-update.win32_1.5.0.202011040924/tools/bin/../lib/gcc/arm-none-eabi/9.3.1/../../../../arm-none-eabi/lib/thumb/v7e-m+dp/hard\libm.a(lib_a-math_errf.o)
 .text.__math_uflowf
                0x000000000800bda4        0xc c:/st/stm32cubeide_1.6.1/stm32cubeide/plugins/com.st.stm32cube.ide.mcu.externaltools.gnu-tools-for-stm32.9-2020-q2-update.win32_1.5.0.202011040924/tools/bin/../lib/gcc/arm-none-eabi/9.3.1/../../../../arm-none-eabi/lib/thumb/v7e-m+dp/hard\libm.a(lib_a-math_errf.o)
                0x000000000800bda4                __math_uflowf
 .text.__math_may_uflowf
                0x000000000800bdb0        0xc c:/st/stm32cubeide_1.6.1/stm32cubeide/plugins/com.st.stm32cube.ide.mcu.externaltools.gnu-tools-for-stm32.9-2020-q2-update.win32_1.5.0.202011040924/tools/bin/../lib/gcc/arm-none-eabi/9.3.1/../../../../arm-none-eabi/lib/thumb/v7e-m+dp/hard\libm.a(lib_a-math_errf.o)
                0x000000000800bdb0                __math_may_uflowf
 .text.__math_oflowf
                0x000000000800bdbc        0xc c:/st/stm32cubeide_1.6.1/stm32cubeide/plugins/com.st.stm32cube.ide.mcu.externaltools.gnu-tools-for-stm32.9-2020-q2-update.win32_1.5.0.202011040924/tools/bin/../lib/gcc/arm-none-eabi/9.3.1/../../../../arm-none-eabi/lib/thumb/v7e-m+dp/hard\libm.a(lib_a-math_errf.o)
                0x000000000800bdbc                __math_oflowf
 .text.__math_divzerof
                0x000000000800bdc8       0x20 c:/st/stm32cubeide_1.6.1/stm32cubeide/plugins/com.st.stm32cube.ide.mcu.externaltools.gnu-tools-for-stm32.9-2020-q2-update.win32_1.5.0.202011040924/tools/bin/../lib/gcc/arm-none-eabi/9.3.1/../../../../arm-none-eabi/lib/thumb/v7e-m+dp/hard\libm.a(lib_a-math_errf.o)
                0x000000000800bdc8                __math_divzerof
 .text.__math_invalidf
                0x000000000800bde8       0x1e c:/st/stm32cubeide_1.6.1/stm32cubeide/plugins/com.st.stm32cube.ide.mcu.externaltools.gnu-tools-for-stm32.9-2020-q2-update.win32_1.5.0.202011040924/tools/bin/../lib/gcc/arm-none-eabi/9.3.1/../../../../arm-none-eabi/lib/thumb/v7e-m+dp/hard\libm.a(lib_a-math_errf.o)
                0x000000000800bde8                __math_invalidf
 *(.glue_7)
 .glue_7        0x000000000800be06        0x0 linker stubs
 *(.glue_7t)
 .glue_7t       0x000000000800be06        0x0 linker stubs
 *(.eh_frame)
 *fill*         0x000000000800be06        0x2 
 .eh_frame      0x000000000800be08        0x0 c:/st/stm32cubeide_1.6.1/stm32cubeide/plugins/com.st.stm32cube.ide.mcu.externaltools.gnu-tools-for-stm32.9-2020-q2-update.win32_1.5.0.202011040924/tools/bin/../lib/gcc/arm-none-eabi/9.3.1/thumb/v7e-m+dp/hard/crtbegin.o
 *(.init)
 .init          0x000000000800be08        0x4 c:/st/stm32cubeide_1.6.1/stm32cubeide/plugins/com.st.stm32cube.ide.mcu.externaltools.gnu-tools-for-stm32.9-2020-q2-update.win32_1.5.0.202011040924/tools/bin/../lib/gcc/arm-none-eabi/9.3.1/thumb/v7e-m+dp/hard/crti.o
                0x000000000800be08                _init
 .init          0x000000000800be0c        0x8 c:/st/stm32cubeide_1.6.1/stm32cubeide/plugins/com.st.stm32cube.ide.mcu.externaltools.gnu-tools-for-stm32.9-2020-q2-update.win32_1.5.0.202011040924/tools/bin/../lib/gcc/arm-none-eabi/9.3.1/thumb/v7e-m+dp/hard/crtn.o
 *(.fini)
 .fini          0x000000000800be14        0x4 c:/st/stm32cubeide_1.6.1/stm32cubeide/plugins/com.st.stm32cube.ide.mcu.externaltools.gnu-tools-for-stm32.9-2020-q2-update.win32_1.5.0.202011040924/tools/bin/../lib/gcc/arm-none-eabi/9.3.1/thumb/v7e-m+dp/hard/crti.o
                0x000000000800be14                _fini
 .fini          0x000000000800be18        0x8 c:/st/stm32cubeide_1.6.1/stm32cubeide/plugins/com.st.stm32cube.ide.mcu.externaltools.gnu-tools-for-stm32.9-2020-q2-update.win32_1.5.0.202011040924/tools/bin/../lib/gcc/arm-none-eabi/9.3.1/thumb/v7e-m+dp/hard/crtn.o
                0x000000000800be20                . = ALIGN (0x4)
                0x000000000800be20                _etext = .

.vfp11_veneer   0x000000000800be20        0x0
 .vfp11_veneer  0x000000000800be20        0x0 linker stubs

.v4_bx          0x000000000800be20        0x0
 .v4_bx         0x000000000800be20        0x0 linker stubs

.iplt           0x000000000800be20        0x0
 .iplt          0x000000000800be20        0x0 c:/st/stm32cubeide_1.6.1/stm32cubeide/plugins/com.st.stm32cube.ide.mcu.externaltools.gnu-tools-for-stm32.9-2020-q2-update.win32_1.5.0.202011040924/tools/bin/../lib/gcc/arm-none-eabi/9.3.1/thumb/v7e-m+dp/hard/crtbegin.o

.rodata         0x000000000800be20      0x2e8
                0x000000000800be20                . = ALIGN (0x4)
 *(.rodata)
 .rodata        0x000000000800be20       0x38 ../../Middlewares/ST/STM32_Audio/Addons/PDM/Lib\libPDMFilter_CM7_GCC_wc32.a(pdm_filter.o)
 *(.rodata*)
 .rodata.D1CorePrescTable
                0x000000000800be58       0x10 Common/Src/system_stm32h7xx_dualcore_boot_cm4_cm7.o
                0x000000000800be58                D1CorePrescTable
 .rodata.flagBitshiftOffset.10806
                0x000000000800be68        0x8 Drivers/STM32H7xx_HAL_Driver/stm32h7xx_hal_dma.o
 .rodata.UARTPrescTable
                0x000000000800be70       0x18 Drivers/STM32H7xx_HAL_Driver/stm32h7xx_hal_uart.o
                0x000000000800be70                UARTPrescTable
 .rodata.numerator.10761
                0x000000000800be88        0x8 Drivers/STM32H7xx_HAL_Driver/stm32h7xx_hal_uart_ex.o
 .rodata.denominator.10762
                0x000000000800be90        0x8 Drivers/STM32H7xx_HAL_Driver/stm32h7xx_hal_uart_ex.o
 .rodata.__powf_log2_data
                0x000000000800be98      0x128 c:/st/stm32cubeide_1.6.1/stm32cubeide/plugins/com.st.stm32cube.ide.mcu.externaltools.gnu-tools-for-stm32.9-2020-q2-update.win32_1.5.0.202011040924/tools/bin/../lib/gcc/arm-none-eabi/9.3.1/../../../../arm-none-eabi/lib/thumb/v7e-m+dp/hard\libm.a(lib_a-sf_pow_log2_data.o)
                0x000000000800be98                __powf_log2_data
 .rodata.__exp2f_data
                0x000000000800bfc0      0x148 c:/st/stm32cubeide_1.6.1/stm32cubeide/plugins/com.st.stm32cube.ide.mcu.externaltools.gnu-tools-for-stm32.9-2020-q2-update.win32_1.5.0.202011040924/tools/bin/../lib/gcc/arm-none-eabi/9.3.1/../../../../arm-none-eabi/lib/thumb/v7e-m+dp/hard\libm.a(lib_a-sf_exp2_data.o)
                0x000000000800bfc0                __exp2f_data
                0x000000000800c108                . = ALIGN (0x4)

.ARM.extab      0x000000000800c108        0x0
                0x000000000800c108                . = ALIGN (0x4)
 *(.ARM.extab* .gnu.linkonce.armextab.*)
                0x000000000800c108                . = ALIGN (0x4)

.ARM            0x000000000800c108        0x8
                0x000000000800c108                . = ALIGN (0x4)
                0x000000000800c108                __exidx_start = .
 *(.ARM.exidx*)
 .ARM.exidx     0x000000000800c108        0x8 c:/st/stm32cubeide_1.6.1/stm32cubeide/plugins/com.st.stm32cube.ide.mcu.externaltools.gnu-tools-for-stm32.9-2020-q2-update.win32_1.5.0.202011040924/tools/bin/../lib/gcc/arm-none-eabi/9.3.1/thumb/v7e-m+dp/hard\libgcc.a(_udivmoddi4.o)
                0x000000000800c110                __exidx_end = .
                0x000000000800c110                . = ALIGN (0x4)

.rel.dyn        0x000000000800c110        0x0
 .rel.iplt      0x000000000800c110        0x0 c:/st/stm32cubeide_1.6.1/stm32cubeide/plugins/com.st.stm32cube.ide.mcu.externaltools.gnu-tools-for-stm32.9-2020-q2-update.win32_1.5.0.202011040924/tools/bin/../lib/gcc/arm-none-eabi/9.3.1/thumb/v7e-m+dp/hard/crtbegin.o

.preinit_array  0x000000000800c110        0x0
                0x000000000800c110                . = ALIGN (0x4)
                0x000000000800c110                PROVIDE (__preinit_array_start = .)
 *(.preinit_array*)
                0x000000000800c110                PROVIDE (__preinit_array_end = .)
                0x000000000800c110                . = ALIGN (0x4)

.init_array     0x000000000800c110        0x4
                0x000000000800c110                . = ALIGN (0x4)
                0x000000000800c110                PROVIDE (__init_array_start = .)
 *(SORT_BY_NAME(.init_array.*))
 *(.init_array*)
 .init_array    0x000000000800c110        0x4 c:/st/stm32cubeide_1.6.1/stm32cubeide/plugins/com.st.stm32cube.ide.mcu.externaltools.gnu-tools-for-stm32.9-2020-q2-update.win32_1.5.0.202011040924/tools/bin/../lib/gcc/arm-none-eabi/9.3.1/thumb/v7e-m+dp/hard/crtbegin.o
                0x000000000800c114                PROVIDE (__init_array_end = .)
                0x000000000800c114                . = ALIGN (0x4)

.fini_array     0x000000000800c114        0x4
                0x000000000800c114                . = ALIGN (0x4)
                [!provide]                        PROVIDE (__fini_array_start = .)
 *(SORT_BY_NAME(.fini_array.*))
 *(.fini_array*)
 .fini_array    0x000000000800c114        0x4 c:/st/stm32cubeide_1.6.1/stm32cubeide/plugins/com.st.stm32cube.ide.mcu.externaltools.gnu-tools-for-stm32.9-2020-q2-update.win32_1.5.0.202011040924/tools/bin/../lib/gcc/arm-none-eabi/9.3.1/thumb/v7e-m+dp/hard/crtbegin.o
                [!provide]                        PROVIDE (__fini_array_end = .)
                0x000000000800c118                . = ALIGN (0x4)
                0x000000000800c118                _sidata = LOADADDR (.data)

.data           0x0000000024000000      0x478 load address 0x000000000800c118
                0x0000000024000000                . = ALIGN (0x4)
                0x0000000024000000                _sdata = .
 *(.data)
 .data          0x0000000024000000      0x400 ../../Middlewares/ST/STM32_Audio/Addons/PDM/Lib\libPDMFilter_CM7_GCC_wc32.a(pdm_filter.o)
 *(.data*)
 .data.SystemCoreClock
                0x0000000024000400        0x4 Common/Src/system_stm32h7xx_dualcore_boot_cm4_cm7.o
                0x0000000024000400                SystemCoreClock
 .data.SystemD2Clock
                0x0000000024000404        0x4 Common/Src/system_stm32h7xx_dualcore_boot_cm4_cm7.o
                0x0000000024000404                SystemD2Clock
 .data.uartFlag
                0x0000000024000408        0x1 Core/Src/main.o
                0x0000000024000408                uartFlag
 *fill*         0x0000000024000409        0x3 
 .data.uwTickPrio
                0x000000002400040c        0x4 Drivers/STM32H7xx_HAL_Driver/stm32h7xx_hal.o
                0x000000002400040c                uwTickPrio
 .data.uwTickFreq
                0x0000000024000410        0x1 Drivers/STM32H7xx_HAL_Driver/stm32h7xx_hal.o
                0x0000000024000410                uwTickFreq
 *fill*         0x0000000024000411        0x3 
 .data._impure_ptr
                0x0000000024000414        0x4 c:/st/stm32cubeide_1.6.1/stm32cubeide/plugins/com.st.stm32cube.ide.mcu.externaltools.gnu-tools-for-stm32.9-2020-q2-update.win32_1.5.0.202011040924/tools/bin/../lib/gcc/arm-none-eabi/9.3.1/../../../../arm-none-eabi/lib/thumb/v7e-m+dp/hard\libc_nano.a(lib_a-impure.o)
                0x0000000024000414                _impure_ptr
 .data.impure_data
                0x0000000024000418       0x60 c:/st/stm32cubeide_1.6.1/stm32cubeide/plugins/com.st.stm32cube.ide.mcu.externaltools.gnu-tools-for-stm32.9-2020-q2-update.win32_1.5.0.202011040924/tools/bin/../lib/gcc/arm-none-eabi/9.3.1/../../../../arm-none-eabi/lib/thumb/v7e-m+dp/hard\libc_nano.a(lib_a-impure.o)
 *(.RamFunc)
 *(.RamFunc*)
                0x0000000024000478                . = ALIGN (0x4)
                0x0000000024000478                _edata = .

.igot.plt       0x0000000024000478        0x0 load address 0x000000000800c590
 .igot.plt      0x0000000024000478        0x0 c:/st/stm32cubeide_1.6.1/stm32cubeide/plugins/com.st.stm32cube.ide.mcu.externaltools.gnu-tools-for-stm32.9-2020-q2-update.win32_1.5.0.202011040924/tools/bin/../lib/gcc/arm-none-eabi/9.3.1/thumb/v7e-m+dp/hard/crtbegin.o
                0x0000000024000478                . = ALIGN (0x4)

.bss            0x0000000024000478      0x3b0 load address 0x000000000800c590
                0x0000000024000478                _sbss = .
                0x0000000024000478                __bss_start__ = _sbss
 *(.bss)
 .bss           0x0000000024000478       0x1c c:/st/stm32cubeide_1.6.1/stm32cubeide/plugins/com.st.stm32cube.ide.mcu.externaltools.gnu-tools-for-stm32.9-2020-q2-update.win32_1.5.0.202011040924/tools/bin/../lib/gcc/arm-none-eabi/9.3.1/thumb/v7e-m+dp/hard/crtbegin.o
 .bss           0x0000000024000494        0x1 ../../Middlewares/ST/STM32_Audio/Addons/PDM/Lib\libPDMFilter_CM7_GCC_wc32.a(pdm_filter.o)
 *(.bss*)
 .bss.dmaFlag   0x0000000024000495        0x1 Core/Src/main.o
                0x0000000024000495                dmaFlag
 *fill*         0x0000000024000496        0x2 
 .bss.SAI1_client
                0x0000000024000498        0x4 Core/Src/stm32h7xx_hal_msp.o
 *(COMMON)
 COMMON         0x000000002400049c       0xa4 Common/common_drivers/Src/pdm_to_pcm.o
                0x000000002400049c                PDM_FilterConfig
                0x00000000240004a8                PDM_FilterHandler
 COMMON         0x0000000024000540      0x23c Core/Src/main.o
                0x0000000024000540                huart3
                0x00000000240005d0                hcrc
                0x00000000240005f4                hdma_usart3_tx
                0x000000002400066c                hdma_sai1_a
                0x00000000240006e4                hsai_BlockA1
 COMMON         0x000000002400077c        0x4 Drivers/STM32H7xx_HAL_Driver/stm32h7xx_hal.o
                0x000000002400077c                uwTick
 COMMON         0x0000000024000780       0xa8 PDM2PCM/App/pdm2pcm.o
                0x0000000024000780                PDM2_filter_config
                0x0000000024000788                PDM1_filter_config
                0x0000000024000790                PDM2_filter_handler
                0x00000000240007dc                PDM1_filter_handler
                0x0000000024000828                . = ALIGN (0x4)
                0x0000000024000828                _ebss = .
                0x0000000024000828                __bss_end__ = _ebss

._user_heap_stack
                0x0000000024000828      0x600 load address 0x000000000800c590
                0x0000000024000828                . = ALIGN (0x8)
                [!provide]                        PROVIDE (end = .)
                0x0000000024000828                PROVIDE (_end = .)
                0x0000000024000a28                . = (. + _Min_Heap_Size)
 *fill*         0x0000000024000828      0x200 
                0x0000000024000e28                . = (. + _Min_Stack_Size)
 *fill*         0x0000000024000a28      0x400 
                0x0000000024000e28                . = ALIGN (0x8)

/DISCARD/
 libc.a(*)
 libm.a(*)
 libgcc.a(*)

.ARM.attributes
                0x0000000000000000       0x2e
 *(.ARM.attributes)
 .ARM.attributes
                0x0000000000000000       0x1e c:/st/stm32cubeide_1.6.1/stm32cubeide/plugins/com.st.stm32cube.ide.mcu.externaltools.gnu-tools-for-stm32.9-2020-q2-update.win32_1.5.0.202011040924/tools/bin/../lib/gcc/arm-none-eabi/9.3.1/thumb/v7e-m+dp/hard/crti.o
 .ARM.attributes
                0x000000000000001e       0x32 c:/st/stm32cubeide_1.6.1/stm32cubeide/plugins/com.st.stm32cube.ide.mcu.externaltools.gnu-tools-for-stm32.9-2020-q2-update.win32_1.5.0.202011040924/tools/bin/../lib/gcc/arm-none-eabi/9.3.1/thumb/v7e-m+dp/hard/crtbegin.o
 .ARM.attributes
                0x0000000000000050       0x32 Common/Src/system_stm32h7xx_dualcore_boot_cm4_cm7.o
 .ARM.attributes
                0x0000000000000082       0x32 Common/common_drivers/Src/pdm_to_pcm.o
 .ARM.attributes
                0x00000000000000b4       0x32 Core/Src/main.o
 .ARM.attributes
                0x00000000000000e6       0x32 Core/Src/stm32h7xx_hal_msp.o
 .ARM.attributes
                0x0000000000000118       0x32 Core/Src/stm32h7xx_it.o
 .ARM.attributes
                0x000000000000014a       0x21 Core/Startup/startup_stm32h755zitx.o
 .ARM.attributes
                0x000000000000016b       0x32 Drivers/STM32H7xx_HAL_Driver/stm32h7xx_hal.o
 .ARM.attributes
                0x000000000000019d       0x32 Drivers/STM32H7xx_HAL_Driver/stm32h7xx_hal_cortex.o
 .ARM.attributes
                0x00000000000001cf       0x32 Drivers/STM32H7xx_HAL_Driver/stm32h7xx_hal_crc.o
 .ARM.attributes
                0x0000000000000201       0x32 Drivers/STM32H7xx_HAL_Driver/stm32h7xx_hal_crc_ex.o
 .ARM.attributes
                0x0000000000000233       0x32 Drivers/STM32H7xx_HAL_Driver/stm32h7xx_hal_dma.o
 .ARM.attributes
                0x0000000000000265       0x32 Drivers/STM32H7xx_HAL_Driver/stm32h7xx_hal_gpio.o
 .ARM.attributes
                0x0000000000000297       0x32 Drivers/STM32H7xx_HAL_Driver/stm32h7xx_hal_hsem.o
 .ARM.attributes
                0x00000000000002c9       0x32 Drivers/STM32H7xx_HAL_Driver/stm32h7xx_hal_pwr_ex.o
 .ARM.attributes
                0x00000000000002fb       0x32 Drivers/STM32H7xx_HAL_Driver/stm32h7xx_hal_rcc.o
 .ARM.attributes
                0x000000000000032d       0x32 Drivers/STM32H7xx_HAL_Driver/stm32h7xx_hal_rcc_ex.o
 .ARM.attributes
                0x000000000000035f       0x32 Drivers/STM32H7xx_HAL_Driver/stm32h7xx_hal_sai.o
 .ARM.attributes
                0x0000000000000391       0x32 Drivers/STM32H7xx_HAL_Driver/stm32h7xx_hal_uart.o
 .ARM.attributes
                0x00000000000003c3       0x32 Drivers/STM32H7xx_HAL_Driver/stm32h7xx_hal_uart_ex.o
 .ARM.attributes
                0x00000000000003f5       0x32 PDM2PCM/App/pdm2pcm.o
 .ARM.attributes
                0x0000000000000427       0x35 ../../Middlewares/ST/STM32_Audio/Addons/PDM/Lib\libPDMFilter_CM7_GCC_wc32.a(pdm_filter.o)
 .ARM.attributes
                0x000000000000045c       0x32 c:/st/stm32cubeide_1.6.1/stm32cubeide/plugins/com.st.stm32cube.ide.mcu.externaltools.gnu-tools-for-stm32.9-2020-q2-update.win32_1.5.0.202011040924/tools/bin/../lib/gcc/arm-none-eabi/9.3.1/../../../../arm-none-eabi/lib/thumb/v7e-m+dp/hard\libc_nano.a(lib_a-errno.o)
 .ARM.attributes
                0x000000000000048e       0x30 c:/st/stm32cubeide_1.6.1/stm32cubeide/plugins/com.st.stm32cube.ide.mcu.externaltools.gnu-tools-for-stm32.9-2020-q2-update.win32_1.5.0.202011040924/tools/bin/../lib/gcc/arm-none-eabi/9.3.1/../../../../arm-none-eabi/lib/thumb/v7e-m+dp/hard\libc_nano.a(lib_a-impure.o)
 .ARM.attributes
                0x00000000000004be       0x32 c:/st/stm32cubeide_1.6.1/stm32cubeide/plugins/com.st.stm32cube.ide.mcu.externaltools.gnu-tools-for-stm32.9-2020-q2-update.win32_1.5.0.202011040924/tools/bin/../lib/gcc/arm-none-eabi/9.3.1/../../../../arm-none-eabi/lib/thumb/v7e-m+dp/hard\libc_nano.a(lib_a-init.o)
 .ARM.attributes
                0x00000000000004f0       0x32 c:/st/stm32cubeide_1.6.1/stm32cubeide/plugins/com.st.stm32cube.ide.mcu.externaltools.gnu-tools-for-stm32.9-2020-q2-update.win32_1.5.0.202011040924/tools/bin/../lib/gcc/arm-none-eabi/9.3.1/../../../../arm-none-eabi/lib/thumb/v7e-m+dp/hard\libc_nano.a(lib_a-memset.o)
 .ARM.attributes
                0x0000000000000522       0x32 c:/st/stm32cubeide_1.6.1/stm32cubeide/plugins/com.st.stm32cube.ide.mcu.externaltools.gnu-tools-for-stm32.9-2020-q2-update.win32_1.5.0.202011040924/tools/bin/../lib/gcc/arm-none-eabi/9.3.1/../../../../arm-none-eabi/lib/thumb/v7e-m+dp/hard\libm.a(lib_a-sf_pow.o)
 .ARM.attributes
                0x0000000000000554       0x30 c:/st/stm32cubeide_1.6.1/stm32cubeide/plugins/com.st.stm32cube.ide.mcu.externaltools.gnu-tools-for-stm32.9-2020-q2-update.win32_1.5.0.202011040924/tools/bin/../lib/gcc/arm-none-eabi/9.3.1/../../../../arm-none-eabi/lib/thumb/v7e-m+dp/hard\libm.a(lib_a-sf_pow_log2_data.o)
 .ARM.attributes
                0x0000000000000584       0x32 c:/st/stm32cubeide_1.6.1/stm32cubeide/plugins/com.st.stm32cube.ide.mcu.externaltools.gnu-tools-for-stm32.9-2020-q2-update.win32_1.5.0.202011040924/tools/bin/../lib/gcc/arm-none-eabi/9.3.1/../../../../arm-none-eabi/lib/thumb/v7e-m+dp/hard\libm.a(lib_a-math_errf.o)
 .ARM.attributes
                0x00000000000005b6       0x30 c:/st/stm32cubeide_1.6.1/stm32cubeide/plugins/com.st.stm32cube.ide.mcu.externaltools.gnu-tools-for-stm32.9-2020-q2-update.win32_1.5.0.202011040924/tools/bin/../lib/gcc/arm-none-eabi/9.3.1/../../../../arm-none-eabi/lib/thumb/v7e-m+dp/hard\libm.a(lib_a-sf_exp2_data.o)
 .ARM.attributes
                0x00000000000005e6       0x1e c:/st/stm32cubeide_1.6.1/stm32cubeide/plugins/com.st.stm32cube.ide.mcu.externaltools.gnu-tools-for-stm32.9-2020-q2-update.win32_1.5.0.202011040924/tools/bin/../lib/gcc/arm-none-eabi/9.3.1/thumb/v7e-m+dp/hard\libgcc.a(_aeabi_uldivmod.o)
 .ARM.attributes
                0x0000000000000604       0x32 c:/st/stm32cubeide_1.6.1/stm32cubeide/plugins/com.st.stm32cube.ide.mcu.externaltools.gnu-tools-for-stm32.9-2020-q2-update.win32_1.5.0.202011040924/tools/bin/../lib/gcc/arm-none-eabi/9.3.1/thumb/v7e-m+dp/hard\libgcc.a(_udivmoddi4.o)
 .ARM.attributes
                0x0000000000000636       0x1e c:/st/stm32cubeide_1.6.1/stm32cubeide/plugins/com.st.stm32cube.ide.mcu.externaltools.gnu-tools-for-stm32.9-2020-q2-update.win32_1.5.0.202011040924/tools/bin/../lib/gcc/arm-none-eabi/9.3.1/thumb/v7e-m+dp/hard\libgcc.a(_dvmd_tls.o)
 .ARM.attributes
                0x0000000000000654       0x1e c:/st/stm32cubeide_1.6.1/stm32cubeide/plugins/com.st.stm32cube.ide.mcu.externaltools.gnu-tools-for-stm32.9-2020-q2-update.win32_1.5.0.202011040924/tools/bin/../lib/gcc/arm-none-eabi/9.3.1/thumb/v7e-m+dp/hard/crtn.o
OUTPUT(microphone_CM7.elf elf32-littlearm)
LOAD linker stubs
LOAD c:/st/stm32cubeide_1.6.1/stm32cubeide/plugins/com.st.stm32cube.ide.mcu.externaltools.gnu-tools-for-stm32.9-2020-q2-update.win32_1.5.0.202011040924/tools/bin/../lib/gcc/arm-none-eabi/9.3.1/../../../../arm-none-eabi/lib/thumb/v7e-m+dp/hard\libc.a
LOAD c:/st/stm32cubeide_1.6.1/stm32cubeide/plugins/com.st.stm32cube.ide.mcu.externaltools.gnu-tools-for-stm32.9-2020-q2-update.win32_1.5.0.202011040924/tools/bin/../lib/gcc/arm-none-eabi/9.3.1/../../../../arm-none-eabi/lib/thumb/v7e-m+dp/hard\libm.a
LOAD c:/st/stm32cubeide_1.6.1/stm32cubeide/plugins/com.st.stm32cube.ide.mcu.externaltools.gnu-tools-for-stm32.9-2020-q2-update.win32_1.5.0.202011040924/tools/bin/../lib/gcc/arm-none-eabi/9.3.1/thumb/v7e-m+dp/hard\libgcc.a

.debug_info     0x0000000000000000    0x1ee80
 .debug_info    0x0000000000000000     0x184a Common/Src/system_stm32h7xx_dualcore_boot_cm4_cm7.o
 .debug_info    0x000000000000184a     0x1295 Common/common_drivers/Src/pdm_to_pcm.o
 .debug_info    0x0000000000002adf     0x2dbf Core/Src/main.o
 .debug_info    0x000000000000589e     0x25f4 Core/Src/stm32h7xx_hal_msp.o
 .debug_info    0x0000000000007e92     0x13e7 Core/Src/stm32h7xx_it.o
 .debug_info    0x0000000000009279       0x22 Core/Startup/startup_stm32h755zitx.o
 .debug_info    0x000000000000929b     0x21f2 Drivers/STM32H7xx_HAL_Driver/stm32h7xx_hal.o
 .debug_info    0x000000000000b48d     0x1c37 Drivers/STM32H7xx_HAL_Driver/stm32h7xx_hal_cortex.o
 .debug_info    0x000000000000d0c4      0xfcf Drivers/STM32H7xx_HAL_Driver/stm32h7xx_hal_crc.o
 .debug_info    0x000000000000e093      0xe02 Drivers/STM32H7xx_HAL_Driver/stm32h7xx_hal_crc_ex.o
 .debug_info    0x000000000000ee95     0x175f Drivers/STM32H7xx_HAL_Driver/stm32h7xx_hal_dma.o
 .debug_info    0x00000000000105f4     0x189e Drivers/STM32H7xx_HAL_Driver/stm32h7xx_hal_gpio.o
 .debug_info    0x0000000000011e92      0xed3 Drivers/STM32H7xx_HAL_Driver/stm32h7xx_hal_hsem.o
 .debug_info    0x0000000000012d65     0x1d5d Drivers/STM32H7xx_HAL_Driver/stm32h7xx_hal_pwr_ex.o
 .debug_info    0x0000000000014ac2     0x194f Drivers/STM32H7xx_HAL_Driver/stm32h7xx_hal_rcc.o
 .debug_info    0x0000000000016411     0x1de1 Drivers/STM32H7xx_HAL_Driver/stm32h7xx_hal_rcc_ex.o
 .debug_info    0x00000000000181f2     0x1e84 Drivers/STM32H7xx_HAL_Driver/stm32h7xx_hal_sai.o
 .debug_info    0x000000000001a076     0x2937 Drivers/STM32H7xx_HAL_Driver/stm32h7xx_hal_uart.o
 .debug_info    0x000000000001c9ad     0x178e Drivers/STM32H7xx_HAL_Driver/stm32h7xx_hal_uart_ex.o
 .debug_info    0x000000000001e13b      0xd45 PDM2PCM/App/pdm2pcm.o

.debug_abbrev   0x0000000000000000     0x3780
 .debug_abbrev  0x0000000000000000      0x262 Common/Src/system_stm32h7xx_dualcore_boot_cm4_cm7.o
 .debug_abbrev  0x0000000000000262      0x2fb Common/common_drivers/Src/pdm_to_pcm.o
 .debug_abbrev  0x000000000000055d      0x418 Core/Src/main.o
 .debug_abbrev  0x0000000000000975      0x2c3 Core/Src/stm32h7xx_hal_msp.o
 .debug_abbrev  0x0000000000000c38      0x211 Core/Src/stm32h7xx_it.o
 .debug_abbrev  0x0000000000000e49       0x12 Core/Startup/startup_stm32h755zitx.o
 .debug_abbrev  0x0000000000000e5b      0x31b Drivers/STM32H7xx_HAL_Driver/stm32h7xx_hal.o
 .debug_abbrev  0x0000000000001176      0x409 Drivers/STM32H7xx_HAL_Driver/stm32h7xx_hal_cortex.o
 .debug_abbrev  0x000000000000157f      0x2bc Drivers/STM32H7xx_HAL_Driver/stm32h7xx_hal_crc.o
 .debug_abbrev  0x000000000000183b      0x248 Drivers/STM32H7xx_HAL_Driver/stm32h7xx_hal_crc_ex.o
 .debug_abbrev  0x0000000000001a83      0x2c1 Drivers/STM32H7xx_HAL_Driver/stm32h7xx_hal_dma.o
 .debug_abbrev  0x0000000000001d44      0x2cb Drivers/STM32H7xx_HAL_Driver/stm32h7xx_hal_gpio.o
 .debug_abbrev  0x000000000000200f      0x2e9 Drivers/STM32H7xx_HAL_Driver/stm32h7xx_hal_hsem.o
 .debug_abbrev  0x00000000000022f8      0x37d Drivers/STM32H7xx_HAL_Driver/stm32h7xx_hal_pwr_ex.o
 .debug_abbrev  0x0000000000002675      0x322 Drivers/STM32H7xx_HAL_Driver/stm32h7xx_hal_rcc.o
 .debug_abbrev  0x0000000000002997      0x31d Drivers/STM32H7xx_HAL_Driver/stm32h7xx_hal_rcc_ex.o
 .debug_abbrev  0x0000000000002cb4      0x2f8 Drivers/STM32H7xx_HAL_Driver/stm32h7xx_hal_sai.o
 .debug_abbrev  0x0000000000002fac      0x309 Drivers/STM32H7xx_HAL_Driver/stm32h7xx_hal_uart.o
 .debug_abbrev  0x00000000000032b5      0x2a5 Drivers/STM32H7xx_HAL_Driver/stm32h7xx_hal_uart_ex.o
 .debug_abbrev  0x000000000000355a      0x226 PDM2PCM/App/pdm2pcm.o

.debug_aranges  0x0000000000000000      0xe50
 .debug_aranges
                0x0000000000000000       0x28 Common/Src/system_stm32h7xx_dualcore_boot_cm4_cm7.o
 .debug_aranges
                0x0000000000000028       0x28 Common/common_drivers/Src/pdm_to_pcm.o
 .debug_aranges
                0x0000000000000050       0x78 Core/Src/main.o
 .debug_aranges
                0x00000000000000c8       0x50 Core/Src/stm32h7xx_hal_msp.o
 .debug_aranges
                0x0000000000000118       0x78 Core/Src/stm32h7xx_it.o
 .debug_aranges
                0x0000000000000190       0x28 Core/Startup/startup_stm32h755zitx.o
 .debug_aranges
                0x00000000000001b8      0x200 Drivers/STM32H7xx_HAL_Driver/stm32h7xx_hal.o
 .debug_aranges
                0x00000000000003b8      0x120 Drivers/STM32H7xx_HAL_Driver/stm32h7xx_hal_cortex.o
 .debug_aranges
                0x00000000000004d8       0x60 Drivers/STM32H7xx_HAL_Driver/stm32h7xx_hal_crc.o
 .debug_aranges
                0x0000000000000538       0x30 Drivers/STM32H7xx_HAL_Driver/stm32h7xx_hal_crc_ex.o
 .debug_aranges
                0x0000000000000568       0xa0 Drivers/STM32H7xx_HAL_Driver/stm32h7xx_hal_dma.o
 .debug_aranges
                0x0000000000000608       0x58 Drivers/STM32H7xx_HAL_Driver/stm32h7xx_hal_gpio.o
 .debug_aranges
                0x0000000000000660       0x70 Drivers/STM32H7xx_HAL_Driver/stm32h7xx_hal_hsem.o
 .debug_aranges
                0x00000000000006d0      0x170 Drivers/STM32H7xx_HAL_Driver/stm32h7xx_hal_pwr_ex.o
 .debug_aranges
                0x0000000000000840       0x88 Drivers/STM32H7xx_HAL_Driver/stm32h7xx_hal_rcc.o
 .debug_aranges
                0x00000000000008c8      0x100 Drivers/STM32H7xx_HAL_Driver/stm32h7xx_hal_rcc_ex.o
 .debug_aranges
                0x00000000000009c8      0x178 Drivers/STM32H7xx_HAL_Driver/stm32h7xx_hal_sai.o
 .debug_aranges
                0x0000000000000b40      0x248 Drivers/STM32H7xx_HAL_Driver/stm32h7xx_hal_uart.o
 .debug_aranges
                0x0000000000000d88       0xa0 Drivers/STM32H7xx_HAL_Driver/stm32h7xx_hal_uart_ex.o
 .debug_aranges
                0x0000000000000e28       0x28 PDM2PCM/App/pdm2pcm.o

.debug_ranges   0x0000000000000000      0xd60
 .debug_ranges  0x0000000000000000       0x18 Common/Src/system_stm32h7xx_dualcore_boot_cm4_cm7.o
 .debug_ranges  0x0000000000000018       0x18 Common/common_drivers/Src/pdm_to_pcm.o
 .debug_ranges  0x0000000000000030       0x68 Core/Src/main.o
 .debug_ranges  0x0000000000000098       0x40 Core/Src/stm32h7xx_hal_msp.o
 .debug_ranges  0x00000000000000d8       0x68 Core/Src/stm32h7xx_it.o
 .debug_ranges  0x0000000000000140       0x20 Core/Startup/startup_stm32h755zitx.o
 .debug_ranges  0x0000000000000160      0x1f0 Drivers/STM32H7xx_HAL_Driver/stm32h7xx_hal.o
 .debug_ranges  0x0000000000000350      0x110 Drivers/STM32H7xx_HAL_Driver/stm32h7xx_hal_cortex.o
 .debug_ranges  0x0000000000000460       0x50 Drivers/STM32H7xx_HAL_Driver/stm32h7xx_hal_crc.o
 .debug_ranges  0x00000000000004b0       0x20 Drivers/STM32H7xx_HAL_Driver/stm32h7xx_hal_crc_ex.o
 .debug_ranges  0x00000000000004d0       0x90 Drivers/STM32H7xx_HAL_Driver/stm32h7xx_hal_dma.o
 .debug_ranges  0x0000000000000560       0x48 Drivers/STM32H7xx_HAL_Driver/stm32h7xx_hal_gpio.o
 .debug_ranges  0x00000000000005a8       0x60 Drivers/STM32H7xx_HAL_Driver/stm32h7xx_hal_hsem.o
 .debug_ranges  0x0000000000000608      0x160 Drivers/STM32H7xx_HAL_Driver/stm32h7xx_hal_pwr_ex.o
 .debug_ranges  0x0000000000000768       0x78 Drivers/STM32H7xx_HAL_Driver/stm32h7xx_hal_rcc.o
 .debug_ranges  0x00000000000007e0       0xf0 Drivers/STM32H7xx_HAL_Driver/stm32h7xx_hal_rcc_ex.o
 .debug_ranges  0x00000000000008d0      0x180 Drivers/STM32H7xx_HAL_Driver/stm32h7xx_hal_sai.o
 .debug_ranges  0x0000000000000a50      0x268 Drivers/STM32H7xx_HAL_Driver/stm32h7xx_hal_uart.o
 .debug_ranges  0x0000000000000cb8       0x90 Drivers/STM32H7xx_HAL_Driver/stm32h7xx_hal_uart_ex.o
 .debug_ranges  0x0000000000000d48       0x18 PDM2PCM/App/pdm2pcm.o

.debug_macro    0x0000000000000000    0x3a192
 .debug_macro   0x0000000000000000      0x2c7 Common/Src/system_stm32h7xx_dualcore_boot_cm4_cm7.o
 .debug_macro   0x00000000000002c7      0xac6 Common/Src/system_stm32h7xx_dualcore_boot_cm4_cm7.o
 .debug_macro   0x0000000000000d8d       0x2e Common/Src/system_stm32h7xx_dualcore_boot_cm4_cm7.o
 .debug_macro   0x0000000000000dbb       0x49 Common/Src/system_stm32h7xx_dualcore_boot_cm4_cm7.o
 .debug_macro   0x0000000000000e04       0x22 Common/Src/system_stm32h7xx_dualcore_boot_cm4_cm7.o
 .debug_macro   0x0000000000000e26       0x8e Common/Src/system_stm32h7xx_dualcore_boot_cm4_cm7.o
 .debug_macro   0x0000000000000eb4       0x51 Common/Src/system_stm32h7xx_dualcore_boot_cm4_cm7.o
 .debug_macro   0x0000000000000f05      0x103 Common/Src/system_stm32h7xx_dualcore_boot_cm4_cm7.o
 .debug_macro   0x0000000000001008       0x6a Common/Src/system_stm32h7xx_dualcore_boot_cm4_cm7.o
 .debug_macro   0x0000000000001072      0x1df Common/Src/system_stm32h7xx_dualcore_boot_cm4_cm7.o
 .debug_macro   0x0000000000001251       0x1c Common/Src/system_stm32h7xx_dualcore_boot_cm4_cm7.o
 .debug_macro   0x000000000000126d       0x22 Common/Src/system_stm32h7xx_dualcore_boot_cm4_cm7.o
 .debug_macro   0x000000000000128f      0x101 Common/Src/system_stm32h7xx_dualcore_boot_cm4_cm7.o
 .debug_macro   0x0000000000001390     0x1305 Common/Src/system_stm32h7xx_dualcore_boot_cm4_cm7.o
 .debug_macro   0x0000000000002695      0x11f Common/Src/system_stm32h7xx_dualcore_boot_cm4_cm7.o
 .debug_macro   0x00000000000027b4       0x27 Common/Src/system_stm32h7xx_dualcore_boot_cm4_cm7.o
 .debug_macro   0x00000000000027db    0x26ec8 Common/Src/system_stm32h7xx_dualcore_boot_cm4_cm7.o
 .debug_macro   0x00000000000296a3       0x43 Common/Src/system_stm32h7xx_dualcore_boot_cm4_cm7.o
 .debug_macro   0x00000000000296e6      0x23e Common/Src/system_stm32h7xx_dualcore_boot_cm4_cm7.o
 .debug_macro   0x0000000000029924     0x3cd3 Common/Src/system_stm32h7xx_dualcore_boot_cm4_cm7.o
 .debug_macro   0x000000000002d5f7      0x174 Common/Src/system_stm32h7xx_dualcore_boot_cm4_cm7.o
 .debug_macro   0x000000000002d76b       0x52 Common/Src/system_stm32h7xx_dualcore_boot_cm4_cm7.o
 .debug_macro   0x000000000002d7bd       0x17 Common/Src/system_stm32h7xx_dualcore_boot_cm4_cm7.o
 .debug_macro   0x000000000002d7d4       0x3c Common/Src/system_stm32h7xx_dualcore_boot_cm4_cm7.o
 .debug_macro   0x000000000002d810       0x34 Common/Src/system_stm32h7xx_dualcore_boot_cm4_cm7.o
 .debug_macro   0x000000000002d844       0x16 Common/Src/system_stm32h7xx_dualcore_boot_cm4_cm7.o
 .debug_macro   0x000000000002d85a       0x43 Common/Src/system_stm32h7xx_dualcore_boot_cm4_cm7.o
 .debug_macro   0x000000000002d89d       0x34 Common/Src/system_stm32h7xx_dualcore_boot_cm4_cm7.o
 .debug_macro   0x000000000002d8d1       0x10 Common/Src/system_stm32h7xx_dualcore_boot_cm4_cm7.o
 .debug_macro   0x000000000002d8e1       0x58 Common/Src/system_stm32h7xx_dualcore_boot_cm4_cm7.o
 .debug_macro   0x000000000002d939       0x71 Common/Src/system_stm32h7xx_dualcore_boot_cm4_cm7.o
 .debug_macro   0x000000000002d9aa       0x1c Common/Src/system_stm32h7xx_dualcore_boot_cm4_cm7.o
 .debug_macro   0x000000000002d9c6      0x12a Common/Src/system_stm32h7xx_dualcore_boot_cm4_cm7.o
 .debug_macro   0x000000000002daf0      0x333 Common/Src/system_stm32h7xx_dualcore_boot_cm4_cm7.o
 .debug_macro   0x000000000002de23      0x1a9 Common/Src/system_stm32h7xx_dualcore_boot_cm4_cm7.o
 .debug_macro   0x000000000002dfcc       0x5d Common/Src/system_stm32h7xx_dualcore_boot_cm4_cm7.o
 .debug_macro   0x000000000002e029     0x3b99 Common/Src/system_stm32h7xx_dualcore_boot_cm4_cm7.o
 .debug_macro   0x0000000000031bc2     0x1048 Common/Src/system_stm32h7xx_dualcore_boot_cm4_cm7.o
 .debug_macro   0x0000000000032c0a      0x14d Common/Src/system_stm32h7xx_dualcore_boot_cm4_cm7.o
 .debug_macro   0x0000000000032d57      0x133 Common/Src/system_stm32h7xx_dualcore_boot_cm4_cm7.o
 .debug_macro   0x0000000000032e8a      0x3be Common/Src/system_stm32h7xx_dualcore_boot_cm4_cm7.o
 .debug_macro   0x0000000000033248       0x27 Common/Src/system_stm32h7xx_dualcore_boot_cm4_cm7.o
 .debug_macro   0x000000000003326f      0x72d Common/Src/system_stm32h7xx_dualcore_boot_cm4_cm7.o
 .debug_macro   0x000000000003399c      0x229 Common/Src/system_stm32h7xx_dualcore_boot_cm4_cm7.o
 .debug_macro   0x0000000000033bc5       0x66 Common/Src/system_stm32h7xx_dualcore_boot_cm4_cm7.o
 .debug_macro   0x0000000000033c2b      0x3bb Common/Src/system_stm32h7xx_dualcore_boot_cm4_cm7.o
 .debug_macro   0x0000000000033fe6      0x408 Common/Src/system_stm32h7xx_dualcore_boot_cm4_cm7.o
 .debug_macro   0x00000000000343ee      0x27c Common/Src/system_stm32h7xx_dualcore_boot_cm4_cm7.o
 .debug_macro   0x000000000003466a       0xd5 Common/Src/system_stm32h7xx_dualcore_boot_cm4_cm7.o
 .debug_macro   0x000000000003473f       0x4c Common/Src/system_stm32h7xx_dualcore_boot_cm4_cm7.o
 .debug_macro   0x000000000003478b      0x3cb Common/Src/system_stm32h7xx_dualcore_boot_cm4_cm7.o
 .debug_macro   0x0000000000034b56      0x4a2 Common/Src/system_stm32h7xx_dualcore_boot_cm4_cm7.o
 .debug_macro   0x0000000000034ff8       0x51 Common/Src/system_stm32h7xx_dualcore_boot_cm4_cm7.o
 .debug_macro   0x0000000000035049       0x4a Common/Src/system_stm32h7xx_dualcore_boot_cm4_cm7.o
 .debug_macro   0x0000000000035093      0x22c Common/Src/system_stm32h7xx_dualcore_boot_cm4_cm7.o
 .debug_macro   0x00000000000352bf       0x67 Common/Src/system_stm32h7xx_dualcore_boot_cm4_cm7.o
 .debug_macro   0x0000000000035326       0xa5 Common/Src/system_stm32h7xx_dualcore_boot_cm4_cm7.o
 .debug_macro   0x00000000000353cb      0x219 Common/Src/system_stm32h7xx_dualcore_boot_cm4_cm7.o
 .debug_macro   0x00000000000355e4      0x2eb Common/Src/system_stm32h7xx_dualcore_boot_cm4_cm7.o
 .debug_macro   0x00000000000358cf       0x35 Common/Src/system_stm32h7xx_dualcore_boot_cm4_cm7.o
 .debug_macro   0x0000000000035904      0x3bb Common/Src/system_stm32h7xx_dualcore_boot_cm4_cm7.o
 .debug_macro   0x0000000000035cbf       0x10 Common/Src/system_stm32h7xx_dualcore_boot_cm4_cm7.o
 .debug_macro   0x0000000000035ccf       0xe4 Common/Src/system_stm32h7xx_dualcore_boot_cm4_cm7.o
 .debug_macro   0x0000000000035db3      0x67e Common/Src/system_stm32h7xx_dualcore_boot_cm4_cm7.o
 .debug_macro   0x0000000000036431       0xa6 Common/Src/system_stm32h7xx_dualcore_boot_cm4_cm7.o
 .debug_macro   0x00000000000364d7      0x798 Common/Src/system_stm32h7xx_dualcore_boot_cm4_cm7.o
 .debug_macro   0x0000000000036c6f      0x2ed Common/common_drivers/Src/pdm_to_pcm.o
 .debug_macro   0x0000000000036f5c       0x7c Common/common_drivers/Src/pdm_to_pcm.o
 .debug_macro   0x0000000000036fd8       0x10 Common/common_drivers/Src/pdm_to_pcm.o
 .debug_macro   0x0000000000036fe8      0x2f7 Core/Src/main.o
 .debug_macro   0x00000000000372df       0x82 Core/Src/main.o
 .debug_macro   0x0000000000037361      0x2e7 Core/Src/stm32h7xx_hal_msp.o
 .debug_macro   0x0000000000037648      0x2f1 Core/Src/stm32h7xx_it.o
 .debug_macro   0x0000000000037939      0x2eb Drivers/STM32H7xx_HAL_Driver/stm32h7xx_hal.o
 .debug_macro   0x0000000000037c24      0x2c1 Drivers/STM32H7xx_HAL_Driver/stm32h7xx_hal_cortex.o
 .debug_macro   0x0000000000037ee5      0x2c1 Drivers/STM32H7xx_HAL_Driver/stm32h7xx_hal_crc.o
 .debug_macro   0x00000000000381a6      0x2c1 Drivers/STM32H7xx_HAL_Driver/stm32h7xx_hal_crc_ex.o
 .debug_macro   0x0000000000038467      0x315 Drivers/STM32H7xx_HAL_Driver/stm32h7xx_hal_dma.o
 .debug_macro   0x000000000003877c      0x30b Drivers/STM32H7xx_HAL_Driver/stm32h7xx_hal_gpio.o
 .debug_macro   0x0000000000038a87      0x2d3 Drivers/STM32H7xx_HAL_Driver/stm32h7xx_hal_hsem.o
 .debug_macro   0x0000000000038d5a      0x2fa Drivers/STM32H7xx_HAL_Driver/stm32h7xx_hal_pwr_ex.o
 .debug_macro   0x0000000000039054      0x2e5 Drivers/STM32H7xx_HAL_Driver/stm32h7xx_hal_rcc.o
 .debug_macro   0x0000000000039339      0x2df Drivers/STM32H7xx_HAL_Driver/stm32h7xx_hal_rcc_ex.o
 .debug_macro   0x0000000000039618      0x2d0 Drivers/STM32H7xx_HAL_Driver/stm32h7xx_hal_sai.o
 .debug_macro   0x00000000000398e8      0x2ec Drivers/STM32H7xx_HAL_Driver/stm32h7xx_hal_uart.o
 .debug_macro   0x0000000000039bd4      0x2cd Drivers/STM32H7xx_HAL_Driver/stm32h7xx_hal_uart_ex.o
 .debug_macro   0x0000000000039ea1      0x2f1 PDM2PCM/App/pdm2pcm.o

.debug_line     0x0000000000000000    0x148d3
 .debug_line    0x0000000000000000      0xaaf Common/Src/system_stm32h7xx_dualcore_boot_cm4_cm7.o
 .debug_line    0x0000000000000aaf      0xb31 Common/common_drivers/Src/pdm_to_pcm.o
 .debug_line    0x00000000000015e0      0xd6e Core/Src/main.o
 .debug_line    0x000000000000234e      0xac5 Core/Src/stm32h7xx_hal_msp.o
 .debug_line    0x0000000000002e13      0xa55 Core/Src/stm32h7xx_it.o
 .debug_line    0x0000000000003868       0x88 Core/Startup/startup_stm32h755zitx.o
 .debug_line    0x00000000000038f0      0xfe9 Drivers/STM32H7xx_HAL_Driver/stm32h7xx_hal.o
 .debug_line    0x00000000000048d9      0xe9c Drivers/STM32H7xx_HAL_Driver/stm32h7xx_hal_cortex.o
 .debug_line    0x0000000000005775      0xc1d Drivers/STM32H7xx_HAL_Driver/stm32h7xx_hal_crc.o
 .debug_line    0x0000000000006392      0x98f Drivers/STM32H7xx_HAL_Driver/stm32h7xx_hal_crc_ex.o
 .debug_line    0x0000000000006d21     0x27ce Drivers/STM32H7xx_HAL_Driver/stm32h7xx_hal_dma.o
 .debug_line    0x00000000000094ef      0xd55 Drivers/STM32H7xx_HAL_Driver/stm32h7xx_hal_gpio.o
 .debug_line    0x000000000000a244      0xa4c Drivers/STM32H7xx_HAL_Driver/stm32h7xx_hal_hsem.o
 .debug_line    0x000000000000ac90     0x10b7 Drivers/STM32H7xx_HAL_Driver/stm32h7xx_hal_pwr_ex.o
 .debug_line    0x000000000000bd47     0x13d6 Drivers/STM32H7xx_HAL_Driver/stm32h7xx_hal_rcc.o
 .debug_line    0x000000000000d11d     0x1bbb Drivers/STM32H7xx_HAL_Driver/stm32h7xx_hal_rcc_ex.o
 .debug_line    0x000000000000ecd8     0x1f19 Drivers/STM32H7xx_HAL_Driver/stm32h7xx_hal_sai.o
 .debug_line    0x0000000000010bf1     0x24c8 Drivers/STM32H7xx_HAL_Driver/stm32h7xx_hal_uart.o
 .debug_line    0x00000000000130b9      0xe78 Drivers/STM32H7xx_HAL_Driver/stm32h7xx_hal_uart_ex.o
 .debug_line    0x0000000000013f31      0x9a2 PDM2PCM/App/pdm2pcm.o

.debug_str      0x0000000000000000   0x17c603
 .debug_str     0x0000000000000000   0x176801 Common/Src/system_stm32h7xx_dualcore_boot_cm4_cm7.o
                                     0x176d42 (size before relaxing)
 .debug_str     0x0000000000176801      0x5a1 Common/common_drivers/Src/pdm_to_pcm.o
                                     0x176e02 (size before relaxing)
 .debug_str     0x0000000000176da2     0x14e1 Core/Src/main.o
                                     0x178561 (size before relaxing)
 .debug_str     0x0000000000178283      0x411 Core/Src/stm32h7xx_hal_msp.o
                                     0x178444 (size before relaxing)
 .debug_str     0x0000000000178694       0xff Core/Src/stm32h7xx_it.o
                                     0x1771f4 (size before relaxing)
 .debug_str     0x0000000000178793       0x36 Core/Startup/startup_stm32h755zitx.o
                                         0x89 (size before relaxing)
 .debug_str     0x00000000001787c9      0x917 Drivers/STM32H7xx_HAL_Driver/stm32h7xx_hal.o
                                     0x177cf0 (size before relaxing)
 .debug_str     0x00000000001790e0      0x3d2 Drivers/STM32H7xx_HAL_Driver/stm32h7xx_hal_cortex.o
                                     0x177624 (size before relaxing)
 .debug_str     0x00000000001794b2      0x100 Drivers/STM32H7xx_HAL_Driver/stm32h7xx_hal_crc.o
                                     0x1769d5 (size before relaxing)
 .debug_str     0x00000000001795b2       0xc8 Drivers/STM32H7xx_HAL_Driver/stm32h7xx_hal_crc_ex.o
                                     0x1769a8 (size before relaxing)
 .debug_str     0x000000000017967a      0x8c6 Drivers/STM32H7xx_HAL_Driver/stm32h7xx_hal_dma.o
                                     0x1773b5 (size before relaxing)
 .debug_str     0x0000000000179f40      0x291 Drivers/STM32H7xx_HAL_Driver/stm32h7xx_hal_gpio.o
                                     0x176dcc (size before relaxing)
 .debug_str     0x000000000017a1d1      0x24f Drivers/STM32H7xx_HAL_Driver/stm32h7xx_hal_hsem.o
                                     0x176996 (size before relaxing)
 .debug_str     0x000000000017a420      0x6c8 Drivers/STM32H7xx_HAL_Driver/stm32h7xx_hal_pwr_ex.o
                                     0x1771d0 (size before relaxing)
 .debug_str     0x000000000017aae8      0x2b2 Drivers/STM32H7xx_HAL_Driver/stm32h7xx_hal_rcc.o
                                     0x176ff8 (size before relaxing)
 .debug_str     0x000000000017ad9a      0x6cf Drivers/STM32H7xx_HAL_Driver/stm32h7xx_hal_rcc_ex.o
                                     0x177512 (size before relaxing)
 .debug_str     0x000000000017b469      0x461 Drivers/STM32H7xx_HAL_Driver/stm32h7xx_hal_sai.o
                                     0x177210 (size before relaxing)
 .debug_str     0x000000000017b8ca      0x9c2 Drivers/STM32H7xx_HAL_Driver/stm32h7xx_hal_uart.o
                                     0x1779dd (size before relaxing)
 .debug_str     0x000000000017c28c      0x32d Drivers/STM32H7xx_HAL_Driver/stm32h7xx_hal_uart_ex.o
                                     0x177005 (size before relaxing)
 .debug_str     0x000000000017c5b9       0x4a PDM2PCM/App/pdm2pcm.o
                                     0x176c5d (size before relaxing)

.comment        0x0000000000000000       0xd1
 .comment       0x0000000000000000       0x53 Common/Src/system_stm32h7xx_dualcore_boot_cm4_cm7.o
                                         0x54 (size before relaxing)
 .comment       0x0000000000000053       0x54 Common/common_drivers/Src/pdm_to_pcm.o
 .comment       0x0000000000000053       0x54 Core/Src/main.o
 .comment       0x0000000000000053       0x54 Core/Src/stm32h7xx_hal_msp.o
 .comment       0x0000000000000053       0x54 Core/Src/stm32h7xx_it.o
 .comment       0x0000000000000053       0x54 Drivers/STM32H7xx_HAL_Driver/stm32h7xx_hal.o
 .comment       0x0000000000000053       0x54 Drivers/STM32H7xx_HAL_Driver/stm32h7xx_hal_cortex.o
 .comment       0x0000000000000053       0x54 Drivers/STM32H7xx_HAL_Driver/stm32h7xx_hal_crc.o
 .comment       0x0000000000000053       0x54 Drivers/STM32H7xx_HAL_Driver/stm32h7xx_hal_crc_ex.o
 .comment       0x0000000000000053       0x54 Drivers/STM32H7xx_HAL_Driver/stm32h7xx_hal_dma.o
 .comment       0x0000000000000053       0x54 Drivers/STM32H7xx_HAL_Driver/stm32h7xx_hal_gpio.o
 .comment       0x0000000000000053       0x54 Drivers/STM32H7xx_HAL_Driver/stm32h7xx_hal_hsem.o
 .comment       0x0000000000000053       0x54 Drivers/STM32H7xx_HAL_Driver/stm32h7xx_hal_pwr_ex.o
 .comment       0x0000000000000053       0x54 Drivers/STM32H7xx_HAL_Driver/stm32h7xx_hal_rcc.o
 .comment       0x0000000000000053       0x54 Drivers/STM32H7xx_HAL_Driver/stm32h7xx_hal_rcc_ex.o
 .comment       0x0000000000000053       0x54 Drivers/STM32H7xx_HAL_Driver/stm32h7xx_hal_sai.o
 .comment       0x0000000000000053       0x54 Drivers/STM32H7xx_HAL_Driver/stm32h7xx_hal_uart.o
 .comment       0x0000000000000053       0x54 Drivers/STM32H7xx_HAL_Driver/stm32h7xx_hal_uart_ex.o
 .comment       0x0000000000000053       0x54 PDM2PCM/App/pdm2pcm.o
 .comment       0x0000000000000053       0x7e ../../Middlewares/ST/STM32_Audio/Addons/PDM/Lib\libPDMFilter_CM7_GCC_wc32.a(pdm_filter.o)
                                         0x7f (size before relaxing)

.debug_frame    0x0000000000000000     0x3b70
 .debug_frame   0x0000000000000000       0x58 Common/Src/system_stm32h7xx_dualcore_boot_cm4_cm7.o
 .debug_frame   0x0000000000000058       0x58 Common/common_drivers/Src/pdm_to_pcm.o
 .debug_frame   0x00000000000000b0      0x1ac Core/Src/main.o
 .debug_frame   0x000000000000025c      0x120 Core/Src/stm32h7xx_hal_msp.o
 .debug_frame   0x000000000000037c      0x158 Core/Src/stm32h7xx_it.o
 .debug_frame   0x00000000000004d4      0x848 Drivers/STM32H7xx_HAL_Driver/stm32h7xx_hal.o
 .debug_frame   0x0000000000000d1c      0x4b8 Drivers/STM32H7xx_HAL_Driver/stm32h7xx_hal_cortex.o
 .debug_frame   0x00000000000011d4      0x168 Drivers/STM32H7xx_HAL_Driver/stm32h7xx_hal_crc.o
 .debug_frame   0x000000000000133c       0x88 Drivers/STM32H7xx_HAL_Driver/stm32h7xx_hal_crc_ex.o
 .debug_frame   0x00000000000013c4      0x2b4 Drivers/STM32H7xx_HAL_Driver/stm32h7xx_hal_dma.o
 .debug_frame   0x0000000000001678      0x14c Drivers/STM32H7xx_HAL_Driver/stm32h7xx_hal_gpio.o
 .debug_frame   0x00000000000017c4      0x1bc Drivers/STM32H7xx_HAL_Driver/stm32h7xx_hal_hsem.o
 .debug_frame   0x0000000000001980      0x5ec Drivers/STM32H7xx_HAL_Driver/stm32h7xx_hal_pwr_ex.o
 .debug_frame   0x0000000000001f6c      0x1f8 Drivers/STM32H7xx_HAL_Driver/stm32h7xx_hal_rcc.o
 .debug_frame   0x0000000000002164      0x41c Drivers/STM32H7xx_HAL_Driver/stm32h7xx_hal_rcc_ex.o
 .debug_frame   0x0000000000002580      0x69c Drivers/STM32H7xx_HAL_Driver/stm32h7xx_hal_sai.o
 .debug_frame   0x0000000000002c1c      0xa7c Drivers/STM32H7xx_HAL_Driver/stm32h7xx_hal_uart.o
 .debug_frame   0x0000000000003698      0x29c Drivers/STM32H7xx_HAL_Driver/stm32h7xx_hal_uart_ex.o
 .debug_frame   0x0000000000003934       0x54 PDM2PCM/App/pdm2pcm.o
 .debug_frame   0x0000000000003988       0x20 c:/st/stm32cubeide_1.6.1/stm32cubeide/plugins/com.st.stm32cube.ide.mcu.externaltools.gnu-tools-for-stm32.9-2020-q2-update.win32_1.5.0.202011040924/tools/bin/../lib/gcc/arm-none-eabi/9.3.1/../../../../arm-none-eabi/lib/thumb/v7e-m+dp/hard\libc_nano.a(lib_a-errno.o)
 .debug_frame   0x00000000000039a8       0x2c c:/st/stm32cubeide_1.6.1/stm32cubeide/plugins/com.st.stm32cube.ide.mcu.externaltools.gnu-tools-for-stm32.9-2020-q2-update.win32_1.5.0.202011040924/tools/bin/../lib/gcc/arm-none-eabi/9.3.1/../../../../arm-none-eabi/lib/thumb/v7e-m+dp/hard\libc_nano.a(lib_a-init.o)
 .debug_frame   0x00000000000039d4       0x20 c:/st/stm32cubeide_1.6.1/stm32cubeide/plugins/com.st.stm32cube.ide.mcu.externaltools.gnu-tools-for-stm32.9-2020-q2-update.win32_1.5.0.202011040924/tools/bin/../lib/gcc/arm-none-eabi/9.3.1/../../../../arm-none-eabi/lib/thumb/v7e-m+dp/hard\libc_nano.a(lib_a-memset.o)
 .debug_frame   0x00000000000039f4       0x90 c:/st/stm32cubeide_1.6.1/stm32cubeide/plugins/com.st.stm32cube.ide.mcu.externaltools.gnu-tools-for-stm32.9-2020-q2-update.win32_1.5.0.202011040924/tools/bin/../lib/gcc/arm-none-eabi/9.3.1/../../../../arm-none-eabi/lib/thumb/v7e-m+dp/hard\libm.a(lib_a-sf_pow.o)
 .debug_frame   0x0000000000003a84       0x8c c:/st/stm32cubeide_1.6.1/stm32cubeide/plugins/com.st.stm32cube.ide.mcu.externaltools.gnu-tools-for-stm32.9-2020-q2-update.win32_1.5.0.202011040924/tools/bin/../lib/gcc/arm-none-eabi/9.3.1/../../../../arm-none-eabi/lib/thumb/v7e-m+dp/hard\libm.a(lib_a-math_errf.o)
 .debug_frame   0x0000000000003b10       0x2c c:/st/stm32cubeide_1.6.1/stm32cubeide/plugins/com.st.stm32cube.ide.mcu.externaltools.gnu-tools-for-stm32.9-2020-q2-update.win32_1.5.0.202011040924/tools/bin/../lib/gcc/arm-none-eabi/9.3.1/thumb/v7e-m+dp/hard\libgcc.a(_aeabi_uldivmod.o)
 .debug_frame   0x0000000000003b3c       0x34 c:/st/stm32cubeide_1.6.1/stm32cubeide/plugins/com.st.stm32cube.ide.mcu.externaltools.gnu-tools-for-stm32.9-2020-q2-update.win32_1.5.0.202011040924/tools/bin/../lib/gcc/arm-none-eabi/9.3.1/thumb/v7e-m+dp/hard\libgcc.a(_udivmoddi4.o)
