Archive member included to satisfy reference by file (symbol)

../../Middlewares/ST/STM32_Audio/Addons/PDM/Lib\libPDMFilter_CM7_GCC_wc32.a(pdm_filter.o)
                              Common/common_drivers/Src/pdm_to_pcm.o (PDM_Filter_Init)
c:/st/stm32cubeide_1.6.1/stm32cubeide/plugins/com.st.stm32cube.ide.mcu.externaltools.gnu-tools-for-stm32.9-2020-q2-update.win32_1.5.0.202011040924/tools/bin/../lib/gcc/arm-none-eabi/9.3.1/../../../../arm-none-eabi/lib/thumb/v7e-m+dp/hard\libc_nano.a(lib_a-errno.o)
                              Core/Src/syscalls.o (__errno)
c:/st/stm32cubeide_1.6.1/stm32cubeide/plugins/com.st.stm32cube.ide.mcu.externaltools.gnu-tools-for-stm32.9-2020-q2-update.win32_1.5.0.202011040924/tools/bin/../lib/gcc/arm-none-eabi/9.3.1/../../../../arm-none-eabi/lib/thumb/v7e-m+dp/hard\libc_nano.a(lib_a-exit.o)
                              c:/st/stm32cubeide_1.6.1/stm32cubeide/plugins/com.st.stm32cube.ide.mcu.externaltools.gnu-tools-for-stm32.9-2020-q2-update.win32_1.5.0.202011040924/tools/bin/../lib/gcc/arm-none-eabi/9.3.1/../../../../arm-none-eabi/lib/thumb/v7e-m+dp/hard/crt0.o (exit)
c:/st/stm32cubeide_1.6.1/stm32cubeide/plugins/com.st.stm32cube.ide.mcu.externaltools.gnu-tools-for-stm32.9-2020-q2-update.win32_1.5.0.202011040924/tools/bin/../lib/gcc/arm-none-eabi/9.3.1/../../../../arm-none-eabi/lib/thumb/v7e-m+dp/hard\libc_nano.a(lib_a-impure.o)
                              c:/st/stm32cubeide_1.6.1/stm32cubeide/plugins/com.st.stm32cube.ide.mcu.externaltools.gnu-tools-for-stm32.9-2020-q2-update.win32_1.5.0.202011040924/tools/bin/../lib/gcc/arm-none-eabi/9.3.1/../../../../arm-none-eabi/lib/thumb/v7e-m+dp/hard\libc_nano.a(lib_a-exit.o) (_global_impure_ptr)
c:/st/stm32cubeide_1.6.1/stm32cubeide/plugins/com.st.stm32cube.ide.mcu.externaltools.gnu-tools-for-stm32.9-2020-q2-update.win32_1.5.0.202011040924/tools/bin/../lib/gcc/arm-none-eabi/9.3.1/../../../../arm-none-eabi/lib/thumb/v7e-m+dp/hard\libc_nano.a(lib_a-init.o)
                              c:/st/stm32cubeide_1.6.1/stm32cubeide/plugins/com.st.stm32cube.ide.mcu.externaltools.gnu-tools-for-stm32.9-2020-q2-update.win32_1.5.0.202011040924/tools/bin/../lib/gcc/arm-none-eabi/9.3.1/../../../../arm-none-eabi/lib/thumb/v7e-m+dp/hard/crt0.o (__libc_init_array)
c:/st/stm32cubeide_1.6.1/stm32cubeide/plugins/com.st.stm32cube.ide.mcu.externaltools.gnu-tools-for-stm32.9-2020-q2-update.win32_1.5.0.202011040924/tools/bin/../lib/gcc/arm-none-eabi/9.3.1/../../../../arm-none-eabi/lib/thumb/v7e-m+dp/hard\libc_nano.a(lib_a-memcpy-stub.o)
                              Middlewares/CMSIS/CMSIS/DSP/Source/MatrixFunctions.o (memcpy)
c:/st/stm32cubeide_1.6.1/stm32cubeide/plugins/com.st.stm32cube.ide.mcu.externaltools.gnu-tools-for-stm32.9-2020-q2-update.win32_1.5.0.202011040924/tools/bin/../lib/gcc/arm-none-eabi/9.3.1/../../../../arm-none-eabi/lib/thumb/v7e-m+dp/hard\libc_nano.a(lib_a-memset.o)
                              c:/st/stm32cubeide_1.6.1/stm32cubeide/plugins/com.st.stm32cube.ide.mcu.externaltools.gnu-tools-for-stm32.9-2020-q2-update.win32_1.5.0.202011040924/tools/bin/../lib/gcc/arm-none-eabi/9.3.1/../../../../arm-none-eabi/lib/thumb/v7e-m+dp/hard/crt0.o (memset)
c:/st/stm32cubeide_1.6.1/stm32cubeide/plugins/com.st.stm32cube.ide.mcu.externaltools.gnu-tools-for-stm32.9-2020-q2-update.win32_1.5.0.202011040924/tools/bin/../lib/gcc/arm-none-eabi/9.3.1/../../../../arm-none-eabi/lib/thumb/v7e-m+dp/hard\libm.a(lib_a-log.o)
                              Middlewares/CMSIS/CMSIS/DSP/Source/StatisticsFunctions.o (log)
c:/st/stm32cubeide_1.6.1/stm32cubeide/plugins/com.st.stm32cube.ide.mcu.externaltools.gnu-tools-for-stm32.9-2020-q2-update.win32_1.5.0.202011040924/tools/bin/../lib/gcc/arm-none-eabi/9.3.1/../../../../arm-none-eabi/lib/thumb/v7e-m+dp/hard\libm.a(lib_a-log_data.o)
                              c:/st/stm32cubeide_1.6.1/stm32cubeide/plugins/com.st.stm32cube.ide.mcu.externaltools.gnu-tools-for-stm32.9-2020-q2-update.win32_1.5.0.202011040924/tools/bin/../lib/gcc/arm-none-eabi/9.3.1/../../../../arm-none-eabi/lib/thumb/v7e-m+dp/hard\libm.a(lib_a-log.o) (__log_data)
c:/st/stm32cubeide_1.6.1/stm32cubeide/plugins/com.st.stm32cube.ide.mcu.externaltools.gnu-tools-for-stm32.9-2020-q2-update.win32_1.5.0.202011040924/tools/bin/../lib/gcc/arm-none-eabi/9.3.1/../../../../arm-none-eabi/lib/thumb/v7e-m+dp/hard\libm.a(lib_a-math_err.o)
                              c:/st/stm32cubeide_1.6.1/stm32cubeide/plugins/com.st.stm32cube.ide.mcu.externaltools.gnu-tools-for-stm32.9-2020-q2-update.win32_1.5.0.202011040924/tools/bin/../lib/gcc/arm-none-eabi/9.3.1/../../../../arm-none-eabi/lib/thumb/v7e-m+dp/hard\libm.a(lib_a-log.o) (__math_divzero)
c:/st/stm32cubeide_1.6.1/stm32cubeide/plugins/com.st.stm32cube.ide.mcu.externaltools.gnu-tools-for-stm32.9-2020-q2-update.win32_1.5.0.202011040924/tools/bin/../lib/gcc/arm-none-eabi/9.3.1/../../../../arm-none-eabi/lib/thumb/v7e-m+dp/hard\libm.a(lib_a-sf_exp.o)
                              Middlewares/CMSIS/CMSIS/DSP/Source/FastMathFunctions.o (expf)
[...]
Memory Configuration

Name             Origin             Length             Attributes
RAM              0x0000000024000000 0x0000000000040000 xrw
FLASH            0x0000000008000000 0x0000000000100000 xr
DTCMRAM          0x0000000020000000 0x0000000000020000 xrw
RAM_D2           0x0000000030000000 0x0000000000048000 xrw
RAM_D3           0x0000000038000000 0x0000000000010000 xrw
ITCMRAM          0x0000000000000000 0x0000000000010000 xrw
*default*        0x0000000000000000 0xffffffffffffffff

Linker script and memory map

LOAD c:/st/stm32cubeide_1.6.1/stm32cubeide/plugins/com.st.stm32cube.ide.mcu.externaltools.gnu-tools-for-stm32.9-2020-q2-update.win32_1.5.0.202011040924/tools/bin/../lib/gcc/arm-none-eabi/9.3.1/thumb/v7e-m+dp/hard/crti.o
LOAD c:/st/stm32cubeide_1.6.1/stm32cubeide/plugins/com.st.stm32cube.ide.mcu.externaltools.gnu-tools-for-stm32.9-2020-q2-update.win32_1.5.0.202011040924/tools/bin/../lib/gcc/arm-none-eabi/9.3.1/thumb/v7e-m+dp/hard/crtbegin.o
LOAD c:/st/stm32cubeide_1.6.1/stm32cubeide/plugins/com.st.stm32cube.ide.mcu.externaltools.gnu-tools-for-stm32.9-2020-q2-update.win32_1.5.0.202011040924/tools/bin/../lib/gcc/arm-none-eabi/9.3.1/../../../../arm-none-eabi/lib/thumb/v7e-m+dp/hard/crt0.o
LOAD Common/Src/system_stm32h7xx_dualcore_boot_cm4_cm7.o
LOAD Common/common_drivers/Src/dsp.o
LOAD Common/common_drivers/Src/pdm_to_pcm.o
LOAD Core/Src/main.o
LOAD Core/Src/stm32h7xx_hal_msp.o
LOAD Core/Src/stm32h7xx_it.o
LOAD Core/Src/syscalls.o
LOAD Core/Src/sysmem.o
LOAD Core/Startup/startup_stm32h755zitx.o
LOAD Drivers/STM32H7xx_HAL_Driver/stm32h7xx_hal.o
LOAD Drivers/STM32H7xx_HAL_Driver/stm32h7xx_hal_cortex.o
LOAD Drivers/STM32H7xx_HAL_Driver/stm32h7xx_hal_crc.o
LOAD Drivers/STM32H7xx_HAL_Driver/stm32h7xx_hal_crc_ex.o
LOAD Drivers/STM32H7xx_HAL_Driver/stm32h7xx_hal_dma.o
LOAD Drivers/STM32H7xx_HAL_Driver/stm32h7xx_hal_dma_ex.o
LOAD Drivers/STM32H7xx_HAL_Driver/stm32h7xx_hal_exti.o
LOAD Drivers/STM32H7xx_HAL_Driver/stm32h7xx_hal_flash.o
LOAD Drivers/STM32H7xx_HAL_Driver/stm32h7xx_hal_flash_ex.o
LOAD Drivers/STM32H7xx_HAL_Driver/stm32h7xx_hal_gpio.o
LOAD Drivers/STM32H7xx_HAL_Driver/stm32h7xx_hal_hsem.o
LOAD Drivers/STM32H7xx_HAL_Driver/stm32h7xx_hal_i2c.o
LOAD Drivers/STM32H7xx_HAL_Driver/stm32h7xx_hal_i2c_ex.o
LOAD Drivers/STM32H7xx_HAL_Driver/stm32h7xx_hal_mdma.o
LOAD Drivers/STM32H7xx_HAL_Driver/stm32h7xx_hal_pwr.o
LOAD Drivers/STM32H7xx_HAL_Driver/stm32h7xx_hal_pwr_ex.o
LOAD Drivers/STM32H7xx_HAL_Driver/stm32h7xx_hal_rcc.o
LOAD Drivers/STM32H7xx_HAL_Driver/stm32h7xx_hal_rcc_ex.o
LOAD Drivers/STM32H7xx_HAL_Driver/stm32h7xx_hal_sai.o
LOAD Drivers/STM32H7xx_HAL_Driver/stm32h7xx_hal_sai_ex.o
LOAD Drivers/STM32H7xx_HAL_Driver/stm32h7xx_hal_tim.o
LOAD Drivers/STM32H7xx_HAL_Driver/stm32h7xx_hal_tim_ex.o
LOAD Drivers/STM32H7xx_HAL_Driver/stm32h7xx_hal_uart.o
LOAD Drivers/STM32H7xx_HAL_Driver/stm32h7xx_hal_uart_ex.o
LOAD Middlewares/CMSIS/CMSIS/DSP/Source/BasicMathFunctions.o
LOAD Middlewares/CMSIS/CMSIS/DSP/Source/BasicMathFunctionsF16.o
LOAD Middlewares/CMSIS/CMSIS/DSP/Source/BayesFunctions.o
LOAD Middlewares/CMSIS/CMSIS/DSP/Source/BayesFunctionsF16.o
LOAD Middlewares/CMSIS/CMSIS/DSP/Source/CommonTables.o
LOAD Middlewares/CMSIS/CMSIS/DSP/Source/CommonTablesF16.o
LOAD Middlewares/CMSIS/CMSIS/DSP/Source/ComplexMathFunctions.o
LOAD Middlewares/CMSIS/CMSIS/DSP/Source/ComplexMathFunctionsF16.o
LOAD Middlewares/CMSIS/CMSIS/DSP/Source/ControllerFunctions.o
LOAD Middlewares/CMSIS/CMSIS/DSP/Source/DistanceFunctions.o
LOAD Middlewares/CMSIS/CMSIS/DSP/Source/DistanceFunctionsF16.o
LOAD Middlewares/CMSIS/CMSIS/DSP/Source/FastMathFunctions.o
LOAD Middlewares/CMSIS/CMSIS/DSP/Source/FastMathFunctionsF16.o
LOAD Middlewares/CMSIS/CMSIS/DSP/Source/FilteringFunctions.o
LOAD Middlewares/CMSIS/CMSIS/DSP/Source/FilteringFunctionsF16.o
LOAD Middlewares/CMSIS/CMSIS/DSP/Source/InterpolationFunctions.o
LOAD Middlewares/CMSIS/CMSIS/DSP/Source/InterpolationFunctionsF16.o
LOAD Middlewares/CMSIS/CMSIS/DSP/Source/MatrixFunctions.o
LOAD Middlewares/CMSIS/CMSIS/DSP/Source/MatrixFunctionsF16.o
LOAD Middlewares/CMSIS/CMSIS/DSP/Source/QuaternionMathFunctions.o
LOAD Middlewares/CMSIS/CMSIS/DSP/Source/SVMFunctions.o
LOAD Middlewares/CMSIS/CMSIS/DSP/Source/SVMFunctionsF16.o
LOAD Middlewares/CMSIS/CMSIS/DSP/Source/StatisticsFunctions.o
LOAD Middlewares/CMSIS/CMSIS/DSP/Source/StatisticsFunctionsF16.o
LOAD Middlewares/CMSIS/CMSIS/DSP/Source/SupportFunctions.o
LOAD Middlewares/CMSIS/CMSIS/DSP/Source/SupportFunctionsF16.o
LOAD Middlewares/CMSIS/CMSIS/DSP/Source/TransformFunctions.o
LOAD Middlewares/CMSIS/CMSIS/DSP/Source/TransformFunctionsF16.o
LOAD PDM2PCM/App/pdm2pcm.o
LOAD ../../Middlewares/ST/STM32_Audio/Addons/PDM/Lib\libPDMFilter_CM7_GCC_wc32.a
START GROUP
LOAD ../../Middlewares/ST/STM32_Audio/Addons/PDM/Lib\libPDMFilter_CM7_GCC_wc32.a
END GROUP
START GROUP
LOAD c:/st/stm32cubeide_1.6.1/stm32cubeide/plugins/com.st.stm32cube.ide.mcu.externaltools.gnu-tools-for-stm32.9-2020-q2-update.win32_1.5.0.202011040924/tools/bin/../lib/gcc/arm-none-eabi/9.3.1/../../../../arm-none-eabi/lib/thumb/v7e-m+dp/hard\libc_nano.a
LOAD c:/st/stm32cubeide_1.6.1/stm32cubeide/plugins/com.st.stm32cube.ide.mcu.externaltools.gnu-tools-for-stm32.9-2020-q2-update.win32_1.5.0.202011040924/tools/bin/../lib/gcc/arm-none-eabi/9.3.1/../../../../arm-none-eabi/lib/thumb/v7e-m+dp/hard\libm.a
END GROUP
START GROUP
LOAD c:/st/stm32cubeide_1.6.1/stm32cubeide/plugins/com.st.stm32cube.ide.mcu.externaltools.gnu-tools-for-stm32.9-2020-q2-update.win32_1.5.0.202011040924/tools/bin/../lib/gcc/arm-none-eabi/9.3.1/thumb/v7e-m+dp/hard\libgcc.a
LOAD c:/st/stm32cubeide_1.6.1/stm32cubeide/plugins/com.st.stm32cube.ide.mcu.externaltools.gnu-tools-for-stm32.9-2020-q2-update.win32_1.5.0.202011040924/tools/bin/../lib/gcc/arm-none-eabi/9.3.1/../../../../arm-none-eabi/lib/thumb/v7e-m+dp/hard\libc_nano.a
END GROUP
START GROUP
LOAD c:/st/stm32cubeide_1.6.1/stm32cubeide/plugins/com.st.stm32cube.ide.mcu.externaltools.gnu-tools-for-stm32.9-2020-q2-update.win32_1.5.0.202011040924/tools/bin/../lib/gcc/arm-none-eabi/9.3.1/thumb/v7e-m+dp/hard\libgcc.a
LOAD c:/st/stm32cubeide_1.6.1/stm32cubeide/plugins/com.st.stm32cube.ide.mcu.externaltools.gnu-tools-for-stm32.9-2020-q2-update.win32_1.5.0.202011040924/tools/bin/../lib/gcc/arm-none-eabi/9.3.1/../../../../arm-none-eabi/lib/thumb/v7e-m+dp/hard\libc_nano.a
LOAD c:/st/stm32cubeide_1.6.1/stm32cubeide/plugins/com.st.stm32cube.ide.mcu.externaltools.gnu-tools-for-stm32.9-2020-q2-update.win32_1.5.0.202011040924/tools/bin/../lib/gcc/arm-none-eabi/9.3.1/../../../../arm-none-eabi/lib/thumb/v7e-m+dp/hard\libnosys.a
END GROUP
START GROUP
LOAD c:/st/stm32cubeide_1.6.1/stm32cubeide/plugins/com.st.stm32cube.ide.mcu.externaltools.gnu-tools-for-stm32.9-2020-q2-update.win32_1.5.0.202011040924/tools/bin/../lib/gcc/arm-none-eabi/9.3.1/thumb/v7e-m+dp/hard\libgcc.a
LOAD c:/st/stm32cubeide_1.6.1/stm32cubeide/plugins/com.st.stm32cube.ide.mcu.externaltools.gnu-tools-for-stm32.9-2020-q2-update.win32_1.5.0.202011040924/tools/bin/../lib/gcc/arm-none-eabi/9.3.1/../../../../arm-none-eabi/lib/thumb/v7e-m+dp/hard\libc_nano.a
LOAD c:/st/stm32cubeide_1.6.1/stm32cubeide/plugins/com.st.stm32cube.ide.mcu.externaltools.gnu-tools-for-stm32.9-2020-q2-update.win32_1.5.0.202011040924/tools/bin/../lib/gcc/arm-none-eabi/9.3.1/../../../../arm-none-eabi/lib/thumb/v7e-m+dp/hard\libnosys.a
END GROUP
LOAD c:/st/stm32cubeide_1.6.1/stm32cubeide/plugins/com.st.stm32cube.ide.mcu.externaltools.gnu-tools-for-stm32.9-2020-q2-update.win32_1.5.0.202011040924/tools/bin/../lib/gcc/arm-none-eabi/9.3.1/thumb/v7e-m+dp/hard/crtend.o
LOAD c:/st/stm32cubeide_1.6.1/stm32cubeide/plugins/com.st.stm32cube.ide.mcu.externaltools.gnu-tools-for-stm32.9-2020-q2-update.win32_1.5.0.202011040924/tools/bin/../lib/gcc/arm-none-eabi/9.3.1/thumb/v7e-m+dp/hard/crtn.o
                0x0000000024040000                _estack = (ORIGIN (RAM) + LENGTH (RAM))
                0x0000000000000200                _Min_Heap_Size = 0x200
                0x0000000000000400                _Min_Stack_Size = 0x400

.isr_vector     0x0000000008000000      0x298
                0x0000000008000000                . = ALIGN (0x4)
 *(.isr_vector)
 .isr_vector    0x0000000008000000      0x298 Core/Startup/startup_stm32h755zitx.o
                0x0000000008000000                g_pfnVectors
                0x0000000008000298                . = ALIGN (0x4)

.text           0x0000000008000298     0xcb20
                0x0000000008000298                . = ALIGN (0x4)
 *(.text)
 .text          0x0000000008000298       0x40 c:/st/stm32cubeide_1.6.1/stm32cubeide/plugins/com.st.stm32cube.ide.mcu.externaltools.gnu-tools-for-stm32.9-2020-q2-update.win32_1.5.0.202011040924/tools/bin/../lib/gcc/arm-none-eabi/9.3.1/thumb/v7e-m+dp/hard/crtbegin.o
 .text          0x00000000080002d8       0x30 c:/st/stm32cubeide_1.6.1/stm32cubeide/plugins/com.st.stm32cube.ide.mcu.externaltools.gnu-tools-for-stm32.9-2020-q2-update.win32_1.5.0.202011040924/tools/bin/../lib/gcc/arm-none-eabi/9.3.1/thumb/v7e-m+dp/hard\libgcc.a(_aeabi_uldivmod.o)
                0x00000000080002d8                __aeabi_uldivmod
 .text          0x0000000008000308      0x2c4 c:/st/stm32cubeide_1.6.1/stm32cubeide/plugins/com.st.stm32cube.ide.mcu.externaltools.gnu-tools-for-stm32.9-2020-q2-update.win32_1.5.0.202011040924/tools/bin/../lib/gcc/arm-none-eabi/9.3.1/thumb/v7e-m+dp/hard\libgcc.a(_udivmoddi4.o)
                0x0000000008000308                __udivmoddi4
 .text          0x00000000080005cc        0x4 c:/st/stm32cubeide_1.6.1/stm32cubeide/plugins/com.st.stm32cube.ide.mcu.externaltools.gnu-tools-for-stm32.9-2020-q2-update.win32_1.5.0.202011040924/tools/bin/../lib/gcc/arm-none-eabi/9.3.1/thumb/v7e-m+dp/hard\libgcc.a(_dvmd_tls.o)
                0x00000000080005cc                __aeabi_idiv0
                0x00000000080005cc                __aeabi_ldiv0
 *(.text*)
 .text.SystemInit
                0x00000000080005d0      0x134 Common/Src/system_stm32h7xx_dualcore_boot_cm4_cm7.o
                0x00000000080005d0                SystemInit
 .text.matrix_init
                0x0000000008000704       0x4e Common/common_drivers/Src/dsp.o
                0x0000000008000704                matrix_init
 *fill*         0x0000000008000752        0x2 
 .text.FIR_Filter_Init
                0x0000000008000754       0x5c Common/common_drivers/Src/dsp.o
                0x0000000008000754                FIR_Filter_Init
 .text.Q15_To_Float
                0x00000000080007b0       0x46 Common/common_drivers/Src/dsp.o
                0x00000000080007b0                Q15_To_Float
 .text.Float_To_Q15
                0x00000000080007f6       0x46 Common/common_drivers/Src/dsp.o
                0x00000000080007f6                Float_To_Q15
 .text.pdm_to_pcm_init
                0x000000000800083c       0xee Common/common_drivers/Src/pdm_to_pcm.o
                0x000000000800083c                pdm_to_pcm_init
 *fill*         0x000000000800092a        0x2 
 .text.pdm_to_pcm
                0x000000000800092c       0xa0 Common/common_drivers/Src/pdm_to_pcm.o
                0x000000000800092c                pdm_to_pcm
 .text.main     0x00000000080009cc      0x2bc Core/Src/main.o
                0x00000000080009cc                main
 .text.SystemClock_Config
                0x0000000008000c88      0x108 Core/Src/main.o
                0x0000000008000c88                SystemClock_Config
 .text.MX_CRC_Init
                0x0000000008000d90       0x54 Core/Src/main.o
 .text.MX_SAI1_Init
                0x0000000008000de4       0xc4 Core/Src/main.o
 .text.MX_TIM1_Init
                0x0000000008000ea8       0xb4 Core/Src/main.o
 .text.MX_USART3_UART_Init
                0x0000000008000f5c       0xa0 Core/Src/main.o
 .text.MX_DMA_Init
                0x0000000008000ffc       0x50 Core/Src/main.o
 .text.MX_GPIO_Init
                0x000000000800104c       0x70 Core/Src/main.o
 .text.Transpose_Clean
                0x00000000080010bc       0x70 Core/Src/main.o
 .text.HAL_SAI_RxHalfCpltCallback
                0x000000000800112c       0x20 Core/Src/main.o
                0x000000000800112c                HAL_SAI_RxHalfCpltCallback
 .text.HAL_SAI_RxCpltCallback
                0x000000000800114c       0x20 Core/Src/main.o
                0x000000000800114c                HAL_SAI_RxCpltCallback
 .text.HAL_TIM_PeriodElapsedCallback
                0x000000000800116c       0x2c Core/Src/main.o
                0x000000000800116c                HAL_TIM_PeriodElapsedCallback
 .text.Error_Handler
                0x0000000008001198        0xa Core/Src/main.o
                0x0000000008001198                Error_Handler
 *fill*         0x00000000080011a2        0x2 
 .text.HAL_MspInit
                0x00000000080011a4       0x34 Core/Src/stm32h7xx_hal_msp.o
                0x00000000080011a4                HAL_MspInit
 .text.HAL_CRC_MspInit
                0x00000000080011d8       0x44 Core/Src/stm32h7xx_hal_msp.o
                0x00000000080011d8                HAL_CRC_MspInit
 .text.HAL_TIM_Base_MspInit
                0x000000000800121c       0x50 Core/Src/stm32h7xx_hal_msp.o
                0x000000000800121c                HAL_TIM_Base_MspInit
 .text.HAL_UART_MspInit
                0x000000000800126c      0x164 Core/Src/stm32h7xx_hal_msp.o
                0x000000000800126c                HAL_UART_MspInit
 .text.HAL_SAI_MspInit
                0x00000000080013d0      0x15c Core/Src/stm32h7xx_hal_msp.o
                0x00000000080013d0                HAL_SAI_MspInit
 .text.NMI_Handler
                0x000000000800152c        0x6 Core/Src/stm32h7xx_it.o
                0x000000000800152c                NMI_Handler
 .text.HardFault_Handler
                0x0000000008001532        0x6 Core/Src/stm32h7xx_it.o
                0x0000000008001532                HardFault_Handler
 .text.MemManage_Handler
                0x0000000008001538        0x6 Core/Src/stm32h7xx_it.o
                0x0000000008001538                MemManage_Handler
 .text.BusFault_Handler
                0x000000000800153e        0x6 Core/Src/stm32h7xx_it.o
                0x000000000800153e                BusFault_Handler
 .text.UsageFault_Handler
                0x0000000008001544        0x6 Core/Src/stm32h7xx_it.o
                0x0000000008001544                UsageFault_Handler
 .text.SVC_Handler
                0x000000000800154a        0xe Core/Src/stm32h7xx_it.o
                0x000000000800154a                SVC_Handler
 .text.DebugMon_Handler
                0x0000000008001558        0xe Core/Src/stm32h7xx_it.o
                0x0000000008001558                DebugMon_Handler
 .text.PendSV_Handler
                0x0000000008001566        0xe Core/Src/stm32h7xx_it.o
                0x0000000008001566                PendSV_Handler
 .text.SysTick_Handler
                0x0000000008001574        0xc Core/Src/stm32h7xx_it.o
                0x0000000008001574                SysTick_Handler
 .text.DMA1_Stream0_IRQHandler
                0x0000000008001580       0x14 Core/Src/stm32h7xx_it.o
                0x0000000008001580                DMA1_Stream0_IRQHandler
 .text.DMA1_Stream1_IRQHandler
                0x0000000008001594       0x14 Core/Src/stm32h7xx_it.o
                0x0000000008001594                DMA1_Stream1_IRQHandler
 .text.TIM1_UP_IRQHandler
                0x00000000080015a8       0x14 Core/Src/stm32h7xx_it.o
                0x00000000080015a8                TIM1_UP_IRQHandler
 .text.USART3_IRQHandler
                0x00000000080015bc       0x14 Core/Src/stm32h7xx_it.o
                0x00000000080015bc                USART3_IRQHandler
 .text.SAI1_IRQHandler
                0x00000000080015d0        0xe Core/Src/stm32h7xx_it.o
                0x00000000080015d0                SAI1_IRQHandler
 *fill*         0x00000000080015de        0x2 
 .text.Reset_Handler
                0x00000000080015e0       0x50 Core/Startup/startup_stm32h755zitx.o
                0x00000000080015e0                Reset_Handler
 .text.Default_Handler
                0x0000000008001630        0x2 Core/Startup/startup_stm32h755zitx.o
                0x0000000008001630                RTC_Alarm_IRQHandler
                0x0000000008001630                HASH_RNG_IRQHandler
                0x0000000008001630                EXTI2_IRQHandler
                0x0000000008001630                TIM8_CC_IRQHandler
                0x0000000008001630                HRTIM1_Master_IRQHandler
                0x0000000008001630                UART8_IRQHandler
                0x0000000008001630                SPI4_IRQHandler
                0x0000000008001630                TIM1_CC_IRQHandler
                0x0000000008001630                BDMA_Channel6_IRQHandler
                0x0000000008001630                DMA2_Stream5_IRQHandler
                0x0000000008001630                HRTIM1_FLT_IRQHandler
                0x0000000008001630                JPEG_IRQHandler
                0x0000000008001630                DMA1_Stream5_IRQHandler
                0x0000000008001630                BDMA_Channel1_IRQHandler
                0x0000000008001630                HRTIM1_TIMD_IRQHandler
                0x0000000008001630                TAMP_STAMP_IRQHandler
                0x0000000008001630                EXTI3_IRQHandler
                0x0000000008001630                LPTIM4_IRQHandler
                0x0000000008001630                TIM8_TRG_COM_TIM14_IRQHandler
                0x0000000008001630                LPTIM2_IRQHandler
                0x0000000008001630                DFSDM1_FLT1_IRQHandler
                0x0000000008001630                DMAMUX2_OVR_IRQHandler
                0x0000000008001630                TIM8_UP_TIM13_IRQHandler
                0x0000000008001630                I2C3_ER_IRQHandler
                0x0000000008001630                DFSDM1_FLT2_IRQHandler
                0x0000000008001630                MDMA_IRQHandler
                0x0000000008001630                LPTIM3_IRQHandler
                0x0000000008001630                HSEM1_IRQHandler
                0x0000000008001630                EXTI0_IRQHandler
                0x0000000008001630                I2C2_EV_IRQHandler
                0x0000000008001630                DMA1_Stream2_IRQHandler
                0x0000000008001630                FPU_IRQHandler
                0x0000000008001630                OTG_HS_WKUP_IRQHandler
                0x0000000008001630                FDCAN1_IT1_IRQHandler
                0x0000000008001630                LTDC_ER_IRQHandler
                0x0000000008001630                DMA2_Stream2_IRQHandler
                0x0000000008001630                HRTIM1_TIME_IRQHandler
                0x0000000008001630                SPI1_IRQHandler
                0x0000000008001630                TIM6_DAC_IRQHandler
                0x0000000008001630                DCMI_IRQHandler
                0x0000000008001630                HRTIM1_TIMC_IRQHandler
                0x0000000008001630                DMA2_Stream3_IRQHandler
                0x0000000008001630                SAI2_IRQHandler
                0x0000000008001630                DFSDM1_FLT3_IRQHandler
                0x0000000008001630                USART6_IRQHandler
                0x0000000008001630                TIM17_IRQHandler
                0x0000000008001630                BDMA_Channel7_IRQHandler
                0x0000000008001630                CRYP_IRQHandler
                0x0000000008001630                LPTIM5_IRQHandler
                0x0000000008001630                UART5_IRQHandler
                0x0000000008001630                ADC3_IRQHandler
                0x0000000008001630                DMA2_Stream0_IRQHandler
                0x0000000008001630                TIM4_IRQHandler
                0x0000000008001630                BDMA_Channel2_IRQHandler
                0x0000000008001630                QUADSPI_IRQHandler
                0x0000000008001630                I2C1_EV_IRQHandler
                0x0000000008001630                DMA1_Stream6_IRQHandler
                0x0000000008001630                DMAMUX1_OVR_IRQHandler
                0x0000000008001630                TIM16_IRQHandler
                0x0000000008001630                UART4_IRQHandler
                0x0000000008001630                BDMA_Channel5_IRQHandler
                0x0000000008001630                TIM3_IRQHandler
                0x0000000008001630                RCC_IRQHandler
                0x0000000008001630                TIM8_BRK_TIM12_IRQHandler
                0x0000000008001630                TIM1_TRG_COM_IRQHandler
                0x0000000008001630                Default_Handler
                0x0000000008001630                ECC_IRQHandler
                0x0000000008001630                CEC_IRQHandler
                0x0000000008001630                EXTI15_10_IRQHandler
                0x0000000008001630                BDMA_Channel0_IRQHandler
                0x0000000008001630                ADC_IRQHandler
                0x0000000008001630                DMA1_Stream7_IRQHandler
                0x0000000008001630                HRTIM1_TIMA_IRQHandler
                0x0000000008001630                SPI5_IRQHandler
                0x0000000008001630                TIM7_IRQHandler
                0x0000000008001630                SDMMC1_IRQHandler
                0x0000000008001630                TIM5_IRQHandler
                0x0000000008001630                DMA2_Stream7_IRQHandler
                0x0000000008001630                TIM15_IRQHandler
                0x0000000008001630                PVD_AVD_IRQHandler
                0x0000000008001630                I2C3_EV_IRQHandler
                0x0000000008001630                EXTI9_5_IRQHandler
                0x0000000008001630                RTC_WKUP_IRQHandler
                0x0000000008001630                LTDC_IRQHandler
                0x0000000008001630                SAI3_IRQHandler
                0x0000000008001630                ETH_WKUP_IRQHandler
                0x0000000008001630                SPDIF_RX_IRQHandler
                0x0000000008001630                SPI2_IRQHandler
                0x0000000008001630                OTG_HS_EP1_IN_IRQHandler
                0x0000000008001630                CRS_IRQHandler
                0x0000000008001630                CM7_SEV_IRQHandler
                0x0000000008001630                EXTI4_IRQHandler
                0x0000000008001630                CM4_SEV_IRQHandler
                0x0000000008001630                HRTIM1_TIMB_IRQHandler
                0x0000000008001630                FDCAN2_IT1_IRQHandler
                0x0000000008001630                ETH_IRQHandler
                0x0000000008001630                WWDG_RST_IRQHandler
                0x0000000008001630                BDMA_Channel4_IRQHandler
                0x0000000008001630                OTG_HS_EP1_OUT_IRQHandler
                0x0000000008001630                WWDG_IRQHandler
                0x0000000008001630                SPI6_IRQHandler
                0x0000000008001630                MDIOS_IRQHandler
                0x0000000008001630                I2C4_EV_IRQHandler
                0x0000000008001630                FDCAN2_IT0_IRQHandler
                0x0000000008001630                LPUART1_IRQHandler
                0x0000000008001630                FDCAN1_IT0_IRQHandler
                0x0000000008001630                TIM2_IRQHandler
                0x0000000008001630                OTG_FS_WKUP_IRQHandler
                0x0000000008001630                OTG_HS_IRQHandler
                0x0000000008001630                HSEM2_IRQHandler
                0x0000000008001630                DMA2D_IRQHandler
                0x0000000008001630                TIM1_BRK_IRQHandler
                0x0000000008001630                EXTI1_IRQHandler
                0x0000000008001630                SDMMC2_IRQHandler
                0x0000000008001630                OTG_FS_EP1_OUT_IRQHandler
                0x0000000008001630                BDMA_Channel3_IRQHandler
                0x0000000008001630                HOLD_CORE_IRQHandler
                0x0000000008001630                UART7_IRQHandler
                0x0000000008001630                MDIOS_WKUP_IRQHandler
                0x0000000008001630                USART2_IRQHandler
                0x0000000008001630                DFSDM1_FLT0_IRQHandler
                0x0000000008001630                SAI4_IRQHandler
                0x0000000008001630                I2C2_ER_IRQHandler
                0x0000000008001630                DMA2_Stream1_IRQHandler
                0x0000000008001630                FLASH_IRQHandler
                0x0000000008001630                DMA2_Stream4_IRQHandler
                0x0000000008001630                USART1_IRQHandler
                0x0000000008001630                OTG_FS_IRQHandler
                0x0000000008001630                SPI3_IRQHandler
                0x0000000008001630                WAKEUP_PIN_IRQHandler
                0x0000000008001630                DMA1_Stream4_IRQHandler
                0x0000000008001630                OTG_FS_EP1_IN_IRQHandler
                0x0000000008001630                I2C1_ER_IRQHandler
                0x0000000008001630                FMC_IRQHandler
                0x0000000008001630                FDCAN_CAL_IRQHandler
                0x0000000008001630                SWPMI1_IRQHandler
                0x0000000008001630                COMP1_IRQHandler
                0x0000000008001630                LPTIM1_IRQHandler
                0x0000000008001630                I2C4_ER_IRQHandler
                0x0000000008001630                DMA2_Stream6_IRQHandler
                0x0000000008001630                DMA1_Stream3_IRQHandler
 *fill*         0x0000000008001632        0x2 
 .text.HAL_Init
                0x0000000008001634       0x78 Drivers/STM32H7xx_HAL_Driver/stm32h7xx_hal.o
                0x0000000008001634                HAL_Init
 .text.HAL_InitTick
                0x00000000080016ac       0x6c Drivers/STM32H7xx_HAL_Driver/stm32h7xx_hal.o
                0x00000000080016ac                HAL_InitTick
 .text.HAL_IncTick
                0x0000000008001718       0x28 Drivers/STM32H7xx_HAL_Driver/stm32h7xx_hal.o
                0x0000000008001718                HAL_IncTick
 .text.HAL_GetTick
                0x0000000008001740       0x18 Drivers/STM32H7xx_HAL_Driver/stm32h7xx_hal.o
                0x0000000008001740                HAL_GetTick
 .text.HAL_Delay
                0x0000000008001758       0x48 Drivers/STM32H7xx_HAL_Driver/stm32h7xx_hal.o
                0x0000000008001758                HAL_Delay
 .text.HAL_GetREVID
                0x00000000080017a0       0x18 Drivers/STM32H7xx_HAL_Driver/stm32h7xx_hal.o
                0x00000000080017a0                HAL_GetREVID
 .text.__NVIC_SetPriorityGrouping
                0x00000000080017b8       0x48 Drivers/STM32H7xx_HAL_Driver/stm32h7xx_hal_cortex.o
 .text.__NVIC_GetPriorityGrouping
                0x0000000008001800       0x1c Drivers/STM32H7xx_HAL_Driver/stm32h7xx_hal_cortex.o
 .text.__NVIC_EnableIRQ
                0x000000000800181c       0x3c Drivers/STM32H7xx_HAL_Driver/stm32h7xx_hal_cortex.o
 .text.__NVIC_SetPriority
                0x0000000008001858       0x54 Drivers/STM32H7xx_HAL_Driver/stm32h7xx_hal_cortex.o
 .text.NVIC_EncodePriority
                0x00000000080018ac       0x66 Drivers/STM32H7xx_HAL_Driver/stm32h7xx_hal_cortex.o
 *fill*         0x0000000008001912        0x2 
 .text.SysTick_Config
                0x0000000008001914       0x44 Drivers/STM32H7xx_HAL_Driver/stm32h7xx_hal_cortex.o
 .text.HAL_NVIC_SetPriorityGrouping
                0x0000000008001958       0x16 Drivers/STM32H7xx_HAL_Driver/stm32h7xx_hal_cortex.o
                0x0000000008001958                HAL_NVIC_SetPriorityGrouping
 .text.HAL_NVIC_SetPriority
                0x000000000800196e       0x34 Drivers/STM32H7xx_HAL_Driver/stm32h7xx_hal_cortex.o
                0x000000000800196e                HAL_NVIC_SetPriority
 .text.HAL_NVIC_EnableIRQ
                0x00000000080019a2       0x1c Drivers/STM32H7xx_HAL_Driver/stm32h7xx_hal_cortex.o
                0x00000000080019a2                HAL_NVIC_EnableIRQ
 .text.HAL_SYSTICK_Config
                0x00000000080019be       0x18 Drivers/STM32H7xx_HAL_Driver/stm32h7xx_hal_cortex.o
                0x00000000080019be                HAL_SYSTICK_Config
 *fill*         0x00000000080019d6        0x2 
 .text.HAL_CRC_Init
                0x00000000080019d8       0xc8 Drivers/STM32H7xx_HAL_Driver/stm32h7xx_hal_crc.o
                0x00000000080019d8                HAL_CRC_Init
 .text.HAL_CRCEx_Polynomial_Set
                0x0000000008001aa0      0x10c Drivers/STM32H7xx_HAL_Driver/stm32h7xx_hal_crc_ex.o
                0x0000000008001aa0                HAL_CRCEx_Polynomial_Set
 .text.HAL_DMA_Init
                0x0000000008001bac      0x6b8 Drivers/STM32H7xx_HAL_Driver/stm32h7xx_hal_dma.o
                0x0000000008001bac                HAL_DMA_Init
 .text.HAL_DMA_Start_IT
                0x0000000008002264      0x4d4 Drivers/STM32H7xx_HAL_Driver/stm32h7xx_hal_dma.o
                0x0000000008002264                HAL_DMA_Start_IT
 .text.HAL_DMA_Abort
                0x0000000008002738      0x63c Drivers/STM32H7xx_HAL_Driver/stm32h7xx_hal_dma.o
                0x0000000008002738                HAL_DMA_Abort
 .text.HAL_DMA_Abort_IT
                0x0000000008002d74      0x488 Drivers/STM32H7xx_HAL_Driver/stm32h7xx_hal_dma.o
                0x0000000008002d74                HAL_DMA_Abort_IT
 .text.HAL_DMA_IRQHandler
                0x00000000080031fc      0xe54 Drivers/STM32H7xx_HAL_Driver/stm32h7xx_hal_dma.o
                0x00000000080031fc                HAL_DMA_IRQHandler
 .text.HAL_DMA_GetError
                0x0000000008004050       0x18 Drivers/STM32H7xx_HAL_Driver/stm32h7xx_hal_dma.o
                0x0000000008004050                HAL_DMA_GetError
 .text.DMA_SetConfig
                0x0000000008004068      0x358 Drivers/STM32H7xx_HAL_Driver/stm32h7xx_hal_dma.o
 .text.DMA_CalcBaseAndBitshift
                0x00000000080043c0      0x164 Drivers/STM32H7xx_HAL_Driver/stm32h7xx_hal_dma.o
 .text.DMA_CheckFifoParam
                0x0000000008004524       0xf8 Drivers/STM32H7xx_HAL_Driver/stm32h7xx_hal_dma.o
 .text.DMA_CalcDMAMUXChannelBaseAndMask
                0x000000000800461c      0x134 Drivers/STM32H7xx_HAL_Driver/stm32h7xx_hal_dma.o
 .text.DMA_CalcDMAMUXRequestGenBaseAndMask
                0x0000000008004750       0xe8 Drivers/STM32H7xx_HAL_Driver/stm32h7xx_hal_dma.o
 .text.HAL_GPIO_Init
                0x0000000008004838      0x360 Drivers/STM32H7xx_HAL_Driver/stm32h7xx_hal_gpio.o
                0x0000000008004838                HAL_GPIO_Init
 .text.HAL_HSEM_FastTake
                0x0000000008004b98       0x34 Drivers/STM32H7xx_HAL_Driver/stm32h7xx_hal_hsem.o
                0x0000000008004b98                HAL_HSEM_FastTake
 .text.HAL_HSEM_Release
                0x0000000008004bcc       0x28 Drivers/STM32H7xx_HAL_Driver/stm32h7xx_hal_hsem.o
                0x0000000008004bcc                HAL_HSEM_Release
 .text.HAL_PWREx_ConfigSupply
                0x0000000008004bf4       0xb4 Drivers/STM32H7xx_HAL_Driver/stm32h7xx_hal_pwr_ex.o
                0x0000000008004bf4                HAL_PWREx_ConfigSupply
 .text.HAL_RCC_OscConfig
                0x0000000008004ca8      0x820 Drivers/STM32H7xx_HAL_Driver/stm32h7xx_hal_rcc.o
                0x0000000008004ca8                HAL_RCC_OscConfig
 .text.HAL_RCC_ClockConfig
                0x00000000080054c8      0x36c Drivers/STM32H7xx_HAL_Driver/stm32h7xx_hal_rcc.o
                0x00000000080054c8                HAL_RCC_ClockConfig
 .text.HAL_RCC_GetSysClockFreq
                0x0000000008005834      0x2f4 Drivers/STM32H7xx_HAL_Driver/stm32h7xx_hal_rcc.o
                0x0000000008005834                HAL_RCC_GetSysClockFreq
 .text.HAL_RCC_GetHCLKFreq
                0x0000000008005b28       0x60 Drivers/STM32H7xx_HAL_Driver/stm32h7xx_hal_rcc.o
                0x0000000008005b28                HAL_RCC_GetHCLKFreq
 .text.HAL_RCC_GetPCLK1Freq
                0x0000000008005b88       0x2c Drivers/STM32H7xx_HAL_Driver/stm32h7xx_hal_rcc.o
                0x0000000008005b88                HAL_RCC_GetPCLK1Freq
 .text.HAL_RCC_GetPCLK2Freq
                0x0000000008005bb4       0x2c Drivers/STM32H7xx_HAL_Driver/stm32h7xx_hal_rcc.o
                0x0000000008005bb4                HAL_RCC_GetPCLK2Freq
 .text.HAL_RCCEx_PeriphCLKConfig
                0x0000000008005be0      0xe80 Drivers/STM32H7xx_HAL_Driver/stm32h7xx_hal_rcc_ex.o
                0x0000000008005be0                HAL_RCCEx_PeriphCLKConfig
 .text.HAL_RCCEx_GetPeriphCLKFreq
                0x0000000008006a60      0x9a4 Drivers/STM32H7xx_HAL_Driver/stm32h7xx_hal_rcc_ex.o
                0x0000000008006a60                HAL_RCCEx_GetPeriphCLKFreq
 .text.HAL_RCCEx_GetD3PCLK1Freq
                0x0000000008007404       0x2c Drivers/STM32H7xx_HAL_Driver/stm32h7xx_hal_rcc_ex.o
                0x0000000008007404                HAL_RCCEx_GetD3PCLK1Freq
 .text.HAL_RCCEx_GetPLL2ClockFreq
                0x0000000008007430      0x2a8 Drivers/STM32H7xx_HAL_Driver/stm32h7xx_hal_rcc_ex.o
                0x0000000008007430                HAL_RCCEx_GetPLL2ClockFreq
 .text.HAL_RCCEx_GetPLL3ClockFreq
                0x00000000080076d8      0x2a8 Drivers/STM32H7xx_HAL_Driver/stm32h7xx_hal_rcc_ex.o
                0x00000000080076d8                HAL_RCCEx_GetPLL3ClockFreq
 .text.HAL_RCCEx_GetPLL1ClockFreq
                0x0000000008007980      0x2a4 Drivers/STM32H7xx_HAL_Driver/stm32h7xx_hal_rcc_ex.o
                0x0000000008007980                HAL_RCCEx_GetPLL1ClockFreq
 .text.RCCEx_PLL2_Config
                0x0000000008007c24      0x164 Drivers/STM32H7xx_HAL_Driver/stm32h7xx_hal_rcc_ex.o
 .text.RCCEx_PLL3_Config
                0x0000000008007d88      0x164 Drivers/STM32H7xx_HAL_Driver/stm32h7xx_hal_rcc_ex.o
 .text.HAL_SAI_Init
                0x0000000008007eec      0x540 Drivers/STM32H7xx_HAL_Driver/stm32h7xx_hal_sai.o
                0x0000000008007eec                HAL_SAI_Init
 .text.HAL_SAI_Receive_DMA
                0x000000000800842c      0x128 Drivers/STM32H7xx_HAL_Driver/stm32h7xx_hal_sai.o
                0x000000000800842c                HAL_SAI_Receive_DMA
 .text.HAL_SAI_ErrorCallback
                0x0000000008008554       0x14 Drivers/STM32H7xx_HAL_Driver/stm32h7xx_hal_sai.o
                0x0000000008008554                HAL_SAI_ErrorCallback
 .text.SAI_InterruptFlag
                0x0000000008008568       0x6e Drivers/STM32H7xx_HAL_Driver/stm32h7xx_hal_sai.o
 *fill*         0x00000000080085d6        0x2 
 .text.SAI_Disable
                0x00000000080085d8       0x74 Drivers/STM32H7xx_HAL_Driver/stm32h7xx_hal_sai.o
 .text.SAI_DMARxCplt
                0x000000000800864c       0x60 Drivers/STM32H7xx_HAL_Driver/stm32h7xx_hal_sai.o
 .text.SAI_DMARxHalfCplt
                0x00000000080086ac       0x1c Drivers/STM32H7xx_HAL_Driver/stm32h7xx_hal_sai.o
 .text.SAI_DMAError
                0x00000000080086c8       0x5e Drivers/STM32H7xx_HAL_Driver/stm32h7xx_hal_sai.o
 .text.HAL_TIM_Base_Init
                0x0000000008008726       0xae Drivers/STM32H7xx_HAL_Driver/stm32h7xx_hal_tim.o
                0x0000000008008726                HAL_TIM_Base_Init
 .text.HAL_TIM_Base_Start_IT
                0x00000000080087d4       0xe0 Drivers/STM32H7xx_HAL_Driver/stm32h7xx_hal_tim.o
                0x00000000080087d4                HAL_TIM_Base_Start_IT
 .text.HAL_TIM_Base_Stop_IT
                0x00000000080088b4       0x5e Drivers/STM32H7xx_HAL_Driver/stm32h7xx_hal_tim.o
                0x00000000080088b4                HAL_TIM_Base_Stop_IT
 .text.HAL_TIM_IRQHandler
                0x0000000008008912      0x23e Drivers/STM32H7xx_HAL_Driver/stm32h7xx_hal_tim.o
                0x0000000008008912                HAL_TIM_IRQHandler
 .text.HAL_TIM_ConfigClockSource
                0x0000000008008b50      0x1e8 Drivers/STM32H7xx_HAL_Driver/stm32h7xx_hal_tim.o
                0x0000000008008b50                HAL_TIM_ConfigClockSource
 .text.HAL_TIM_OC_DelayElapsedCallback
                0x0000000008008d38       0x14 Drivers/STM32H7xx_HAL_Driver/stm32h7xx_hal_tim.o
                0x0000000008008d38                HAL_TIM_OC_DelayElapsedCallback
 .text.HAL_TIM_IC_CaptureCallback
                0x0000000008008d4c       0x14 Drivers/STM32H7xx_HAL_Driver/stm32h7xx_hal_tim.o
                0x0000000008008d4c                HAL_TIM_IC_CaptureCallback
 .text.HAL_TIM_PWM_PulseFinishedCallback
                0x0000000008008d60       0x14 Drivers/STM32H7xx_HAL_Driver/stm32h7xx_hal_tim.o
                0x0000000008008d60                HAL_TIM_PWM_PulseFinishedCallback
 .text.HAL_TIM_TriggerCallback
                0x0000000008008d74       0x14 Drivers/STM32H7xx_HAL_Driver/stm32h7xx_hal_tim.o
                0x0000000008008d74                HAL_TIM_TriggerCallback
 .text.TIM_Base_SetConfig
                0x0000000008008d88      0x134 Drivers/STM32H7xx_HAL_Driver/stm32h7xx_hal_tim.o
                0x0000000008008d88                TIM_Base_SetConfig
 .text.TIM_TI1_ConfigInputStage
                0x0000000008008ebc       0x5e Drivers/STM32H7xx_HAL_Driver/stm32h7xx_hal_tim.o
 .text.TIM_TI2_ConfigInputStage
                0x0000000008008f1a       0x60 Drivers/STM32H7xx_HAL_Driver/stm32h7xx_hal_tim.o
 *fill*         0x0000000008008f7a        0x2 
 .text.TIM_ITRx_SetConfig
                0x0000000008008f7c       0x3c Drivers/STM32H7xx_HAL_Driver/stm32h7xx_hal_tim.o
 .text.TIM_ETR_SetConfig
                0x0000000008008fb8       0x40 Drivers/STM32H7xx_HAL_Driver/stm32h7xx_hal_tim.o
                0x0000000008008fb8                TIM_ETR_SetConfig
 .text.HAL_TIMEx_MasterConfigSynchronization
                0x0000000008008ff8      0x110 Drivers/STM32H7xx_HAL_Driver/stm32h7xx_hal_tim_ex.o
                0x0000000008008ff8                HAL_TIMEx_MasterConfigSynchronization
 .text.HAL_TIMEx_CommutCallback
                0x0000000008009108       0x14 Drivers/STM32H7xx_HAL_Driver/stm32h7xx_hal_tim_ex.o
                0x0000000008009108                HAL_TIMEx_CommutCallback
 .text.HAL_TIMEx_BreakCallback
                0x000000000800911c       0x14 Drivers/STM32H7xx_HAL_Driver/stm32h7xx_hal_tim_ex.o
                0x000000000800911c                HAL_TIMEx_BreakCallback
 .text.HAL_TIMEx_Break2Callback
                0x0000000008009130       0x14 Drivers/STM32H7xx_HAL_Driver/stm32h7xx_hal_tim_ex.o
                0x0000000008009130                HAL_TIMEx_Break2Callback
 .text.HAL_UART_Init
                0x0000000008009144       0xa0 Drivers/STM32H7xx_HAL_Driver/stm32h7xx_hal_uart.o
                0x0000000008009144                HAL_UART_Init
 .text.HAL_UART_Transmit_DMA
                0x00000000080091e4      0x100 Drivers/STM32H7xx_HAL_Driver/stm32h7xx_hal_uart.o
                0x00000000080091e4                HAL_UART_Transmit_DMA
 .text.HAL_UART_IRQHandler
                0x00000000080092e4      0x574 Drivers/STM32H7xx_HAL_Driver/stm32h7xx_hal_uart.o
                0x00000000080092e4                HAL_UART_IRQHandler
 .text.HAL_UART_TxCpltCallback
                0x0000000008009858       0x14 Drivers/STM32H7xx_HAL_Driver/stm32h7xx_hal_uart.o
                0x0000000008009858                HAL_UART_TxCpltCallback
 .text.HAL_UART_TxHalfCpltCallback
                0x000000000800986c       0x14 Drivers/STM32H7xx_HAL_Driver/stm32h7xx_hal_uart.o
                0x000000000800986c                HAL_UART_TxHalfCpltCallback
 .text.HAL_UART_ErrorCallback
                0x0000000008009880       0x14 Drivers/STM32H7xx_HAL_Driver/stm32h7xx_hal_uart.o
                0x0000000008009880                HAL_UART_ErrorCallback
 .text.HAL_UARTEx_RxEventCallback
                0x0000000008009894       0x18 Drivers/STM32H7xx_HAL_Driver/stm32h7xx_hal_uart.o
                0x0000000008009894                HAL_UARTEx_RxEventCallback
 .text.UART_SetConfig
                0x00000000080098ac      0xac0 Drivers/STM32H7xx_HAL_Driver/stm32h7xx_hal_uart.o
                0x00000000080098ac                UART_SetConfig
 .text.UART_AdvFeatureConfig
                0x000000000800a36c      0x144 Drivers/STM32H7xx_HAL_Driver/stm32h7xx_hal_uart.o
                0x000000000800a36c                UART_AdvFeatureConfig
 .text.UART_CheckIdleState
                0x000000000800a4b0       0x96 Drivers/STM32H7xx_HAL_Driver/stm32h7xx_hal_uart.o
                0x000000000800a4b0                UART_CheckIdleState
 .text.UART_WaitOnFlagUntilTimeout
                0x000000000800a546      0x100 Drivers/STM32H7xx_HAL_Driver/stm32h7xx_hal_uart.o
                0x000000000800a546                UART_WaitOnFlagUntilTimeout
 .text.UART_EndTxTransfer
                0x000000000800a646       0x3c Drivers/STM32H7xx_HAL_Driver/stm32h7xx_hal_uart.o
 *fill*         0x000000000800a682        0x2 
 .text.UART_EndRxTransfer
                0x000000000800a684       0x64 Drivers/STM32H7xx_HAL_Driver/stm32h7xx_hal_uart.o
 .text.UART_DMATransmitCplt
                0x000000000800a6e8       0x50 Drivers/STM32H7xx_HAL_Driver/stm32h7xx_hal_uart.o
 .text.UART_DMATxHalfCplt
                0x000000000800a738       0x1c Drivers/STM32H7xx_HAL_Driver/stm32h7xx_hal_uart.o
 .text.UART_DMAError
                0x000000000800a754       0x80 Drivers/STM32H7xx_HAL_Driver/stm32h7xx_hal_uart.o
 .text.UART_DMAAbortOnError
                0x000000000800a7d4       0x2c Drivers/STM32H7xx_HAL_Driver/stm32h7xx_hal_uart.o
 .text.UART_EndTransmit_IT
                0x000000000800a800       0x34 Drivers/STM32H7xx_HAL_Driver/stm32h7xx_hal_uart.o
 .text.HAL_UARTEx_WakeupCallback
                0x000000000800a834       0x14 Drivers/STM32H7xx_HAL_Driver/stm32h7xx_hal_uart_ex.o
                0x000000000800a834                HAL_UARTEx_WakeupCallback
 .text.HAL_UARTEx_RxFifoFullCallback
                0x000000000800a848       0x14 Drivers/STM32H7xx_HAL_Driver/stm32h7xx_hal_uart_ex.o
                0x000000000800a848                HAL_UARTEx_RxFifoFullCallback
 .text.HAL_UARTEx_TxFifoEmptyCallback
                0x000000000800a85c       0x14 Drivers/STM32H7xx_HAL_Driver/stm32h7xx_hal_uart_ex.o
                0x000000000800a85c                HAL_UARTEx_TxFifoEmptyCallback
 .text.HAL_UARTEx_DisableFifoMode
                0x000000000800a870       0x72 Drivers/STM32H7xx_HAL_Driver/stm32h7xx_hal_uart_ex.o
                0x000000000800a870                HAL_UARTEx_DisableFifoMode
 .text.HAL_UARTEx_SetTxFifoThreshold
                0x000000000800a8e2       0x7c Drivers/STM32H7xx_HAL_Driver/stm32h7xx_hal_uart_ex.o
                0x000000000800a8e2                HAL_UARTEx_SetTxFifoThreshold
 .text.HAL_UARTEx_SetRxFifoThreshold
                0x000000000800a95e       0x7c Drivers/STM32H7xx_HAL_Driver/stm32h7xx_hal_uart_ex.o
                0x000000000800a95e                HAL_UARTEx_SetRxFifoThreshold
 *fill*         0x000000000800a9da        0x2 
 .text.UARTEx_SetNbDataToProcess
                0x000000000800a9dc       0x9c Drivers/STM32H7xx_HAL_Driver/stm32h7xx_hal_uart_ex.o
 .text.arm_fir_init_f32
                0x000000000800aa78       0x3e Middlewares/CMSIS/CMSIS/DSP/Source/FilteringFunctions.o
                0x000000000800aa78                arm_fir_init_f32
 .text.arm_mat_init_q15
                0x000000000800aab6       0x30 Middlewares/CMSIS/CMSIS/DSP/Source/MatrixFunctions.o
                0x000000000800aab6                arm_mat_init_q15
 .text.arm_mat_trans_q15
                0x000000000800aae6       0x86 Middlewares/CMSIS/CMSIS/DSP/Source/MatrixFunctions.o
                0x000000000800aae6                arm_mat_trans_q15
 .text.arm_float_to_q15
                0x000000000800ab6c       0x64 Middlewares/CMSIS/CMSIS/DSP/Source/SupportFunctions.o
                0x000000000800ab6c                arm_float_to_q15
 .text.arm_q15_to_float
                0x000000000800abd0       0x58 Middlewares/CMSIS/CMSIS/DSP/Source/SupportFunctions.o
                0x000000000800abd0                arm_q15_to_float
 .text.D16_GENERIC
                0x000000000800ac28      0x110 ../../Middlewares/ST/STM32_Audio/Addons/PDM/Lib\libPDMFilter_CM7_GCC_wc32.a(pdm_filter.o)
 .text.D24_GENERIC
                0x000000000800ad38      0x178 ../../Middlewares/ST/STM32_Audio/Addons/PDM/Lib\libPDMFilter_CM7_GCC_wc32.a(pdm_filter.o)
 .text.D32_GENERIC
                0x000000000800aeb0      0x188 ../../Middlewares/ST/STM32_Audio/Addons/PDM/Lib\libPDMFilter_CM7_GCC_wc32.a(pdm_filter.o)
 .text.D48_GENERIC
                0x000000000800b038      0x1e4 ../../Middlewares/ST/STM32_Audio/Addons/PDM/Lib\libPDMFilter_CM7_GCC_wc32.a(pdm_filter.o)
 .text.D64_GENERIC
                0x000000000800b21c      0x238 ../../Middlewares/ST/STM32_Audio/Addons/PDM/Lib\libPDMFilter_CM7_GCC_wc32.a(pdm_filter.o)
 .text.D80_GENERIC
                0x000000000800b454      0x298 ../../Middlewares/ST/STM32_Audio/Addons/PDM/Lib\libPDMFilter_CM7_GCC_wc32.a(pdm_filter.o)
 .text.D128_GENERIC
                0x000000000800b6ec      0x3b8 ../../Middlewares/ST/STM32_Audio/Addons/PDM/Lib\libPDMFilter_CM7_GCC_wc32.a(pdm_filter.o)
 .text.D16_1CH_HTONS_VOL_HP
                0x000000000800baa4       0xe0 ../../Middlewares/ST/STM32_Audio/Addons/PDM/Lib\libPDMFilter_CM7_GCC_wc32.a(pdm_filter.o)
 .text.D24_1CH_HTONS_VOL_HP
                0x000000000800bb84      0x13c ../../Middlewares/ST/STM32_Audio/Addons/PDM/Lib\libPDMFilter_CM7_GCC_wc32.a(pdm_filter.o)
 .text.D32_1CH_HTONS_VOL_HP
                0x000000000800bcc0      0x12c ../../Middlewares/ST/STM32_Audio/Addons/PDM/Lib\libPDMFilter_CM7_GCC_wc32.a(pdm_filter.o)
 .text.D48_1CH_HTONS_VOL_HP
                0x000000000800bdec      0x16c ../../Middlewares/ST/STM32_Audio/Addons/PDM/Lib\libPDMFilter_CM7_GCC_wc32.a(pdm_filter.o)
 .text.D64_1CH_HTONS_VOL_HP
                0x000000000800bf58      0x1ac ../../Middlewares/ST/STM32_Audio/Addons/PDM/Lib\libPDMFilter_CM7_GCC_wc32.a(pdm_filter.o)
 .text.D80_1CH_HTONS_VOL_HP
                0x000000000800c104      0x1fc ../../Middlewares/ST/STM32_Audio/Addons/PDM/Lib\libPDMFilter_CM7_GCC_wc32.a(pdm_filter.o)
 .text.D128_1CH_HTONS_VOL_HP
                0x000000000800c300      0x2ec ../../Middlewares/ST/STM32_Audio/Addons/PDM/Lib\libPDMFilter_CM7_GCC_wc32.a(pdm_filter.o)
 .text.PDM_Filter_Init
                0x000000000800c5ec      0x1a0 ../../Middlewares/ST/STM32_Audio/Addons/PDM/Lib\libPDMFilter_CM7_GCC_wc32.a(pdm_filter.o)
                0x000000000800c5ec                PDM_Filter_Init
 .text.PDM_Filter_setConfig
                0x000000000800c78c      0x1f4 ../../Middlewares/ST/STM32_Audio/Addons/PDM/Lib\libPDMFilter_CM7_GCC_wc32.a(pdm_filter.o)
                0x000000000800c78c                PDM_Filter_setConfig
 .text.PDM_Filter
                0x000000000800c980       0x34 ../../Middlewares/ST/STM32_Audio/Addons/PDM/Lib\libPDMFilter_CM7_GCC_wc32.a(pdm_filter.o)
                0x000000000800c980                PDM_Filter
 .text.__errno  0x000000000800c9b4        0xc c:/st/stm32cubeide_1.6.1/stm32cubeide/plugins/com.st.stm32cube.ide.mcu.externaltools.gnu-tools-for-stm32.9-2020-q2-update.win32_1.5.0.202011040924/tools/bin/../lib/gcc/arm-none-eabi/9.3.1/../../../../arm-none-eabi/lib/thumb/v7e-m+dp/hard\libc_nano.a(lib_a-errno.o)
                0x000000000800c9b4                __errno
 .text.__libc_init_array
                0x000000000800c9c0       0x48 c:/st/stm32cubeide_1.6.1/stm32cubeide/plugins/com.st.stm32cube.ide.mcu.externaltools.gnu-tools-for-stm32.9-2020-q2-update.win32_1.5.0.202011040924/tools/bin/../lib/gcc/arm-none-eabi/9.3.1/../../../../arm-none-eabi/lib/thumb/v7e-m+dp/hard\libc_nano.a(lib_a-init.o)
                0x000000000800c9c0                __libc_init_array
 .text.memset   0x000000000800ca08       0x10 c:/st/stm32cubeide_1.6.1/stm32cubeide/plugins/com.st.stm32cube.ide.mcu.externaltools.gnu-tools-for-stm32.9-2020-q2-update.win32_1.5.0.202011040924/tools/bin/../lib/gcc/arm-none-eabi/9.3.1/../../../../arm-none-eabi/lib/thumb/v7e-m+dp/hard\libc_nano.a(lib_a-memset.o)
                0x000000000800ca08                memset
 .text.checkint
                0x000000000800ca18       0x2e c:/st/stm32cubeide_1.6.1/stm32cubeide/plugins/com.st.stm32cube.ide.mcu.externaltools.gnu-tools-for-stm32.9-2020-q2-update.win32_1.5.0.202011040924/tools/bin/../lib/gcc/arm-none-eabi/9.3.1/../../../../arm-none-eabi/lib/thumb/v7e-m+dp/hard\libm.a(lib_a-sf_pow.o)
 *fill*         0x000000000800ca46        0x2 
 .text.powf     0x000000000800ca48      0x2c8 c:/st/stm32cubeide_1.6.1/stm32cubeide/plugins/com.st.stm32cube.ide.mcu.externaltools.gnu-tools-for-stm32.9-2020-q2-update.win32_1.5.0.202011040924/tools/bin/../lib/gcc/arm-none-eabi/9.3.1/../../../../arm-none-eabi/lib/thumb/v7e-m+dp/hard\libm.a(lib_a-sf_pow.o)
                0x000000000800ca48                powf
 .text.with_errnof
                0x000000000800cd10       0x16 c:/st/stm32cubeide_1.6.1/stm32cubeide/plugins/com.st.stm32cube.ide.mcu.externaltools.gnu-tools-for-stm32.9-2020-q2-update.win32_1.5.0.202011040924/tools/bin/../lib/gcc/arm-none-eabi/9.3.1/../../../../arm-none-eabi/lib/thumb/v7e-m+dp/hard\libm.a(lib_a-math_errf.o)
 .text.xflowf   0x000000000800cd26       0x16 c:/st/stm32cubeide_1.6.1/stm32cubeide/plugins/com.st.stm32cube.ide.mcu.externaltools.gnu-tools-for-stm32.9-2020-q2-update.win32_1.5.0.202011040924/tools/bin/../lib/gcc/arm-none-eabi/9.3.1/../../../../arm-none-eabi/lib/thumb/v7e-m+dp/hard\libm.a(lib_a-math_errf.o)
 .text.__math_uflowf
                0x000000000800cd3c        0xc c:/st/stm32cubeide_1.6.1/stm32cubeide/plugins/com.st.stm32cube.ide.mcu.externaltools.gnu-tools-for-stm32.9-2020-q2-update.win32_1.5.0.202011040924/tools/bin/../lib/gcc/arm-none-eabi/9.3.1/../../../../arm-none-eabi/lib/thumb/v7e-m+dp/hard\libm.a(lib_a-math_errf.o)
                0x000000000800cd3c                __math_uflowf
 .text.__math_may_uflowf
                0x000000000800cd48        0xc c:/st/stm32cubeide_1.6.1/stm32cubeide/plugins/com.st.stm32cube.ide.mcu.externaltools.gnu-tools-for-stm32.9-2020-q2-update.win32_1.5.0.202011040924/tools/bin/../lib/gcc/arm-none-eabi/9.3.1/../../../../arm-none-eabi/lib/thumb/v7e-m+dp/hard\libm.a(lib_a-math_errf.o)
                0x000000000800cd48                __math_may_uflowf
 .text.__math_oflowf
                0x000000000800cd54        0xc c:/st/stm32cubeide_1.6.1/stm32cubeide/plugins/com.st.stm32cube.ide.mcu.externaltools.gnu-tools-for-stm32.9-2020-q2-update.win32_1.5.0.202011040924/tools/bin/../lib/gcc/arm-none-eabi/9.3.1/../../../../arm-none-eabi/lib/thumb/v7e-m+dp/hard\libm.a(lib_a-math_errf.o)
                0x000000000800cd54                __math_oflowf
 .text.__math_divzerof
                0x000000000800cd60       0x20 c:/st/stm32cubeide_1.6.1/stm32cubeide/plugins/com.st.stm32cube.ide.mcu.externaltools.gnu-tools-for-stm32.9-2020-q2-update.win32_1.5.0.202011040924/tools/bin/../lib/gcc/arm-none-eabi/9.3.1/../../../../arm-none-eabi/lib/thumb/v7e-m+dp/hard\libm.a(lib_a-math_errf.o)
                0x000000000800cd60                __math_divzerof
 .text.__math_invalidf
                0x000000000800cd80       0x1e c:/st/stm32cubeide_1.6.1/stm32cubeide/plugins/com.st.stm32cube.ide.mcu.externaltools.gnu-tools-for-stm32.9-2020-q2-update.win32_1.5.0.202011040924/tools/bin/../lib/gcc/arm-none-eabi/9.3.1/../../../../arm-none-eabi/lib/thumb/v7e-m+dp/hard\libm.a(lib_a-math_errf.o)
                0x000000000800cd80                __math_invalidf
 *(.glue_7)
 .glue_7        0x000000000800cd9e        0x0 linker stubs
 *(.glue_7t)
 .glue_7t       0x000000000800cd9e        0x0 linker stubs
 *(.eh_frame)
 *fill*         0x000000000800cd9e        0x2 
 .eh_frame      0x000000000800cda0        0x0 c:/st/stm32cubeide_1.6.1/stm32cubeide/plugins/com.st.stm32cube.ide.mcu.externaltools.gnu-tools-for-stm32.9-2020-q2-update.win32_1.5.0.202011040924/tools/bin/../lib/gcc/arm-none-eabi/9.3.1/thumb/v7e-m+dp/hard/crtbegin.o
 *(.init)
 .init          0x000000000800cda0        0x4 c:/st/stm32cubeide_1.6.1/stm32cubeide/plugins/com.st.stm32cube.ide.mcu.externaltools.gnu-tools-for-stm32.9-2020-q2-update.win32_1.5.0.202011040924/tools/bin/../lib/gcc/arm-none-eabi/9.3.1/thumb/v7e-m+dp/hard/crti.o
                0x000000000800cda0                _init
 .init          0x000000000800cda4        0x8 c:/st/stm32cubeide_1.6.1/stm32cubeide/plugins/com.st.stm32cube.ide.mcu.externaltools.gnu-tools-for-stm32.9-2020-q2-update.win32_1.5.0.202011040924/tools/bin/../lib/gcc/arm-none-eabi/9.3.1/thumb/v7e-m+dp/hard/crtn.o
 *(.fini)
 .fini          0x000000000800cdac        0x4 c:/st/stm32cubeide_1.6.1/stm32cubeide/plugins/com.st.stm32cube.ide.mcu.externaltools.gnu-tools-for-stm32.9-2020-q2-update.win32_1.5.0.202011040924/tools/bin/../lib/gcc/arm-none-eabi/9.3.1/thumb/v7e-m+dp/hard/crti.o
                0x000000000800cdac                _fini
 .fini          0x000000000800cdb0        0x8 c:/st/stm32cubeide_1.6.1/stm32cubeide/plugins/com.st.stm32cube.ide.mcu.externaltools.gnu-tools-for-stm32.9-2020-q2-update.win32_1.5.0.202011040924/tools/bin/../lib/gcc/arm-none-eabi/9.3.1/thumb/v7e-m+dp/hard/crtn.o
                0x000000000800cdb8                . = ALIGN (0x4)
                0x000000000800cdb8                _etext = .

.vfp11_veneer   0x000000000800cdb8        0x0
 .vfp11_veneer  0x000000000800cdb8        0x0 linker stubs

.v4_bx          0x000000000800cdb8        0x0
 .v4_bx         0x000000000800cdb8        0x0 linker stubs

.iplt           0x000000000800cdb8        0x0
 .iplt          0x000000000800cdb8        0x0 c:/st/stm32cubeide_1.6.1/stm32cubeide/plugins/com.st.stm32cube.ide.mcu.externaltools.gnu-tools-for-stm32.9-2020-q2-update.win32_1.5.0.202011040924/tools/bin/../lib/gcc/arm-none-eabi/9.3.1/thumb/v7e-m+dp/hard/crtbegin.o

.rodata         0x000000000800cdb8      0x4d0
                0x000000000800cdb8                . = ALIGN (0x4)
 *(.rodata)
 .rodata        0x000000000800cdb8       0x38 ../../Middlewares/ST/STM32_Audio/Addons/PDM/Lib\libPDMFilter_CM7_GCC_wc32.a(pdm_filter.o)
 *(.rodata*)
 .rodata.D1CorePrescTable
                0x000000000800cdf0       0x10 Common/Src/system_stm32h7xx_dualcore_boot_cm4_cm7.o
                0x000000000800cdf0                D1CorePrescTable
 .rodata.coeff  0x000000000800ce00      0x1e4 Common/common_drivers/Src/dsp.o
 .rodata.flagBitshiftOffset.11358
                0x000000000800cfe4        0x8 Drivers/STM32H7xx_HAL_Driver/stm32h7xx_hal_dma.o
 .rodata.UARTPrescTable
                0x000000000800cfec       0x18 Drivers/STM32H7xx_HAL_Driver/stm32h7xx_hal_uart.o
                0x000000000800cfec                UARTPrescTable
 .rodata.numerator.11313
                0x000000000800d004        0x8 Drivers/STM32H7xx_HAL_Driver/stm32h7xx_hal_uart_ex.o
 .rodata.denominator.11314
                0x000000000800d00c        0x8 Drivers/STM32H7xx_HAL_Driver/stm32h7xx_hal_uart_ex.o
 *fill*         0x000000000800d014        0x4 
 .rodata.__exp2f_data
                0x000000000800d018      0x148 c:/st/stm32cubeide_1.6.1/stm32cubeide/plugins/com.st.stm32cube.ide.mcu.externaltools.gnu-tools-for-stm32.9-2020-q2-update.win32_1.5.0.202011040924/tools/bin/../lib/gcc/arm-none-eabi/9.3.1/../../../../arm-none-eabi/lib/thumb/v7e-m+dp/hard\libm.a(lib_a-sf_exp2_data.o)
                0x000000000800d018                __exp2f_data
 .rodata.__powf_log2_data
                0x000000000800d160      0x128 c:/st/stm32cubeide_1.6.1/stm32cubeide/plugins/com.st.stm32cube.ide.mcu.externaltools.gnu-tools-for-stm32.9-2020-q2-update.win32_1.5.0.202011040924/tools/bin/../lib/gcc/arm-none-eabi/9.3.1/../../../../arm-none-eabi/lib/thumb/v7e-m+dp/hard\libm.a(lib_a-sf_pow_log2_data.o)
                0x000000000800d160                __powf_log2_data
                0x000000000800d288                . = ALIGN (0x4)

.ARM.extab      0x000000000800d288        0x0
                0x000000000800d288                . = ALIGN (0x4)
 *(.ARM.extab* .gnu.linkonce.armextab.*)
                0x000000000800d288                . = ALIGN (0x4)

.ARM            0x000000000800d288        0x8
                0x000000000800d288                . = ALIGN (0x4)
                0x000000000800d288                __exidx_start = .
 *(.ARM.exidx*)
 .ARM.exidx     0x000000000800d288        0x8 c:/st/stm32cubeide_1.6.1/stm32cubeide/plugins/com.st.stm32cube.ide.mcu.externaltools.gnu-tools-for-stm32.9-2020-q2-update.win32_1.5.0.202011040924/tools/bin/../lib/gcc/arm-none-eabi/9.3.1/thumb/v7e-m+dp/hard\libgcc.a(_udivmoddi4.o)
                0x000000000800d290                __exidx_end = .
                0x000000000800d290                . = ALIGN (0x4)

.rel.dyn        0x000000000800d290        0x0
 .rel.iplt      0x000000000800d290        0x0 c:/st/stm32cubeide_1.6.1/stm32cubeide/plugins/com.st.stm32cube.ide.mcu.externaltools.gnu-tools-for-stm32.9-2020-q2-update.win32_1.5.0.202011040924/tools/bin/../lib/gcc/arm-none-eabi/9.3.1/thumb/v7e-m+dp/hard/crtbegin.o

.preinit_array  0x000000000800d290        0x0
                0x000000000800d290                . = ALIGN (0x4)
                0x000000000800d290                PROVIDE (__preinit_array_start = .)
 *(.preinit_array*)
                0x000000000800d290                PROVIDE (__preinit_array_end = .)
                0x000000000800d290                . = ALIGN (0x4)

.init_array     0x000000000800d290        0x4
                0x000000000800d290                . = ALIGN (0x4)
                0x000000000800d290                PROVIDE (__init_array_start = .)
 *(SORT_BY_NAME(.init_array.*))
 *(.init_array*)
 .init_array    0x000000000800d290        0x4 c:/st/stm32cubeide_1.6.1/stm32cubeide/plugins/com.st.stm32cube.ide.mcu.externaltools.gnu-tools-for-stm32.9-2020-q2-update.win32_1.5.0.202011040924/tools/bin/../lib/gcc/arm-none-eabi/9.3.1/thumb/v7e-m+dp/hard/crtbegin.o
                0x000000000800d294                PROVIDE (__init_array_end = .)
                0x000000000800d294                . = ALIGN (0x4)

.fini_array     0x000000000800d294        0x4
                0x000000000800d294                . = ALIGN (0x4)
                [!provide]                        PROVIDE (__fini_array_start = .)
 *(SORT_BY_NAME(.fini_array.*))
 *(.fini_array*)
 .fini_array    0x000000000800d294        0x4 c:/st/stm32cubeide_1.6.1/stm32cubeide/plugins/com.st.stm32cube.ide.mcu.externaltools.gnu-tools-for-stm32.9-2020-q2-update.win32_1.5.0.202011040924/tools/bin/../lib/gcc/arm-none-eabi/9.3.1/thumb/v7e-m+dp/hard/crtbegin.o
                [!provide]                        PROVIDE (__fini_array_end = .)
                0x000000000800d298                . = ALIGN (0x4)
                0x000000000800d298                _sidata = LOADADDR (.data)

.data           0x0000000024000000      0x474 load address 0x000000000800d298
                0x0000000024000000                . = ALIGN (0x4)
                0x0000000024000000                _sdata = .
 *(.data)
 .data          0x0000000024000000      0x400 ../../Middlewares/ST/STM32_Audio/Addons/PDM/Lib\libPDMFilter_CM7_GCC_wc32.a(pdm_filter.o)
 *(.data*)
 .data.SystemCoreClock
                0x0000000024000400        0x4 Common/Src/system_stm32h7xx_dualcore_boot_cm4_cm7.o
                0x0000000024000400                SystemCoreClock
 .data.SystemD2Clock
                0x0000000024000404        0x4 Common/Src/system_stm32h7xx_dualcore_boot_cm4_cm7.o
                0x0000000024000404                SystemD2Clock
 .data.uwTickPrio
                0x0000000024000408        0x4 Drivers/STM32H7xx_HAL_Driver/stm32h7xx_hal.o
                0x0000000024000408                uwTickPrio
 .data.uwTickFreq
                0x000000002400040c        0x1 Drivers/STM32H7xx_HAL_Driver/stm32h7xx_hal.o
                0x000000002400040c                uwTickFreq
 *fill*         0x000000002400040d        0x3 
 .data._impure_ptr
                0x0000000024000410        0x4 c:/st/stm32cubeide_1.6.1/stm32cubeide/plugins/com.st.stm32cube.ide.mcu.externaltools.gnu-tools-for-stm32.9-2020-q2-update.win32_1.5.0.202011040924/tools/bin/../lib/gcc/arm-none-eabi/9.3.1/../../../../arm-none-eabi/lib/thumb/v7e-m+dp/hard\libc_nano.a(lib_a-impure.o)
                0x0000000024000410                _impure_ptr
 .data.impure_data
                0x0000000024000414       0x60 c:/st/stm32cubeide_1.6.1/stm32cubeide/plugins/com.st.stm32cube.ide.mcu.externaltools.gnu-tools-for-stm32.9-2020-q2-update.win32_1.5.0.202011040924/tools/bin/../lib/gcc/arm-none-eabi/9.3.1/../../../../arm-none-eabi/lib/thumb/v7e-m+dp/hard\libc_nano.a(lib_a-impure.o)
 *(.RamFunc)
 *(.RamFunc*)
                0x0000000024000474                . = ALIGN (0x4)
                0x0000000024000474                _edata = .

.igot.plt       0x0000000024000474        0x0 load address 0x000000000800d70c
 .igot.plt      0x0000000024000474        0x0 c:/st/stm32cubeide_1.6.1/stm32cubeide/plugins/com.st.stm32cube.ide.mcu.externaltools.gnu-tools-for-stm32.9-2020-q2-update.win32_1.5.0.202011040924/tools/bin/../lib/gcc/arm-none-eabi/9.3.1/thumb/v7e-m+dp/hard/crtbegin.o
                0x0000000024000474                . = ALIGN (0x4)

.bss            0x0000000024000474      0xf34 load address 0x000000000800d70c
                0x0000000024000474                _sbss = .
                0x0000000024000474                __bss_start__ = _sbss
 *(.bss)
 .bss           0x0000000024000474       0x1c c:/st/stm32cubeide_1.6.1/stm32cubeide/plugins/com.st.stm32cube.ide.mcu.externaltools.gnu-tools-for-stm32.9-2020-q2-update.win32_1.5.0.202011040924/tools/bin/../lib/gcc/arm-none-eabi/9.3.1/thumb/v7e-m+dp/hard/crtbegin.o
 .bss           0x0000000024000490        0x1 ../../Middlewares/ST/STM32_Audio/Addons/PDM/Lib\libPDMFilter_CM7_GCC_wc32.a(pdm_filter.o)
 *(.bss*)
 .bss.dmaFlag   0x0000000024000491        0x1 Core/Src/main.o
 .bss.timFlag   0x0000000024000492        0x1 Core/Src/main.o
 *fill*         0x0000000024000493        0x1 
 .bss.pcmMatrix
                0x0000000024000494       0x10 Core/Src/main.o
 .bss.pcmMatrix_Trans
                0x00000000240004a4       0x10 Core/Src/main.o
 .bss.dsp       0x00000000240004b4      0xbc0 Core/Src/main.o
 .bss.SAI1_client
                0x0000000024001074        0x4 Core/Src/stm32h7xx_hal_msp.o
 *(COMMON)
 COMMON         0x0000000024001078       0xa4 Common/common_drivers/Src/pdm_to_pcm.o
                0x0000000024001078                PDM_FilterConfig
                0x0000000024001084                PDM_FilterHandler
 COMMON         0x000000002400111c      0x288 Core/Src/main.o
                0x000000002400111c                huart3
                0x00000000240011ac                hcrc
                0x00000000240011d0                hdma_usart3_tx
                0x0000000024001248                hdma_sai1_a
                0x00000000240012c0                htim1
                0x000000002400130c                hsai_BlockA1
 COMMON         0x00000000240013a4        0x4 Drivers/STM32H7xx_HAL_Driver/stm32h7xx_hal.o
                0x00000000240013a4                uwTick
                0x00000000240013a8                . = ALIGN (0x4)
                0x00000000240013a8                _ebss = .
                0x00000000240013a8                __bss_end__ = _ebss

._user_heap_stack
                0x00000000240013a8      0x600 load address 0x000000000800d70c
                0x00000000240013a8                . = ALIGN (0x8)
                [!provide]                        PROVIDE (end = .)
                0x00000000240013a8                PROVIDE (_end = .)
                0x00000000240015a8                . = (. + _Min_Heap_Size)
 *fill*         0x00000000240013a8      0x200 
                0x00000000240019a8                . = (. + _Min_Stack_Size)
 *fill*         0x00000000240015a8      0x400 
                0x00000000240019a8                . = ALIGN (0x8)

/DISCARD/
 libc.a(*)
 libm.a(*)
 libgcc.a(*)

.ARM.attributes
                0x0000000000000000       0x2e
 *(.ARM.attributes)
 .ARM.attributes
                0x0000000000000000       0x1e c:/st/stm32cubeide_1.6.1/stm32cubeide/plugins/com.st.stm32cube.ide.mcu.externaltools.gnu-tools-for-stm32.9-2020-q2-update.win32_1.5.0.202011040924/tools/bin/../lib/gcc/arm-none-eabi/9.3.1/thumb/v7e-m+dp/hard/crti.o
 .ARM.attributes
                0x000000000000001e       0x32 c:/st/stm32cubeide_1.6.1/stm32cubeide/plugins/com.st.stm32cube.ide.mcu.externaltools.gnu-tools-for-stm32.9-2020-q2-update.win32_1.5.0.202011040924/tools/bin/../lib/gcc/arm-none-eabi/9.3.1/thumb/v7e-m+dp/hard/crtbegin.o
 .ARM.attributes
                0x0000000000000050       0x32 Common/Src/system_stm32h7xx_dualcore_boot_cm4_cm7.o
 .ARM.attributes
                0x0000000000000082       0x32 Common/common_drivers/Src/dsp.o
 .ARM.attributes
                0x00000000000000b4       0x32 Common/common_drivers/Src/pdm_to_pcm.o
 .ARM.attributes
                0x00000000000000e6       0x32 Core/Src/main.o
 .ARM.attributes
                0x0000000000000118       0x32 Core/Src/stm32h7xx_hal_msp.o
 .ARM.attributes
                0x000000000000014a       0x32 Core/Src/stm32h7xx_it.o
 .ARM.attributes
                0x000000000000017c       0x21 Core/Startup/startup_stm32h755zitx.o
 .ARM.attributes
                0x000000000000019d       0x32 Drivers/STM32H7xx_HAL_Driver/stm32h7xx_hal.o
 .ARM.attributes
                0x00000000000001cf       0x32 Drivers/STM32H7xx_HAL_Driver/stm32h7xx_hal_cortex.o
 .ARM.attributes
                0x0000000000000201       0x32 Drivers/STM32H7xx_HAL_Driver/stm32h7xx_hal_crc.o
 .ARM.attributes
                0x0000000000000233       0x32 Drivers/STM32H7xx_HAL_Driver/stm32h7xx_hal_crc_ex.o
 .ARM.attributes
                0x0000000000000265       0x32 Drivers/STM32H7xx_HAL_Driver/stm32h7xx_hal_dma.o
 .ARM.attributes
                0x0000000000000297       0x32 Drivers/STM32H7xx_HAL_Driver/stm32h7xx_hal_gpio.o
 .ARM.attributes
                0x00000000000002c9       0x32 Drivers/STM32H7xx_HAL_Driver/stm32h7xx_hal_hsem.o
 .ARM.attributes
                0x00000000000002fb       0x32 Drivers/STM32H7xx_HAL_Driver/stm32h7xx_hal_pwr_ex.o
 .ARM.attributes
                0x000000000000032d       0x32 Drivers/STM32H7xx_HAL_Driver/stm32h7xx_hal_rcc.o
 .ARM.attributes
                0x000000000000035f       0x32 Drivers/STM32H7xx_HAL_Driver/stm32h7xx_hal_rcc_ex.o
 .ARM.attributes
                0x0000000000000391       0x32 Drivers/STM32H7xx_HAL_Driver/stm32h7xx_hal_sai.o
 .ARM.attributes
                0x00000000000003c3       0x32 Drivers/STM32H7xx_HAL_Driver/stm32h7xx_hal_tim.o
 .ARM.attributes
                0x00000000000003f5       0x32 Drivers/STM32H7xx_HAL_Driver/stm32h7xx_hal_tim_ex.o
 .ARM.attributes
                0x0000000000000427       0x32 Drivers/STM32H7xx_HAL_Driver/stm32h7xx_hal_uart.o
 .ARM.attributes
                0x0000000000000459       0x32 Drivers/STM32H7xx_HAL_Driver/stm32h7xx_hal_uart_ex.o
 .ARM.attributes
                0x000000000000048b       0x32 Middlewares/CMSIS/CMSIS/DSP/Source/FilteringFunctions.o
 .ARM.attributes
                0x00000000000004bd       0x32 Middlewares/CMSIS/CMSIS/DSP/Source/MatrixFunctions.o
 .ARM.attributes
                0x00000000000004ef       0x32 Middlewares/CMSIS/CMSIS/DSP/Source/SupportFunctions.o
 .ARM.attributes
                0x0000000000000521       0x35 ../../Middlewares/ST/STM32_Audio/Addons/PDM/Lib\libPDMFilter_CM7_GCC_wc32.a(pdm_filter.o)
 .ARM.attributes
                0x0000000000000556       0x32 c:/st/stm32cubeide_1.6.1/stm32cubeide/plugins/com.st.stm32cube.ide.mcu.externaltools.gnu-tools-for-stm32.9-2020-q2-update.win32_1.5.0.202011040924/tools/bin/../lib/gcc/arm-none-eabi/9.3.1/../../../../arm-none-eabi/lib/thumb/v7e-m+dp/hard\libc_nano.a(lib_a-errno.o)
 .ARM.attributes
                0x0000000000000588       0x30 c:/st/stm32cubeide_1.6.1/stm32cubeide/plugins/com.st.stm32cube.ide.mcu.externaltools.gnu-tools-for-stm32.9-2020-q2-update.win32_1.5.0.202011040924/tools/bin/../lib/gcc/arm-none-eabi/9.3.1/../../../../arm-none-eabi/lib/thumb/v7e-m+dp/hard\libc_nano.a(lib_a-impure.o)
 .ARM.attributes
                0x00000000000005b8       0x32 c:/st/stm32cubeide_1.6.1/stm32cubeide/plugins/com.st.stm32cube.ide.mcu.externaltools.gnu-tools-for-stm32.9-2020-q2-update.win32_1.5.0.202011040924/tools/bin/../lib/gcc/arm-none-eabi/9.3.1/../../../../arm-none-eabi/lib/thumb/v7e-m+dp/hard\libc_nano.a(lib_a-init.o)
 .ARM.attributes
                0x00000000000005ea       0x32 c:/st/stm32cubeide_1.6.1/stm32cubeide/plugins/com.st.stm32cube.ide.mcu.externaltools.gnu-tools-for-stm32.9-2020-q2-update.win32_1.5.0.202011040924/tools/bin/../lib/gcc/arm-none-eabi/9.3.1/../../../../arm-none-eabi/lib/thumb/v7e-m+dp/hard\libc_nano.a(lib_a-memset.o)
 .ARM.attributes
                0x000000000000061c       0x30 c:/st/stm32cubeide_1.6.1/stm32cubeide/plugins/com.st.stm32cube.ide.mcu.externaltools.gnu-tools-for-stm32.9-2020-q2-update.win32_1.5.0.202011040924/tools/bin/../lib/gcc/arm-none-eabi/9.3.1/../../../../arm-none-eabi/lib/thumb/v7e-m+dp/hard\libm.a(lib_a-sf_exp2_data.o)
 .ARM.attributes
                0x000000000000064c       0x32 c:/st/stm32cubeide_1.6.1/stm32cubeide/plugins/com.st.stm32cube.ide.mcu.externaltools.gnu-tools-for-stm32.9-2020-q2-update.win32_1.5.0.202011040924/tools/bin/../lib/gcc/arm-none-eabi/9.3.1/../../../../arm-none-eabi/lib/thumb/v7e-m+dp/hard\libm.a(lib_a-sf_pow.o)
 .ARM.attributes
                0x000000000000067e       0x30 c:/st/stm32cubeide_1.6.1/stm32cubeide/plugins/com.st.stm32cube.ide.mcu.externaltools.gnu-tools-for-stm32.9-2020-q2-update.win32_1.5.0.202011040924/tools/bin/../lib/gcc/arm-none-eabi/9.3.1/../../../../arm-none-eabi/lib/thumb/v7e-m+dp/hard\libm.a(lib_a-sf_pow_log2_data.o)
 .ARM.attributes
                0x00000000000006ae       0x32 c:/st/stm32cubeide_1.6.1/stm32cubeide/plugins/com.st.stm32cube.ide.mcu.externaltools.gnu-tools-for-stm32.9-2020-q2-update.win32_1.5.0.202011040924/tools/bin/../lib/gcc/arm-none-eabi/9.3.1/../../../../arm-none-eabi/lib/thumb/v7e-m+dp/hard\libm.a(lib_a-math_errf.o)
 .ARM.attributes
                0x00000000000006e0       0x1e c:/st/stm32cubeide_1.6.1/stm32cubeide/plugins/com.st.stm32cube.ide.mcu.externaltools.gnu-tools-for-stm32.9-2020-q2-update.win32_1.5.0.202011040924/tools/bin/../lib/gcc/arm-none-eabi/9.3.1/thumb/v7e-m+dp/hard\libgcc.a(_aeabi_uldivmod.o)
 .ARM.attributes
                0x00000000000006fe       0x32 c:/st/stm32cubeide_1.6.1/stm32cubeide/plugins/com.st.stm32cube.ide.mcu.externaltools.gnu-tools-for-stm32.9-2020-q2-update.win32_1.5.0.202011040924/tools/bin/../lib/gcc/arm-none-eabi/9.3.1/thumb/v7e-m+dp/hard\libgcc.a(_udivmoddi4.o)
 .ARM.attributes
                0x0000000000000730       0x1e c:/st/stm32cubeide_1.6.1/stm32cubeide/plugins/com.st.stm32cube.ide.mcu.externaltools.gnu-tools-for-stm32.9-2020-q2-update.win32_1.5.0.202011040924/tools/bin/../lib/gcc/arm-none-eabi/9.3.1/thumb/v7e-m+dp/hard\libgcc.a(_dvmd_tls.o)
 .ARM.attributes
                0x000000000000074e       0x1e c:/st/stm32cubeide_1.6.1/stm32cubeide/plugins/com.st.stm32cube.ide.mcu.externaltools.gnu-tools-for-stm32.9-2020-q2-update.win32_1.5.0.202011040924/tools/bin/../lib/gcc/arm-none-eabi/9.3.1/thumb/v7e-m+dp/hard/crtn.o
OUTPUT(microphone_CM7.elf elf32-littlearm)
LOAD linker stubs
LOAD c:/st/stm32cubeide_1.6.1/stm32cubeide/plugins/com.st.stm32cube.ide.mcu.externaltools.gnu-tools-for-stm32.9-2020-q2-update.win32_1.5.0.202011040924/tools/bin/../lib/gcc/arm-none-eabi/9.3.1/../../../../arm-none-eabi/lib/thumb/v7e-m+dp/hard\libc.a
LOAD c:/st/stm32cubeide_1.6.1/stm32cubeide/plugins/com.st.stm32cube.ide.mcu.externaltools.gnu-tools-for-stm32.9-2020-q2-update.win32_1.5.0.202011040924/tools/bin/../lib/gcc/arm-none-eabi/9.3.1/../../../../arm-none-eabi/lib/thumb/v7e-m+dp/hard\libm.a
LOAD c:/st/stm32cubeide_1.6.1/stm32cubeide/plugins/com.st.stm32cube.ide.mcu.externaltools.gnu-tools-for-stm32.9-2020-q2-update.win32_1.5.0.202011040924/tools/bin/../lib/gcc/arm-none-eabi/9.3.1/thumb/v7e-m+dp/hard\libgcc.a

.debug_info     0x0000000000000000    0x3d581
 .debug_info    0x0000000000000000     0x184a Common/Src/system_stm32h7xx_dualcore_boot_cm4_cm7.o
 .debug_info    0x000000000000184a      0xe93 Common/common_drivers/Src/dsp.o
 .debug_info    0x00000000000026dd     0x11e4 Common/common_drivers/Src/pdm_to_pcm.o
 .debug_info    0x00000000000038c1     0x3398 Core/Src/main.o
 .debug_info    0x0000000000006c59     0x2a21 Core/Src/stm32h7xx_hal_msp.o
 .debug_info    0x000000000000967a     0x1ba1 Core/Src/stm32h7xx_it.o
 .debug_info    0x000000000000b21b       0x22 Core/Startup/startup_stm32h755zitx.o
 .debug_info    0x000000000000b23d     0x21f2 Drivers/STM32H7xx_HAL_Driver/stm32h7xx_hal.o
 .debug_info    0x000000000000d42f     0x1c37 Drivers/STM32H7xx_HAL_Driver/stm32h7xx_hal_cortex.o
 .debug_info    0x000000000000f066      0xfcf Drivers/STM32H7xx_HAL_Driver/stm32h7xx_hal_crc.o
 .debug_info    0x0000000000010035      0xe02 Drivers/STM32H7xx_HAL_Driver/stm32h7xx_hal_crc_ex.o
 .debug_info    0x0000000000010e37     0x175f Drivers/STM32H7xx_HAL_Driver/stm32h7xx_hal_dma.o
 .debug_info    0x0000000000012596     0x189e Drivers/STM32H7xx_HAL_Driver/stm32h7xx_hal_gpio.o
 .debug_info    0x0000000000013e34      0xed3 Drivers/STM32H7xx_HAL_Driver/stm32h7xx_hal_hsem.o
 .debug_info    0x0000000000014d07     0x1d5d Drivers/STM32H7xx_HAL_Driver/stm32h7xx_hal_pwr_ex.o
 .debug_info    0x0000000000016a64     0x194f Drivers/STM32H7xx_HAL_Driver/stm32h7xx_hal_rcc.o
 .debug_info    0x00000000000183b3     0x1de1 Drivers/STM32H7xx_HAL_Driver/stm32h7xx_hal_rcc_ex.o
 .debug_info    0x000000000001a194     0x1e84 Drivers/STM32H7xx_HAL_Driver/stm32h7xx_hal_sai.o
 .debug_info    0x000000000001c018     0x3639 Drivers/STM32H7xx_HAL_Driver/stm32h7xx_hal_tim.o
 .debug_info    0x000000000001f651     0x21cf Drivers/STM32H7xx_HAL_Driver/stm32h7xx_hal_tim_ex.o
 .debug_info    0x0000000000021820     0x2937 Drivers/STM32H7xx_HAL_Driver/stm32h7xx_hal_uart.o
 .debug_info    0x0000000000024157     0x178e Drivers/STM32H7xx_HAL_Driver/stm32h7xx_hal_uart_ex.o
 .debug_info    0x00000000000258e5    0x10a1b Middlewares/CMSIS/CMSIS/DSP/Source/FilteringFunctions.o
 .debug_info    0x0000000000036300     0x5650 Middlewares/CMSIS/CMSIS/DSP/Source/MatrixFunctions.o
 .debug_info    0x000000000003b950     0x1c31 Middlewares/CMSIS/CMSIS/DSP/Source/SupportFunctions.o

.debug_abbrev   0x0000000000000000     0x49cc
 .debug_abbrev  0x0000000000000000      0x262 Common/Src/system_stm32h7xx_dualcore_boot_cm4_cm7.o
 .debug_abbrev  0x0000000000000262      0x21e Common/common_drivers/Src/dsp.o
 .debug_abbrev  0x0000000000000480      0x2e8 Common/common_drivers/Src/pdm_to_pcm.o
 .debug_abbrev  0x0000000000000768      0x470 Core/Src/main.o
 .debug_abbrev  0x0000000000000bd8      0x2d6 Core/Src/stm32h7xx_hal_msp.o
 .debug_abbrev  0x0000000000000eae      0x23e Core/Src/stm32h7xx_it.o
 .debug_abbrev  0x00000000000010ec       0x12 Core/Startup/startup_stm32h755zitx.o
 .debug_abbrev  0x00000000000010fe      0x31b Drivers/STM32H7xx_HAL_Driver/stm32h7xx_hal.o
 .debug_abbrev  0x0000000000001419      0x409 Drivers/STM32H7xx_HAL_Driver/stm32h7xx_hal_cortex.o
 .debug_abbrev  0x0000000000001822      0x2bc Drivers/STM32H7xx_HAL_Driver/stm32h7xx_hal_crc.o
 .debug_abbrev  0x0000000000001ade      0x248 Drivers/STM32H7xx_HAL_Driver/stm32h7xx_hal_crc_ex.o
 .debug_abbrev  0x0000000000001d26      0x2c1 Drivers/STM32H7xx_HAL_Driver/stm32h7xx_hal_dma.o
 .debug_abbrev  0x0000000000001fe7      0x2cb Drivers/STM32H7xx_HAL_Driver/stm32h7xx_hal_gpio.o
 .debug_abbrev  0x00000000000022b2      0x2e9 Drivers/STM32H7xx_HAL_Driver/stm32h7xx_hal_hsem.o
 .debug_abbrev  0x000000000000259b      0x37d Drivers/STM32H7xx_HAL_Driver/stm32h7xx_hal_pwr_ex.o
 .debug_abbrev  0x0000000000002918      0x322 Drivers/STM32H7xx_HAL_Driver/stm32h7xx_hal_rcc.o
 .debug_abbrev  0x0000000000002c3a      0x31d Drivers/STM32H7xx_HAL_Driver/stm32h7xx_hal_rcc_ex.o
 .debug_abbrev  0x0000000000002f57      0x2f8 Drivers/STM32H7xx_HAL_Driver/stm32h7xx_hal_sai.o
 .debug_abbrev  0x000000000000324f      0x2f9 Drivers/STM32H7xx_HAL_Driver/stm32h7xx_hal_tim.o
 .debug_abbrev  0x0000000000003548      0x301 Drivers/STM32H7xx_HAL_Driver/stm32h7xx_hal_tim_ex.o
 .debug_abbrev  0x0000000000003849      0x309 Drivers/STM32H7xx_HAL_Driver/stm32h7xx_hal_uart.o
 .debug_abbrev  0x0000000000003b52      0x2a5 Drivers/STM32H7xx_HAL_Driver/stm32h7xx_hal_uart_ex.o
 .debug_abbrev  0x0000000000003df7      0x469 Middlewares/CMSIS/CMSIS/DSP/Source/FilteringFunctions.o
 .debug_abbrev  0x0000000000004260      0x411 Middlewares/CMSIS/CMSIS/DSP/Source/MatrixFunctions.o
 .debug_abbrev  0x0000000000004671      0x35b Middlewares/CMSIS/CMSIS/DSP/Source/SupportFunctions.o

.debug_aranges  0x0000000000000000     0x1a10
 .debug_aranges
                0x0000000000000000       0x28 Common/Src/system_stm32h7xx_dualcore_boot_cm4_cm7.o
 .debug_aranges
                0x0000000000000028       0x50 Common/common_drivers/Src/dsp.o
 .debug_aranges
                0x0000000000000078       0x28 Common/common_drivers/Src/pdm_to_pcm.o
 .debug_aranges
                0x00000000000000a0       0x80 Core/Src/main.o
 .debug_aranges
                0x0000000000000120       0x60 Core/Src/stm32h7xx_hal_msp.o
 .debug_aranges
                0x0000000000000180       0x88 Core/Src/stm32h7xx_it.o
 .debug_aranges
                0x0000000000000208       0x28 Core/Startup/startup_stm32h755zitx.o
 .debug_aranges
                0x0000000000000230      0x200 Drivers/STM32H7xx_HAL_Driver/stm32h7xx_hal.o
 .debug_aranges
                0x0000000000000430      0x120 Drivers/STM32H7xx_HAL_Driver/stm32h7xx_hal_cortex.o
 .debug_aranges
                0x0000000000000550       0x60 Drivers/STM32H7xx_HAL_Driver/stm32h7xx_hal_crc.o
 .debug_aranges
                0x00000000000005b0       0x30 Drivers/STM32H7xx_HAL_Driver/stm32h7xx_hal_crc_ex.o
 .debug_aranges
                0x00000000000005e0       0xa0 Drivers/STM32H7xx_HAL_Driver/stm32h7xx_hal_dma.o
 .debug_aranges
                0x0000000000000680       0x58 Drivers/STM32H7xx_HAL_Driver/stm32h7xx_hal_gpio.o
 .debug_aranges
                0x00000000000006d8       0x70 Drivers/STM32H7xx_HAL_Driver/stm32h7xx_hal_hsem.o
 .debug_aranges
                0x0000000000000748      0x170 Drivers/STM32H7xx_HAL_Driver/stm32h7xx_hal_pwr_ex.o
 .debug_aranges
                0x00000000000008b8       0x88 Drivers/STM32H7xx_HAL_Driver/stm32h7xx_hal_rcc.o
 .debug_aranges
                0x0000000000000940      0x100 Drivers/STM32H7xx_HAL_Driver/stm32h7xx_hal_rcc_ex.o
 .debug_aranges
                0x0000000000000a40      0x178 Drivers/STM32H7xx_HAL_Driver/stm32h7xx_hal_sai.o
 .debug_aranges
                0x0000000000000bb8      0x3e0 Drivers/STM32H7xx_HAL_Driver/stm32h7xx_hal_tim.o
 .debug_aranges
                0x0000000000000f98      0x188 Drivers/STM32H7xx_HAL_Driver/stm32h7xx_hal_tim_ex.o
 .debug_aranges
                0x0000000000001120      0x248 Drivers/STM32H7xx_HAL_Driver/stm32h7xx_hal_uart.o
 .debug_aranges
                0x0000000000001368       0xa0 Drivers/STM32H7xx_HAL_Driver/stm32h7xx_hal_uart_ex.o
 .debug_aranges
                0x0000000000001408      0x340 Middlewares/CMSIS/CMSIS/DSP/Source/FilteringFunctions.o
 .debug_aranges
                0x0000000000001748      0x180 Middlewares/CMSIS/CMSIS/DSP/Source/MatrixFunctions.o
 .debug_aranges
                0x00000000000018c8      0x148 Middlewares/CMSIS/CMSIS/DSP/Source/SupportFunctions.o

.debug_ranges   0x0000000000000000     0x18d0
 .debug_ranges  0x0000000000000000       0x18 Common/Src/system_stm32h7xx_dualcore_boot_cm4_cm7.o
 .debug_ranges  0x0000000000000018       0x40 Common/common_drivers/Src/dsp.o
 .debug_ranges  0x0000000000000058       0x18 Common/common_drivers/Src/pdm_to_pcm.o
 .debug_ranges  0x0000000000000070       0x70 Core/Src/main.o
 .debug_ranges  0x00000000000000e0       0x50 Core/Src/stm32h7xx_hal_msp.o
 .debug_ranges  0x0000000000000130       0x78 Core/Src/stm32h7xx_it.o
 .debug_ranges  0x00000000000001a8       0x20 Core/Startup/startup_stm32h755zitx.o
 .debug_ranges  0x00000000000001c8      0x1f0 Drivers/STM32H7xx_HAL_Driver/stm32h7xx_hal.o
 .debug_ranges  0x00000000000003b8      0x110 Drivers/STM32H7xx_HAL_Driver/stm32h7xx_hal_cortex.o
 .debug_ranges  0x00000000000004c8       0x50 Drivers/STM32H7xx_HAL_Driver/stm32h7xx_hal_crc.o
 .debug_ranges  0x0000000000000518       0x20 Drivers/STM32H7xx_HAL_Driver/stm32h7xx_hal_crc_ex.o
 .debug_ranges  0x0000000000000538       0x90 Drivers/STM32H7xx_HAL_Driver/stm32h7xx_hal_dma.o
 .debug_ranges  0x00000000000005c8       0x48 Drivers/STM32H7xx_HAL_Driver/stm32h7xx_hal_gpio.o
 .debug_ranges  0x0000000000000610       0x60 Drivers/STM32H7xx_HAL_Driver/stm32h7xx_hal_hsem.o
 .debug_ranges  0x0000000000000670      0x160 Drivers/STM32H7xx_HAL_Driver/stm32h7xx_hal_pwr_ex.o
 .debug_ranges  0x00000000000007d0       0x78 Drivers/STM32H7xx_HAL_Driver/stm32h7xx_hal_rcc.o
 .debug_ranges  0x0000000000000848       0xf0 Drivers/STM32H7xx_HAL_Driver/stm32h7xx_hal_rcc_ex.o
 .debug_ranges  0x0000000000000938      0x180 Drivers/STM32H7xx_HAL_Driver/stm32h7xx_hal_sai.o
 .debug_ranges  0x0000000000000ab8      0x3d0 Drivers/STM32H7xx_HAL_Driver/stm32h7xx_hal_tim.o
 .debug_ranges  0x0000000000000e88      0x178 Drivers/STM32H7xx_HAL_Driver/stm32h7xx_hal_tim_ex.o
 .debug_ranges  0x0000000000001000      0x268 Drivers/STM32H7xx_HAL_Driver/stm32h7xx_hal_uart.o
 .debug_ranges  0x0000000000001268       0x90 Drivers/STM32H7xx_HAL_Driver/stm32h7xx_hal_uart_ex.o
 .debug_ranges  0x00000000000012f8      0x330 Middlewares/CMSIS/CMSIS/DSP/Source/FilteringFunctions.o
 .debug_ranges  0x0000000000001628      0x170 Middlewares/CMSIS/CMSIS/DSP/Source/MatrixFunctions.o
 .debug_ranges  0x0000000000001798      0x138 Middlewares/CMSIS/CMSIS/DSP/Source/SupportFunctions.o

.debug_macro    0x0000000000000000    0x3cbde
 .debug_macro   0x0000000000000000      0x2db Common/Src/system_stm32h7xx_dualcore_boot_cm4_cm7.o
 .debug_macro   0x00000000000002db      0xad2 Common/Src/system_stm32h7xx_dualcore_boot_cm4_cm7.o
 .debug_macro   0x0000000000000dad       0x2e Common/Src/system_stm32h7xx_dualcore_boot_cm4_cm7.o
 .debug_macro   0x0000000000000ddb       0x49 Common/Src/system_stm32h7xx_dualcore_boot_cm4_cm7.o
 .debug_macro   0x0000000000000e24       0x22 Common/Src/system_stm32h7xx_dualcore_boot_cm4_cm7.o
 .debug_macro   0x0000000000000e46       0x8e Common/Src/system_stm32h7xx_dualcore_boot_cm4_cm7.o
 .debug_macro   0x0000000000000ed4       0x51 Common/Src/system_stm32h7xx_dualcore_boot_cm4_cm7.o
 .debug_macro   0x0000000000000f25      0x103 Common/Src/system_stm32h7xx_dualcore_boot_cm4_cm7.o
 .debug_macro   0x0000000000001028       0x6a Common/Src/system_stm32h7xx_dualcore_boot_cm4_cm7.o
 .debug_macro   0x0000000000001092      0x1df Common/Src/system_stm32h7xx_dualcore_boot_cm4_cm7.o
 .debug_macro   0x0000000000001271       0x1c Common/Src/system_stm32h7xx_dualcore_boot_cm4_cm7.o
 .debug_macro   0x000000000000128d       0x22 Common/Src/system_stm32h7xx_dualcore_boot_cm4_cm7.o
 .debug_macro   0x00000000000012af      0x101 Common/Src/system_stm32h7xx_dualcore_boot_cm4_cm7.o
 .debug_macro   0x00000000000013b0     0x1305 Common/Src/system_stm32h7xx_dualcore_boot_cm4_cm7.o
 .debug_macro   0x00000000000026b5      0x11f Common/Src/system_stm32h7xx_dualcore_boot_cm4_cm7.o
 .debug_macro   0x00000000000027d4       0x27 Common/Src/system_stm32h7xx_dualcore_boot_cm4_cm7.o
 .debug_macro   0x00000000000027fb    0x26ec8 Common/Src/system_stm32h7xx_dualcore_boot_cm4_cm7.o
 .debug_macro   0x00000000000296c3       0x43 Common/Src/system_stm32h7xx_dualcore_boot_cm4_cm7.o
 .debug_macro   0x0000000000029706      0x244 Common/Src/system_stm32h7xx_dualcore_boot_cm4_cm7.o
 .debug_macro   0x000000000002994a     0x3cd3 Common/Src/system_stm32h7xx_dualcore_boot_cm4_cm7.o
 .debug_macro   0x000000000002d61d      0x174 Common/Src/system_stm32h7xx_dualcore_boot_cm4_cm7.o
 .debug_macro   0x000000000002d791       0x52 Common/Src/system_stm32h7xx_dualcore_boot_cm4_cm7.o
 .debug_macro   0x000000000002d7e3       0x17 Common/Src/system_stm32h7xx_dualcore_boot_cm4_cm7.o
 .debug_macro   0x000000000002d7fa       0x3c Common/Src/system_stm32h7xx_dualcore_boot_cm4_cm7.o
 .debug_macro   0x000000000002d836       0x34 Common/Src/system_stm32h7xx_dualcore_boot_cm4_cm7.o
 .debug_macro   0x000000000002d86a       0x16 Common/Src/system_stm32h7xx_dualcore_boot_cm4_cm7.o
 .debug_macro   0x000000000002d880       0x43 Common/Src/system_stm32h7xx_dualcore_boot_cm4_cm7.o
 .debug_macro   0x000000000002d8c3       0x34 Common/Src/system_stm32h7xx_dualcore_boot_cm4_cm7.o
 .debug_macro   0x000000000002d8f7       0x10 Common/Src/system_stm32h7xx_dualcore_boot_cm4_cm7.o
 .debug_macro   0x000000000002d907       0x58 Common/Src/system_stm32h7xx_dualcore_boot_cm4_cm7.o
 .debug_macro   0x000000000002d95f       0x71 Common/Src/system_stm32h7xx_dualcore_boot_cm4_cm7.o
 .debug_macro   0x000000000002d9d0       0x1c Common/Src/system_stm32h7xx_dualcore_boot_cm4_cm7.o
 .debug_macro   0x000000000002d9ec      0x12a Common/Src/system_stm32h7xx_dualcore_boot_cm4_cm7.o
 .debug_macro   0x000000000002db16      0x333 Common/Src/system_stm32h7xx_dualcore_boot_cm4_cm7.o
 .debug_macro   0x000000000002de49      0x1a9 Common/Src/system_stm32h7xx_dualcore_boot_cm4_cm7.o
 .debug_macro   0x000000000002dff2       0x5d Common/Src/system_stm32h7xx_dualcore_boot_cm4_cm7.o
 .debug_macro   0x000000000002e04f     0x3b99 Common/Src/system_stm32h7xx_dualcore_boot_cm4_cm7.o
 .debug_macro   0x0000000000031be8     0x1048 Common/Src/system_stm32h7xx_dualcore_boot_cm4_cm7.o
 .debug_macro   0x0000000000032c30      0x14d Common/Src/system_stm32h7xx_dualcore_boot_cm4_cm7.o
 .debug_macro   0x0000000000032d7d      0x133 Common/Src/system_stm32h7xx_dualcore_boot_cm4_cm7.o
 .debug_macro   0x0000000000032eb0      0x3be Common/Src/system_stm32h7xx_dualcore_boot_cm4_cm7.o
 .debug_macro   0x000000000003326e       0x27 Common/Src/system_stm32h7xx_dualcore_boot_cm4_cm7.o
 .debug_macro   0x0000000000033295      0x72d Common/Src/system_stm32h7xx_dualcore_boot_cm4_cm7.o
 .debug_macro   0x00000000000339c2      0x229 Common/Src/system_stm32h7xx_dualcore_boot_cm4_cm7.o
 .debug_macro   0x0000000000033beb       0x66 Common/Src/system_stm32h7xx_dualcore_boot_cm4_cm7.o
 .debug_macro   0x0000000000033c51      0x3bb Common/Src/system_stm32h7xx_dualcore_boot_cm4_cm7.o
 .debug_macro   0x000000000003400c      0x408 Common/Src/system_stm32h7xx_dualcore_boot_cm4_cm7.o
 .debug_macro   0x0000000000034414      0x27c Common/Src/system_stm32h7xx_dualcore_boot_cm4_cm7.o
 .debug_macro   0x0000000000034690       0xd5 Common/Src/system_stm32h7xx_dualcore_boot_cm4_cm7.o
 .debug_macro   0x0000000000034765       0x4c Common/Src/system_stm32h7xx_dualcore_boot_cm4_cm7.o
 .debug_macro   0x00000000000347b1      0x3cb Common/Src/system_stm32h7xx_dualcore_boot_cm4_cm7.o
 .debug_macro   0x0000000000034b7c      0x4a2 Common/Src/system_stm32h7xx_dualcore_boot_cm4_cm7.o
 .debug_macro   0x000000000003501e       0x51 Common/Src/system_stm32h7xx_dualcore_boot_cm4_cm7.o
 .debug_macro   0x000000000003506f       0x4a Common/Src/system_stm32h7xx_dualcore_boot_cm4_cm7.o
 .debug_macro   0x00000000000350b9      0x22c Common/Src/system_stm32h7xx_dualcore_boot_cm4_cm7.o
 .debug_macro   0x00000000000352e5       0x67 Common/Src/system_stm32h7xx_dualcore_boot_cm4_cm7.o
 .debug_macro   0x000000000003534c       0xa5 Common/Src/system_stm32h7xx_dualcore_boot_cm4_cm7.o
 .debug_macro   0x00000000000353f1      0x219 Common/Src/system_stm32h7xx_dualcore_boot_cm4_cm7.o
 .debug_macro   0x000000000003560a      0x2eb Common/Src/system_stm32h7xx_dualcore_boot_cm4_cm7.o
 .debug_macro   0x00000000000358f5       0x35 Common/Src/system_stm32h7xx_dualcore_boot_cm4_cm7.o
 .debug_macro   0x000000000003592a      0x3bb Common/Src/system_stm32h7xx_dualcore_boot_cm4_cm7.o
 .debug_macro   0x0000000000035ce5       0x10 Common/Src/system_stm32h7xx_dualcore_boot_cm4_cm7.o
 .debug_macro   0x0000000000035cf5       0xe4 Common/Src/system_stm32h7xx_dualcore_boot_cm4_cm7.o
 .debug_macro   0x0000000000035dd9      0xad7 Common/Src/system_stm32h7xx_dualcore_boot_cm4_cm7.o
 .debug_macro   0x00000000000368b0      0x2a0 Common/Src/system_stm32h7xx_dualcore_boot_cm4_cm7.o
 .debug_macro   0x0000000000036b50      0x67e Common/Src/system_stm32h7xx_dualcore_boot_cm4_cm7.o
 .debug_macro   0x00000000000371ce       0xa6 Common/Src/system_stm32h7xx_dualcore_boot_cm4_cm7.o
 .debug_macro   0x0000000000037274      0x798 Common/Src/system_stm32h7xx_dualcore_boot_cm4_cm7.o
 .debug_macro   0x0000000000037a0c      0x2d2 Common/common_drivers/Src/dsp.o
 .debug_macro   0x0000000000037cde       0x10 Common/common_drivers/Src/dsp.o
 .debug_macro   0x0000000000037cee       0x35 Common/common_drivers/Src/dsp.o
 .debug_macro   0x0000000000037d23       0x20 Common/common_drivers/Src/dsp.o
 .debug_macro   0x0000000000037d43      0x201 Common/common_drivers/Src/dsp.o
 .debug_macro   0x0000000000037f44       0x7c Common/common_drivers/Src/dsp.o
 .debug_macro   0x0000000000037fc0       0x17 Common/common_drivers/Src/dsp.o
 .debug_macro   0x0000000000037fd7      0x118 Common/common_drivers/Src/dsp.o
 .debug_macro   0x00000000000380ef       0xb9 Common/common_drivers/Src/dsp.o
 .debug_macro   0x00000000000381a8       0x28 Common/common_drivers/Src/dsp.o
 .debug_macro   0x00000000000381d0       0x35 Common/common_drivers/Src/dsp.o
 .debug_macro   0x0000000000038205       0x1c Common/common_drivers/Src/dsp.o
 .debug_macro   0x0000000000038221       0x22 Common/common_drivers/Src/dsp.o
 .debug_macro   0x0000000000038243       0x16 Common/common_drivers/Src/dsp.o
 .debug_macro   0x0000000000038259       0x10 Common/common_drivers/Src/dsp.o
 .debug_macro   0x0000000000038269       0x1c Common/common_drivers/Src/dsp.o
 .debug_macro   0x0000000000038285      0x48d Common/common_drivers/Src/pdm_to_pcm.o
 .debug_macro   0x0000000000038712       0x16 Common/common_drivers/Src/pdm_to_pcm.o
 .debug_macro   0x0000000000038728       0x22 Common/common_drivers/Src/pdm_to_pcm.o
 .debug_macro   0x000000000003874a       0x82 Common/common_drivers/Src/pdm_to_pcm.o
 .debug_macro   0x00000000000387cc       0x28 Common/common_drivers/Src/pdm_to_pcm.o
 .debug_macro   0x00000000000387f4      0x49c Core/Src/main.o
 .debug_macro   0x0000000000038c90       0x22 Core/Src/main.o
 .debug_macro   0x0000000000038cb2      0x48d Core/Src/stm32h7xx_hal_msp.o
 .debug_macro   0x000000000003913f      0x497 Core/Src/stm32h7xx_it.o
 .debug_macro   0x00000000000395d6      0x2ff Drivers/STM32H7xx_HAL_Driver/stm32h7xx_hal.o
 .debug_macro   0x00000000000398d5      0x2d5 Drivers/STM32H7xx_HAL_Driver/stm32h7xx_hal_cortex.o
 .debug_macro   0x0000000000039baa      0x2d5 Drivers/STM32H7xx_HAL_Driver/stm32h7xx_hal_crc.o
 .debug_macro   0x0000000000039e7f      0x2d5 Drivers/STM32H7xx_HAL_Driver/stm32h7xx_hal_crc_ex.o
 .debug_macro   0x000000000003a154      0x329 Drivers/STM32H7xx_HAL_Driver/stm32h7xx_hal_dma.o
 .debug_macro   0x000000000003a47d      0x31f Drivers/STM32H7xx_HAL_Driver/stm32h7xx_hal_gpio.o
 .debug_macro   0x000000000003a79c      0x2e7 Drivers/STM32H7xx_HAL_Driver/stm32h7xx_hal_hsem.o
 .debug_macro   0x000000000003aa83      0x30e Drivers/STM32H7xx_HAL_Driver/stm32h7xx_hal_pwr_ex.o
 .debug_macro   0x000000000003ad91      0x2f9 Drivers/STM32H7xx_HAL_Driver/stm32h7xx_hal_rcc.o
 .debug_macro   0x000000000003b08a      0x2f3 Drivers/STM32H7xx_HAL_Driver/stm32h7xx_hal_rcc_ex.o
 .debug_macro   0x000000000003b37d      0x2e4 Drivers/STM32H7xx_HAL_Driver/stm32h7xx_hal_sai.o
 .debug_macro   0x000000000003b661      0x2d6 Drivers/STM32H7xx_HAL_Driver/stm32h7xx_hal_tim.o
 .debug_macro   0x000000000003b937      0x2d5 Drivers/STM32H7xx_HAL_Driver/stm32h7xx_hal_tim_ex.o
 .debug_macro   0x000000000003bc0c      0x300 Drivers/STM32H7xx_HAL_Driver/stm32h7xx_hal_uart.o
 .debug_macro   0x000000000003bf0c      0x2e1 Drivers/STM32H7xx_HAL_Driver/stm32h7xx_hal_uart_ex.o
 .debug_macro   0x000000000003c1ed      0x3b8 Middlewares/CMSIS/CMSIS/DSP/Source/FilteringFunctions.o
 .debug_macro   0x000000000003c5a5       0x28 Middlewares/CMSIS/CMSIS/DSP/Source/FilteringFunctions.o
 .debug_macro   0x000000000003c5cd      0x29d Middlewares/CMSIS/CMSIS/DSP/Source/MatrixFunctions.o
 .debug_macro   0x000000000003c86a       0x12 Middlewares/CMSIS/CMSIS/DSP/Source/MatrixFunctions.o
 .debug_macro   0x000000000003c87c       0x10 Middlewares/CMSIS/CMSIS/DSP/Source/MatrixFunctions.o
 .debug_macro   0x000000000003c88c      0x33c Middlewares/CMSIS/CMSIS/DSP/Source/SupportFunctions.o
 .debug_macro   0x000000000003cbc8       0x16 Middlewares/CMSIS/CMSIS/DSP/Source/SupportFunctions.o

.debug_line     0x0000000000000000    0x2c96f
 .debug_line    0x0000000000000000      0xae0 Common/Src/system_stm32h7xx_dualcore_boot_cm4_cm7.o
 .debug_line    0x0000000000000ae0      0xb30 Common/common_drivers/Src/dsp.o
 .debug_line    0x0000000000001610      0xeca Common/common_drivers/Src/pdm_to_pcm.o
 .debug_line    0x00000000000024da     0x11da Core/Src/main.o
 .debug_line    0x00000000000036b4      0xeed Core/Src/stm32h7xx_hal_msp.o
 .debug_line    0x00000000000045a1      0xe66 Core/Src/stm32h7xx_it.o
 .debug_line    0x0000000000005407       0x88 Core/Startup/startup_stm32h755zitx.o
 .debug_line    0x000000000000548f     0x101a Drivers/STM32H7xx_HAL_Driver/stm32h7xx_hal.o
 .debug_line    0x00000000000064a9      0xecd Drivers/STM32H7xx_HAL_Driver/stm32h7xx_hal_cortex.o
 .debug_line    0x0000000000007376      0xc4e Drivers/STM32H7xx_HAL_Driver/stm32h7xx_hal_crc.o
 .debug_line    0x0000000000007fc4      0x9c0 Drivers/STM32H7xx_HAL_Driver/stm32h7xx_hal_crc_ex.o
 .debug_line    0x0000000000008984     0x27ff Drivers/STM32H7xx_HAL_Driver/stm32h7xx_hal_dma.o
 .debug_line    0x000000000000b183      0xd86 Drivers/STM32H7xx_HAL_Driver/stm32h7xx_hal_gpio.o
 .debug_line    0x000000000000bf09      0xa7d Drivers/STM32H7xx_HAL_Driver/stm32h7xx_hal_hsem.o
 .debug_line    0x000000000000c986     0x10e8 Drivers/STM32H7xx_HAL_Driver/stm32h7xx_hal_pwr_ex.o
 .debug_line    0x000000000000da6e     0x1407 Drivers/STM32H7xx_HAL_Driver/stm32h7xx_hal_rcc.o
 .debug_line    0x000000000000ee75     0x1bec Drivers/STM32H7xx_HAL_Driver/stm32h7xx_hal_rcc_ex.o
 .debug_line    0x0000000000010a61     0x1f4a Drivers/STM32H7xx_HAL_Driver/stm32h7xx_hal_sai.o
 .debug_line    0x00000000000129ab     0x3e8c Drivers/STM32H7xx_HAL_Driver/stm32h7xx_hal_tim.o
 .debug_line    0x0000000000016837     0x1df6 Drivers/STM32H7xx_HAL_Driver/stm32h7xx_hal_tim_ex.o
 .debug_line    0x000000000001862d     0x24f9 Drivers/STM32H7xx_HAL_Driver/stm32h7xx_hal_uart.o
 .debug_line    0x000000000001ab26      0xea9 Drivers/STM32H7xx_HAL_Driver/stm32h7xx_hal_uart_ex.o
 .debug_line    0x000000000001b9cf     0xbc6c Middlewares/CMSIS/CMSIS/DSP/Source/FilteringFunctions.o