main.c:101:5:main	32	static,ignoring_inline_asm
main.c:209:6:SystemClock_Config	120	static
main.c:268:13:MX_CRC_Init	8	static
main.c:300:13:MX_SAI1_Init	8	static
main.c:351:13:MX_TIM1_Init	40	static
main.c:399:13:MX_USART3_UART_Init	8	static
main.c:445:13:MX_DMA_Init	16	static
main.c:466:13:MX_GPIO_Init	24	static
main.c:478:6:HAL_SAI_RxHalfCpltCallback	16	static
main.c:482:6:HAL_SAI_RxCpltCallback	16	static
main.c:492:6:HAL_TIM_PeriodElapsedCallback	16	static
main.c:506:6:Error_Handler	4	static,ignoring_inline_asm
