main.c:105:5:main	40	static,ignoring_inline_asm
main.c:239:6:SystemClock_Config	120	static
main.c:298:13:MX_CRC_Init	8	static
main.c:330:13:MX_SAI1_Init	8	static
main.c:381:13:MX_TIM1_Init	40	static
main.c:429:13:MX_USART3_UART_Init	8	static
main.c:475:13:MX_DMA_Init	16	static
main.c:496:13:MX_GPIO_Init	24	static
main.c:508:13:Transpose_Clean	32	static,ignoring_inline_asm
main.c:513:6:HAL_SAI_RxHalfCpltCallback	16	static
main.c:517:6:HAL_SAI_RxCpltCallback	16	static
main.c:521:6:HAL_TIM_PeriodElapsedCallback	16	static
main.c:535:6:Error_Handler	4	static,ignoring_inline_asm
