17:11:58 **** Incremental Build of configuration Debug for project microphone_CM7 ****
make -j8 all 
arm-none-eabi-gcc "../PDM2PCM/App/pdm2pcm.c" -mcpu=cortex-m7 -std=gnu11 -g3 -DDEBUG -DCORE_CM7 -DUSE_HAL_DRIVER -DSTM32H755xx '-D__FPU_PRESENT=1' '-DARM_MATH_CM7=1' -c -I../Core/Inc -I../../Drivers/STM32H7xx_HAL_Driver/Inc -I../../Drivers/STM32H7xx_HAL_Driver/Inc/Legacy -I../../Drivers/CMSIS/Device/ST/STM32H7xx/Include -I../../Drivers/CMSIS/Include -I"C:/Users/frank/OneDrive/Documents/seniorDesign/senior_project/microphone/Common/common_drivers/Inc" -I../PDM2PCM/App -I../../Middlewares/ST/STM32_Audio/Addons/PDM/Inc -I../../Middlewares/ST/ARM/DSP/Inc -I../../Middlewares/Third_Party/ARM_CMSIS/CMSIS/Core/Include/ -I../../Middlewares/Third_Party/ARM_CMSIS/CMSIS/Core_A/Include/ -I../../Middlewares/Third_Party/ARM_CMSIS/CMSIS/DSP/PrivateInclude/ -I../../Middlewares/Third_Party/ARM_CMSIS/CMSIS/DSP/Include/ -I../../Middlewares/Third_Party/ARM_CMSIS/CMSIS/DSP/Include -O0 -ffunction-sections -fdata-sections -Wall -fstack-usage -MMD -MP -MF"PDM2PCM/App/pdm2pcm.d" -MT"PDM2PCM/App/pdm2pcm.o" --specs=nano.specs -mfpu=fpv5-d16 -mfloat-abi=hard -mthumb -o "PDM2PCM/App/pdm2pcm.o"
arm-none-eabi-gcc "../Core/Src/main.c" -mcpu=cortex-m7 -std=gnu11 -g3 -DDEBUG -DCORE_CM7 -DUSE_HAL_DRIVER -DSTM32H755xx '-D__FPU_PRESENT=1' '-DARM_MATH_CM7=1' -c -I../Core/Inc -I../../Drivers/STM32H7xx_HAL_Driver/Inc -I../../Drivers/STM32H7xx_HAL_Driver/Inc/Legacy -I../../Drivers/CMSIS/Device/ST/STM32H7xx/Include -I../../Drivers/CMSIS/Include -I"C:/Users/frank/OneDrive/Documents/seniorDesign/senior_project/microphone/Common/common_drivers/Inc" -I../PDM2PCM/App -I../../Middlewares/ST/STM32_Audio/Addons/PDM/Inc -I../../Middlewares/ST/ARM/DSP/Inc -I../../Middlewares/Third_Party/ARM_CMSIS/CMSIS/Core/Include/ -I../../Middlewares/Third_Party/ARM_CMSIS/CMSIS/Core_A/Include/ -I../../Middlewares/Third_Party/ARM_CMSIS/CMSIS/DSP/PrivateInclude/ -I../../Middlewares/Third_Party/ARM_CMSIS/CMSIS/DSP/Include/ -I../../Middlewares/Third_Party/ARM_CMSIS/CMSIS/DSP/Include -O0 -ffunction-sections -fdata-sections -Wall -fstack-usage -MMD -MP -MF"Core/Src/main.d" -MT"Core/Src/main.o" --specs=nano.specs -mfpu=fpv5-d16 -mfloat-abi=hard -mthumb -o "Core/Src/main.o"
arm-none-eabi-gcc "../Core/Src/stm32h7xx_hal_msp.c" -mcpu=cortex-m7 -std=gnu11 -g3 -DDEBUG -DCORE_CM7 -DUSE_HAL_DRIVER -DSTM32H755xx '-D__FPU_PRESENT=1' '-DARM_MATH_CM7=1' -c -I../Core/Inc -I../../Drivers/STM32H7xx_HAL_Driver/Inc -I../../Drivers/STM32H7xx_HAL_Driver/Inc/Legacy -I../../Drivers/CMSIS/Device/ST/STM32H7xx/Include -I../../Drivers/CMSIS/Include -I"C:/Users/frank/OneDrive/Documents/seniorDesign/senior_project/microphone/Common/common_drivers/Inc" -I../PDM2PCM/App -I../../Middlewares/ST/STM32_Audio/Addons/PDM/Inc -I../../Middlewares/ST/ARM/DSP/Inc -I../../Middlewares/Third_Party/ARM_CMSIS/CMSIS/Core/Include/ -I../../Middlewares/Third_Party/ARM_CMSIS/CMSIS/Core_A/Include/ -I../../Middlewares/Third_Party/ARM_CMSIS/CMSIS/DSP/PrivateInclude/ -I../../Middlewares/Third_Party/ARM_CMSIS/CMSIS/DSP/Include/ -I../../Middlewares/Third_Party/ARM_CMSIS/CMSIS/DSP/Include -O0 -ffunction-sections -fdata-sections -Wall -fstack-usage -MMD -MP -MF"Core/Src/stm32h7xx_hal_msp.d" -MT"Core/Src/stm32h7xx_hal_msp.o" --specs=nano.specs -mfpu=fpv5-d16 -mfloat-abi=hard -mthumb -o "Core/Src/stm32h7xx_hal_msp.o"
arm-none-eabi-gcc "../Core/Src/stm32h7xx_it.c" -mcpu=cortex-m7 -std=gnu11 -g3 -DDEBUG -DCORE_CM7 -DUSE_HAL_DRIVER -DSTM32H755xx '-D__FPU_PRESENT=1' '-DARM_MATH_CM7=1' -c -I../Core/Inc -I../../Drivers/STM32H7xx_HAL_Driver/Inc -I../../Drivers/STM32H7xx_HAL_Driver/Inc/Legacy -I../../Drivers/CMSIS/Device/ST/STM32H7xx/Include -I../../Drivers/CMSIS/Include -I"C:/Users/frank/OneDrive/Documents/seniorDesign/senior_project/microphone/Common/common_drivers/Inc" -I../PDM2PCM/App -I../../Middlewares/ST/STM32_Audio/Addons/PDM/Inc -I../../Middlewares/ST/ARM/DSP/Inc -I../../Middlewares/Third_Party/ARM_CMSIS/CMSIS/Core/Include/ -I../../Middlewares/Third_Party/ARM_CMSIS/CMSIS/Core_A/Include/ -I../../Middlewares/Third_Party/ARM_CMSIS/CMSIS/DSP/PrivateInclude/ -I../../Middlewares/Third_Party/ARM_CMSIS/CMSIS/DSP/Include/ -I../../Middlewares/Third_Party/ARM_CMSIS/CMSIS/DSP/Include -O0 -ffunction-sections -fdata-sections -Wall -fstack-usage -MMD -MP -MF"Core/Src/stm32h7xx_it.d" -MT"Core/Src/stm32h7xx_it.o" --specs=nano.specs -mfpu=fpv5-d16 -mfloat-abi=hard -mthumb -o "Core/Src/stm32h7xx_it.o"
arm-none-eabi-gcc "C:/Users/frank/OneDrive/Documents/seniorDesign/senior_project/microphone/Common/common_drivers/Src/pdm_to_pcm.c" -mcpu=cortex-m7 -std=gnu11 -g3 -DDEBUG -DCORE_CM7 -DUSE_HAL_DRIVER -DSTM32H755xx '-D__FPU_PRESENT=1' '-DARM_MATH_CM7=1' -c -I../Core/Inc -I../../Drivers/STM32H7xx_HAL_Driver/Inc -I../../Drivers/STM32H7xx_HAL_Driver/Inc/Legacy -I../../Drivers/CMSIS/Device/ST/STM32H7xx/Include -I../../Drivers/CMSIS/Include -I"C:/Users/frank/OneDrive/Documents/seniorDesign/senior_project/microphone/Common/common_drivers/Inc" -I../PDM2PCM/App -I../../Middlewares/ST/STM32_Audio/Addons/PDM/Inc -I../../Middlewares/ST/ARM/DSP/Inc -I../../Middlewares/Third_Party/ARM_CMSIS/CMSIS/Core/Include/ -I../../Middlewares/Third_Party/ARM_CMSIS/CMSIS/Core_A/Include/ -I../../Middlewares/Third_Party/ARM_CMSIS/CMSIS/DSP/PrivateInclude/ -I../../Middlewares/Third_Party/ARM_CMSIS/CMSIS/DSP/Include/ -I../../Middlewares/Third_Party/ARM_CMSIS/CMSIS/DSP/Include -O0 -ffunction-sections -fdata-sections -Wall -fstack-usage -MMD -MP -MF"Common/common_drivers/Src/pdm_to_pcm.d" -MT"Common/common_drivers/Src/pdm_to_pcm.o" --specs=nano.specs -mfpu=fpv5-d16 -mfloat-abi=hard -mthumb -o "Common/common_drivers/Src/pdm_to_pcm.o"
arm-none-eabi-gcc -o "microphone_CM7.elf" @"objects.list"  -l:libPDMFilter_CM7_GCC_wc32.a -mcpu=cortex-m7 -T"C:\Users\frank\OneDrive\Documents\seniorDesign\senior_project\microphone\CM7\STM32H755ZITX_FLASH.ld" --specs=nosys.specs -Wl,-Map="microphone_CM7.map" -Wl,--gc-sections -static -Wl,--start-group -l:libPDMFilter_CM7_GCC_wc32.a -Wl,--end-group -L../../Middlewares/ST/STM32_Audio/Addons/PDM/Lib --specs=nano.specs -mfpu=fpv5-d16 -mfloat-abi=hard -mthumb -Wl,--start-group -lc -lm -Wl,--end-group
Finished building target: microphone_CM7.elf
 
arm-none-eabi-objdump -h -S  microphone_CM7.elf  > "microphone_CM7.list"
arm-none-eabi-objcopy  -O binary  microphone_CM7.elf  "microphone_CM7.bin"
arm-none-eabi-size   microphone_CM7.elf 
   text	   data	    bss	    dec	    hex	filename
  53504	   1148	   4764	  59416	   e818	microphone_CM7.elf
Finished building: default.size.stdout
 
Finished building: microphone_CM7.bin
 
Finished building: microphone_CM7.list
 

17:12:01 Build Finished. 0 errors, 0 warnings. (took 3s.400ms)

